smartctl_device_attribute{attribute_flags_long="error_rate",attribute_flags_short="---R--",attribute_id="200",attribute_name="Multi_Zone_Error_Rate",attribute_value_type="raw",device="sdb"} 4
smartctl_device_attribute{attribute_flags_long="error_rate",attribute_flags_short="---R--",attribute_id="200",attribute_name="Multi_Zone_Error_Rate",attribute_value_type="thresh",device="sdb"} 0
smartctl_device_attribute{attribute_flags_long="error_rate",attribute_flags_short="---R--",attribute_id="200",attribute_name="Multi_Zone_Error_Rate",attribute_value_type="value",device="sdb"} 200
smartctl_device_attribute{attribute_flags_long="error_rate",attribute_flags_short="---R--",attribute_id="200",attribute_name="Multi_Zone_Error_Rate",attribute_value_type="worst",device="sdb"} 200
smartctl_device_attribute{attribute_flags_long="event_count,auto_keep",attribute_flags_short="----CK",attribute_id="198",attribute_name="Offline_Uncorrectable",attribute_value_type="raw",device="sdb"} 0
smartctl_device_attribute{attribute_flags_long="event_count,auto_keep",attribute_flags_short="----CK",attribute_id="198",attribute_name="Offline_Uncorrectable",attribute_value_type="thresh",device="sdb"} 0
smartctl_device_attribute{attribute_flags_long="event_count,auto_keep",attribute_flags_short="----CK",attribute_id="198",attribute_name="Offline_Uncorrectable",attribute_value_type="value",device="sdb"} 200
smartctl_device_attribute{attribute_flags_long="event_count,auto_keep",attribute_flags_short="----CK",attribute_id="198",attribute_name="Offline_Uncorrectable",attribute_value_type="worst",device="sdb"} 200
smartctl_device_attribute{attribute_flags_long="prefailure,updated_online,event_count,auto_keep",attribute_flags_short="PO--CK",attribute_id="10",attribute_name="Spin_Retry_Count",attribute_value_type="raw",device="sdb"} 0
smartctl_device_attribute{attribute_flags_long="prefailure,updated_online,event_count,auto_keep",attribute_flags_short="PO--CK",attribute_id="10",attribute_name="Spin_Retry_Count",attribute_value_type="thresh",device="sdb"} 51
smartctl_device_attribute{attribute_flags_long="prefailure,updated_online,event_count,auto_keep",attribute_flags_short="PO--CK",attribute_id="10",attribute_name="Spin_Retry_Count",attribute_value_type="value",device="sdb"} 100
smartctl_device_attribute{attribute_flags_long="prefailure,updated_online,event_count,auto_keep",attribute_flags_short="PO--CK",attribute_id="10",attribute_name="Spin_Retry_Count",attribute_value_type="worst",device="sdb"} 253
smartctl_device_attribute{attribute_flags_long="prefailure,updated_online,event_count,auto_keep",attribute_flags_short="PO--CK",attribute_id="11",attribute_name="Calibration_Retry_Count",attribute_value_type="raw",device="sdb"} 0
smartctl_device_attribute{attribute_flags_long="prefailure,updated_online,event_count,auto_keep",attribute_flags_short="PO--CK",attribute_id="11",attribute_name="Calibration_Retry_Count",attribute_value_type="thresh",device="sdb"} 51
smartctl_device_attribute{attribute_flags_long="prefailure,updated_online,event_count,auto_keep",attribute_flags_short="PO--CK",attribute_id="11",attribute_name="Calibration_Retry_Count",attribute_value_type="value",device="sdb"} 100
smartctl_device_attribute{attribute_flags_long="prefailure,updated_online,event_count,auto_keep",attribute_flags_short="PO--CK",attribute_id="11",attribute_name="Calibration_Retry_Count",attribute_value_type="worst",device="sdb"} 253
smartctl_device_attribute{attribute_flags_long="prefailure,updated_online,event_count,auto_keep",attribute_flags_short="PO--CK",attribute_id="184",attribute_name="End-to-End_Error",attribute_value_type="raw",device="sdb"} 0
smartctl_device_attribute{attribute_flags_long="prefailure,updated_online,event_count,auto_keep",attribute_flags_short="PO--CK",attribute_id="184",attribute_name="End-to-End_Error",attribute_value_type="thresh",device="sdb"} 97
smartctl_device_attribute{attribute_flags_long="prefailure,updated_online,event_count,auto_keep",attribute_flags_short="PO--CK",attribute_id="184",attribute_name="End-to-End_Error",attribute_value_type="value",device="sdb"} 100
smartctl_device_attribute{attribute_flags_long="prefailure,updated_online,event_count,auto_keep",attribute_flags_short="PO--CK",attribute_id="184",attribute_name="End-to-End_Error",attribute_value_type="worst",device="sdb"} 100
smartctl_device_attribute{attribute_flags_long="prefailure,updated_online,event_count,auto_keep",attribute_flags_short="PO--CK",attribute_id="5",attribute_name="Reallocated_Sector_Ct",attribute_value_type="raw",device="sdb"} 0
smartctl_device_attribute{attribute_flags_long="prefailure,updated_online,event_count,auto_keep",attribute_flags_short="PO--CK",attribute_id="5",attribute_name="Reallocated_Sector_Ct",attribute_value_type="thresh",device="sdb"} 140
smartctl_device_attribute{attribute_flags_long="prefailure,updated_online,event_count,auto_keep",attribute_flags_short="PO--CK",attribute_id="5",attribute_name="Reallocated_Sector_Ct",attribute_value_type="value",device="sdb"} 200
smartctl_device_attribute{attribute_flags_long="prefailure,updated_online,event_count,auto_keep",attribute_flags_short="PO--CK",attribute_id="5",attribute_name="Reallocated_Sector_Ct",attribute_value_type="worst",device="sdb"} 200
smartctl_device_attribute{attribute_flags_long="prefailure,updated_online,performance,auto_keep",attribute_flags_short="POS--K",attribute_id="3",attribute_name="Spin_Up_Time",attribute_value_type="raw",device="sdb"} 2283
smartctl_device_attribute{attribute_flags_long="prefailure,updated_online,performance,auto_keep",attribute_flags_short="POS--K",attribute_id="3",attribute_name="Spin_Up_Time",attribute_value_type="thresh",device="sdb"} 21
smartctl_device_attribute{attribute_flags_long="prefailure,updated_online,performance,auto_keep",attribute_flags_short="POS--K",attribute_id="3",attribute_name="Spin_Up_Time",attribute_value_type="value",device="sdb"} 174
smartctl_device_attribute{attribute_flags_long="prefailure,updated_online,performance,auto_keep",attribute_flags_short="POS--K",attribute_id="3",attribute_name="Spin_Up_Time",attribute_value_type="worst",device="sdb"} 174
smartctl_device_attribute{attribute_flags_long="prefailure,updated_online,performance,error_rate,auto_keep",attribute_flags_short="POSR-K",attribute_id="1",attribute_name="Raw_Read_Error_Rate",attribute_value_type="raw",device="sdb"} 341
smartctl_device_attribute{attribute_flags_long="prefailure,updated_online,performance,error_rate,auto_keep",attribute_flags_short="POSR-K",attribute_id="1",attribute_name="Raw_Read_Error_Rate",attribute_value_type="thresh",device="sdb"} 51
smartctl_device_attribute{attribute_flags_long="prefailure,updated_online,performance,error_rate,auto_keep",attribute_flags_short="POSR-K",attribute_id="1",attribute_name="Raw_Read_Error_Rate",attribute_value_type="value",device="sdb"} 200
smartctl_device_attribute{attribute_flags_long="prefailure,updated_online,performance,error_rate,auto_keep",attribute_flags_short="POSR-K",attribute_id="1",attribute_name="Raw_Read_Error_Rate",attribute_value_type="worst",device="sdb"} 200
smartctl_device_attribute{attribute_flags_long="prefailure,updated_online,performance,error_rate,auto_keep",attribute_flags_short="POSR-K",attribute_id="180",attribute_name="Unknown_HDD_Attribute",attribute_value_type="raw",device="sdb"} 0
smartctl_device_attribute{attribute_flags_long="prefailure,updated_online,performance,error_rate,auto_keep",attribute_flags_short="POSR-K",attribute_id="180",attribute_name="Unknown_HDD_Attribute",attribute_value_type="thresh",device="sdb"} 100
smartctl_device_attribute{attribute_flags_long="prefailure,updated_online,performance,error_rate,auto_keep",attribute_flags_short="POSR-K",attribute_id="180",attribute_name="Unknown_HDD_Attribute",attribute_value_type="value",device="sdb"} 200
smartctl_device_attribute{attribute_flags_long="prefailure,updated_online,performance,error_rate,auto_keep",attribute_flags_short="POSR-K",attribute_id="180",attribute_name="Unknown_HDD_Attribute",attribute_value_type="worst",device="sdb"} 200
smartctl_device_attribute{attribute_flags_long="prefailure,updated_online,performance,error_rate,auto_keep",attribute_flags_short="POSR-K",attribute_id="7",attribute_name="Seek_Error_Rate",attribute_value_type="raw",device="sdb"} 0
smartctl_device_attribute{attribute_flags_long="prefailure,updated_online,performance,error_rate,auto_keep",attribute_flags_short="POSR-K",attribute_id="7",attribute_name="Seek_Error_Rate",attribute_value_type="thresh",device="sdb"} 51
smartctl_device_attribute{attribute_flags_long="prefailure,updated_online,performance,error_rate,auto_keep",attribute_flags_short="POSR-K",attribute_id="7",attribute_name="Seek_Error_Rate",attribute_value_type="value",device="sdb"} 200
smartctl_device_attribute{attribute_flags_long="prefailure,updated_online,performance,error_rate,auto_keep",attribute_flags_short="POSR-K",attribute_id="7",attribute_name="Seek_Error_Rate",attribute_value_type="worst",device="sdb"} 200
smartctl_device_attribute{attribute_flags_long="updated_online,auto_keep",attribute_flags_short="-O---K",attribute_id="190",attribute_name="Airflow_Temperature_Cel",attribute_value_type="raw",device="sdb"} 26
smartctl_device_attribute{attribute_flags_long="updated_online,auto_keep",attribute_flags_short="-O---K",attribute_id="190",attribute_name="Airflow_Temperature_Cel",attribute_value_type="thresh",device="sdb"} 45
smartctl_device_attribute{attribute_flags_long="updated_online,auto_keep",attribute_flags_short="-O---K",attribute_id="190",attribute_name="Airflow_Temperature_Cel",attribute_value_type="value",device="sdb"} 74
smartctl_device_attribute{attribute_flags_long="updated_online,auto_keep",attribute_flags_short="-O---K",attribute_id="190",attribute_name="Airflow_Temperature_Cel",attribute_value_type="worst",device="sdb"} 59
smartctl_device_attribute{attribute_flags_long="updated_online,auto_keep",attribute_flags_short="-O---K",attribute_id="194",attribute_name="Temperature_Celsius",attribute_value_type="raw",device="sdb"} 26
smartctl_device_attribute{attribute_flags_long="updated_online,auto_keep",attribute_flags_short="-O---K",attribute_id="194",attribute_name="Temperature_Celsius",attribute_value_type="thresh",device="sdb"} 0
smartctl_device_attribute{attribute_flags_long="updated_online,auto_keep",attribute_flags_short="-O---K",attribute_id="194",attribute_name="Temperature_Celsius",attribute_value_type="value",device="sdb"} 117
smartctl_device_attribute{attribute_flags_long="updated_online,auto_keep",attribute_flags_short="-O---K",attribute_id="194",attribute_name="Temperature_Celsius",attribute_value_type="worst",device="sdb"} 102
smartctl_device_attribute{attribute_flags_long="updated_online,event_count,auto_keep",attribute_flags_short="-O--CK",attribute_id="12",attribute_name="Power_Cycle_Count",attribute_value_type="raw",device="sdb"} 48
smartctl_device_attribute{attribute_flags_long="updated_online,event_count,auto_keep",attribute_flags_short="-O--CK",attribute_id="12",attribute_name="Power_Cycle_Count",attribute_value_type="thresh",device="sdb"} 0
smartctl_device_attribute{attribute_flags_long="updated_online,event_count,auto_keep",attribute_flags_short="-O--CK",attribute_id="12",attribute_name="Power_Cycle_Count",attribute_value_type="value",device="sdb"} 100
smartctl_device_attribute{attribute_flags_long="updated_online,event_count,auto_keep",attribute_flags_short="-O--CK",attribute_id="12",attribute_name="Power_Cycle_Count",attribute_value_type="worst",device="sdb"} 100
smartctl_device_attribute{attribute_flags_long="updated_online,event_count,auto_keep",attribute_flags_short="-O--CK",attribute_id="187",attribute_name="Reported_Uncorrect",attribute_value_type="raw",device="sdb"} 1
smartctl_device_attribute{attribute_flags_long="updated_online,event_count,auto_keep",attribute_flags_short="-O--CK",attribute_id="187",attribute_name="Reported_Uncorrect",attribute_value_type="thresh",device="sdb"} 0
smartctl_device_attribute{attribute_flags_long="updated_online,event_count,auto_keep",attribute_flags_short="-O--CK",attribute_id="187",attribute_name="Reported_Uncorrect",attribute_value_type="value",device="sdb"} 100
smartctl_device_attribute{attribute_flags_long="updated_online,event_count,auto_keep",attribute_flags_short="-O--CK",attribute_id="187",attribute_name="Reported_Uncorrect",attribute_value_type="worst",device="sdb"} 99
smartctl_device_attribute{attribute_flags_long="updated_online,event_count,auto_keep",attribute_flags_short="-O--CK",attribute_id="188",attribute_name="Command_Timeout",attribute_value_type="raw",device="sdb"} 0
smartctl_device_attribute{attribute_flags_long="updated_online,event_count,auto_keep",attribute_flags_short="-O--CK",attribute_id="188",attribute_name="Command_Timeout",attribute_value_type="thresh",device="sdb"} 0
smartctl_device_attribute{attribute_flags_long="updated_online,event_count,auto_keep",attribute_flags_short="-O--CK",attribute_id="188",attribute_name="Command_Timeout",attribute_value_type="value",device="sdb"} 100
smartctl_device_attribute{attribute_flags_long="updated_online,event_count,auto_keep",attribute_flags_short="-O--CK",attribute_id="188",attribute_name="Command_Timeout",attribute_value_type="worst",device="sdb"} 100
smartctl_device_attribute{attribute_flags_long="updated_online,event_count,auto_keep",attribute_flags_short="-O--CK",attribute_id="192",attribute_name="Power-Off_Retract_Count",attribute_value_type="raw",device="sdb"} 42
smartctl_device_attribute{attribute_flags_long="updated_online,event_count,auto_keep",attribute_flags_short="-O--CK",attribute_id="192",attribute_name="Power-Off_Retract_Count",attribute_value_type="thresh",device="sdb"} 0
smartctl_device_attribute{attribute_flags_long="updated_online,event_count,auto_keep",attribute_flags_short="-O--CK",attribute_id="192",attribute_name="Power-Off_Retract_Count",attribute_value_type="value",device="sdb"} 200
smartctl_device_attribute{attribute_flags_long="updated_online,event_count,auto_keep",attribute_flags_short="-O--CK",attribute_id="192",attribute_name="Power-Off_Retract_Count",attribute_value_type="worst",device="sdb"} 200
smartctl_device_attribute{attribute_flags_long="updated_online,event_count,auto_keep",attribute_flags_short="-O--CK",attribute_id="193",attribute_name="Load_Cycle_Count",attribute_value_type="raw",device="sdb"} 7
smartctl_device_attribute{attribute_flags_long="updated_online,event_count,auto_keep",attribute_flags_short="-O--CK",attribute_id="193",attribute_name="Load_Cycle_Count",attribute_value_type="thresh",device="sdb"} 0
smartctl_device_attribute{attribute_flags_long="updated_online,event_count,auto_keep",attribute_flags_short="-O--CK",attribute_id="193",attribute_name="Load_Cycle_Count",attribute_value_type="value",device="sdb"} 200
smartctl_device_attribute{attribute_flags_long="updated_online,event_count,auto_keep",attribute_flags_short="-O--CK",attribute_id="193",attribute_name="Load_Cycle_Count",attribute_value_type="worst",device="sdb"} 200
smartctl_device_attribute{attribute_flags_long="updated_online,event_count,auto_keep",attribute_flags_short="-O--CK",attribute_id="196",attribute_name="Reallocated_Event_Count",attribute_value_type="raw",device="sdb"} 0
smartctl_device_attribute{attribute_flags_long="updated_online,event_count,auto_keep",attribute_flags_short="-O--CK",attribute_id="196",attribute_name="Reallocated_Event_Count",attribute_value_type="thresh",device="sdb"} 0
smartctl_device_attribute{attribute_flags_long="updated_online,event_count,auto_keep",attribute_flags_short="-O--CK",attribute_id="196",attribute_name="Reallocated_Event_Count",attribute_value_type="value",device="sdb"} 200
smartctl_device_attribute{attribute_flags_long="updated_online,event_count,auto_keep",attribute_flags_short="-O--CK",attribute_id="196",attribute_name="Reallocated_Event_Count",attribute_value_type="worst",device="sdb"} 200
smartctl_device_attribute{attribute_flags_long="updated_online,event_count,auto_keep",attribute_flags_short="-O--CK",attribute_id="197",attribute_name="Current_Pending_Sector",attribute_value_type="raw",device="sdb"} 0
smartctl_device_attribute{attribute_flags_long="updated_online,event_count,auto_keep",attribute_flags_short="-O--CK",attribute_id="197",attribute_name="Current_Pending_Sector",attribute_value_type="thresh",device="sdb"} 0
smartctl_device_attribute{attribute_flags_long="updated_online,event_count,auto_keep",attribute_flags_short="-O--CK",attribute_id="197",attribute_name="Current_Pending_Sector",attribute_value_type="value",device="sdb"} 200
smartctl_device_attribute{attribute_flags_long="updated_online,event_count,auto_keep",attribute_flags_short="-O--CK",attribute_id="197",attribute_name="Current_Pending_Sector",attribute_value_type="worst",device="sdb"} 200
smartctl_device_attribute{attribute_flags_long="updated_online,event_count,auto_keep",attribute_flags_short="-O--CK",attribute_id="199",attribute_name="UDMA_CRC_Error_Count",attribute_value_type="raw",device="sdb"} 0
smartctl_device_attribute{attribute_flags_long="updated_online,event_count,auto_keep",attribute_flags_short="-O--CK",attribute_id="199",attribute_name="UDMA_CRC_Error_Count",attribute_value_type="thresh",device="sdb"} 0
smartctl_device_attribute{attribute_flags_long="updated_online,event_count,auto_keep",attribute_flags_short="-O--CK",attribute_id="199",attribute_name="UDMA_CRC_Error_Count",attribute_value_type="value",device="sdb"} 200
smartctl_device_attribute{attribute_flags_long="updated_online,event_count,auto_keep",attribute_flags_short="-O--CK",attribute_id="199",attribute_name="UDMA_CRC_Error_Count",attribute_value_type="worst",device="sdb"} 200
smartctl_device_attribute{attribute_flags_long="updated_online,event_count,auto_keep",attribute_flags_short="-O--CK",attribute_id="4",attribute_name="Start_Stop_Count",attribute_value_type="raw",device="sdb"} 50
smartctl_device_attribute{attribute_flags_long="updated_online,event_count,auto_keep",attribute_flags_short="-O--CK",attribute_id="4",attribute_name="Start_Stop_Count",attribute_value_type="thresh",device="sdb"} 0
smartctl_device_attribute{attribute_flags_long="updated_online,event_count,auto_keep",attribute_flags_short="-O--CK",attribute_id="4",attribute_name="Start_Stop_Count",attribute_value_type="value",device="sdb"} 100
smartctl_device_attribute{attribute_flags_long="updated_online,event_count,auto_keep",attribute_flags_short="-O--CK",attribute_id="4",attribute_name="Start_Stop_Count",attribute_value_type="worst",device="sdb"} 100
smartctl_device_attribute{attribute_flags_long="updated_online,event_count,auto_keep",attribute_flags_short="-O--CK",attribute_id="9",attribute_name="Power_On_Hours",attribute_value_type="raw",device="sdb"} 89214
smartctl_device_attribute{attribute_flags_long="updated_online,event_count,auto_keep",attribute_flags_short="-O--CK",attribute_id="9",attribute_name="Power_On_Hours",attribute_value_type="thresh",device="sdb"} 0
smartctl_device_attribute{attribute_flags_long="updated_online,event_count,auto_keep",attribute_flags_short="-O--CK",attribute_id="9",attribute_name="Power_On_Hours",attribute_value_type="value",device="sdb"} 1
smartctl_device_attribute{attribute_flags_long="updated_online,event_count,auto_keep",attribute_flags_short="-O--CK",attribute_id="9",attribute_name="Power_On_Hours",attribute_value_type="worst",device="sdb"} 1
smartctl_device_attribute{attribute_flags_long="updated_online,performance,event_count,auto_keep",attribute_flags_short="-OS-CK",attribute_id="195",attribute_name="Hardware_ECC_Recovered",attribute_value_type="raw",device="sdb"} 0
smartctl_device_attribute{attribute_flags_long="updated_online,performance,event_count,auto_keep",attribute_flags_short="-OS-CK",attribute_id="195",attribute_name="Hardware_ECC_Recovered",attribute_value_type="thresh",device="sdb"} 0
smartctl_device_attribute{attribute_flags_long="updated_online,performance,event_count,auto_keep",attribute_flags_short="-OS-CK",attribute_id="195",attribute_name="Hardware_ECC_Recovered",attribute_value_type="value",device="sdb"} 200
smartctl_device_attribute{attribute_flags_long="updated_online,performance,event_count,auto_keep",attribute_flags_short="-OS-CK",attribute_id="195",attribute_name="Hardware_ECC_Recovered",attribute_value_type="worst",device="sdb"} 200
smartctl_device_block_size{blocks_type="logical",device="sdb"} 512
smartctl_device_block_size{blocks_type="physical",device="sdb"} 512
smartctl_device_capacity_blocks{device="sdb"} 9.76773168e+08
smartctl_device_capacity_bytes{device="sdb"} 5.00107862016e+11
smartctl_device_error_log_count{device="sdb",error_log_type="summary"} 0
smartctl_device_interface_speed{device="sdb",speed_type="max"} 3e+09
smartctl_device_power_cycle_count{device="sdb"} 48
smartctl_device_power_on_seconds{device="sdb"} 3.211704e+08
smartctl_device_rotation_rate{device="sdb"} 7200
smartctl_device_smart_status{device="sdb"} 1
smartctl_device_smartctl_exit_status{device="sdb"} 0
smartctl_device_temperature{device="sdb",temperature_type="current"} 26
smartctl_device{ata_additional_product_id="unknown",ata_version="ATA8-ACS T13/1699-D revision 6",device="sdb",firmware_version="REDACTED",form_factor="3.5 inches",interface="sat",model_family="unknown",model_name="MB0500EBNCR",protocol="ATA",sata_version="SATA 2.6",scsi_product="",scsi_revision="",scsi_vendor="",scsi_version="",serial_number="REDACTED"} 1
