smartctl_device_available_spare_threshold{device="nvme0"} 5
smartctl_device_available_spare{device="nvme0"} 100
smartctl_device_block_size{blocks_type="logical",device="nvme0"} 4096
smartctl_device_block_size{blocks_type="physical",device="nvme0"} 0
smartctl_device_bytes_read{device="nvme0"} 8.34697984e+12
smartctl_device_bytes_written{device="nvme0"} 8.4887142912e+13
smartctl_device_capacity_blocks{device="nvme0"} 7.81404246e+08
smartctl_device_capacity_bytes{device="nvme0"} 3.200631791616e+12
smartctl_device_critical_warning{device="nvme0"} 0
smartctl_device_media_errors{device="nvme0"} 0
smartctl_device_num_err_log_entries{device="nvme0"} 1
smartctl_device_nvme_capacity_bytes{device="nvme0"} 3.200631791616e+12
smartctl_device_percentage_used{device="nvme0"} 0
smartctl_device_power_cycle_count{device="nvme0"} 8
smartctl_device_power_on_seconds{device="nvme0"} 1.3752e+07
smartctl_device_smart_status{device="nvme0"} 1
smartctl_device_smartctl_exit_status{device="nvme0"} 0
smartctl_device_temperature{device="nvme0",temperature_type="current"} 38
smartctl_device{ata_additional_product_id="unknown",ata_version="",device="nvme0",firmware_version="REDACTED",form_factor="",interface="nvme",model_family="unknown",model_name="Micron_7300_MTFDHBE3T2TDG",protocol="NVMe",sata_version="",scsi_product="",scsi_revision="",scsi_vendor="",scsi_version="",serial_number="REDACTED"} 1
