smartctl_device_available_spare_threshold{device="nvme9"} 10
smartctl_device_available_spare{device="nvme9"} 100
smartctl_device_block_size{blocks_type="logical",device="nvme9"} 0
smartctl_device_block_size{blocks_type="physical",device="nvme9"} 0
smartctl_device_bytes_read{device="nvme9"} 3.2092061696e+13
smartctl_device_bytes_written{device="nvme9"} 3.27400764416e+14
smartctl_device_capacity_blocks{device="nvme9"} 0
smartctl_device_capacity_bytes{device="nvme9"} 0
smartctl_device_critical_warning{device="nvme9"} 0
smartctl_device_media_errors{device="nvme9"} 0
smartctl_device_num_err_log_entries{device="nvme9"} 0
smartctl_device_nvme_capacity_bytes{device="nvme9"} 3.840755982336e+12
smartctl_device_percentage_used{device="nvme9"} 3
smartctl_device_power_cycle_count{device="nvme9"} 4
smartctl_device_power_on_seconds{device="nvme9"} 1.57284e+07
smartctl_device_smart_status{device="nvme9"} 1
smartctl_device_smartctl_exit_status{device="nvme9"} 0
smartctl_device_temperature{device="nvme9",temperature_type="current"} 22
smartctl_device{ata_additional_product_id="unknown",ata_version="",device="nvme9",firmware_version="REDACTED",form_factor="",interface="nvme",model_family="unknown",model_name="SAMSUNG MZQL23T8HCLS-00A07",protocol="NVMe",sata_version="",scsi_product="",scsi_revision="",scsi_vendor="",scsi_version="",serial_number="REDACTED"} 1
