smartctl_device_available_spare_threshold{device="nvme2"} 10
smartctl_device_available_spare{device="nvme2"} 100
smartctl_device_block_size{blocks_type="logical",device="nvme2"} 0
smartctl_device_block_size{blocks_type="physical",device="nvme2"} 0
smartctl_device_bytes_read{device="nvme2"} 5.57051367424e+14
smartctl_device_bytes_written{device="nvme2"} 5.81683657216e+14
smartctl_device_capacity_blocks{device="nvme2"} 0
smartctl_device_capacity_bytes{device="nvme2"} 0
smartctl_device_critical_warning{device="nvme2"} 0
smartctl_device_media_errors{device="nvme2"} 0
smartctl_device_num_err_log_entries{device="nvme2"} 40
smartctl_device_nvme_capacity_bytes{device="nvme2"} 1.600321314816e+12
smartctl_device_percentage_used{device="nvme2"} 4
smartctl_device_power_cycle_count{device="nvme2"} 44
smartctl_device_power_on_seconds{device="nvme2"} 4.71888e+07
smartctl_device_smart_status{device="nvme2"} 1
smartctl_device_smartctl_exit_status{device="nvme2"} 0
smartctl_device_temperature{device="nvme2",temperature_type="current"} 35
smartctl_device{ata_additional_product_id="unknown",ata_version="",device="nvme2",firmware_version="REDACTED",form_factor="",interface="nvme",model_family="unknown",model_name="Micron_7400_MTFDKCB1T6TFC",protocol="NVMe",sata_version="",scsi_product="",scsi_revision="",scsi_vendor="",scsi_version="",serial_number="REDACTED"} 1
