smartctl_device_attribute{attribute_flags_long="prefailure,updated_online,event_count,auto_keep",attribute_flags_short="PO--CK",attribute_id="170",attribute_name="Available_Reservd_Space",attribute_value_type="raw",device="sdh"} 0
smartctl_device_attribute{attribute_flags_long="prefailure,updated_online,event_count,auto_keep",attribute_flags_short="PO--CK",attribute_id="170",attribute_name="Available_Reservd_Space",attribute_value_type="thresh",device="sdh"} 10
smartctl_device_attribute{attribute_flags_long="prefailure,updated_online,event_count,auto_keep",attribute_flags_short="PO--CK",attribute_id="170",attribute_name="Available_Reservd_Space",attribute_value_type="value",device="sdh"} 100
smartctl_device_attribute{attribute_flags_long="prefailure,updated_online,event_count,auto_keep",attribute_flags_short="PO--CK",attribute_id="170",attribute_name="Available_Reservd_Space",attribute_value_type="worst",device="sdh"} 100
smartctl_device_attribute{attribute_flags_long="prefailure,updated_online,event_count,auto_keep",attribute_flags_short="PO--CK",attribute_id="175",attribute_name="Power_Loss_Cap_Test",attribute_value_type="raw",device="sdh"} 1.507816651106e+12
smartctl_device_attribute{attribute_flags_long="prefailure,updated_online,event_count,auto_keep",attribute_flags_short="PO--CK",attribute_id="175",attribute_name="Power_Loss_Cap_Test",attribute_value_type="thresh",device="sdh"} 10
smartctl_device_attribute{attribute_flags_long="prefailure,updated_online,event_count,auto_keep",attribute_flags_short="PO--CK",attribute_id="175",attribute_name="Power_Loss_Cap_Test",attribute_value_type="value",device="sdh"} 100
smartctl_device_attribute{attribute_flags_long="prefailure,updated_online,event_count,auto_keep",attribute_flags_short="PO--CK",attribute_id="175",attribute_name="Power_Loss_Cap_Test",attribute_value_type="worst",device="sdh"} 100
smartctl_device_attribute{attribute_flags_long="prefailure,updated_online,event_count,auto_keep",attribute_flags_short="PO--CK",attribute_id="184",attribute_name="End-to-End_Error",attribute_value_type="raw",device="sdh"} 0
smartctl_device_attribute{attribute_flags_long="prefailure,updated_online,event_count,auto_keep",attribute_flags_short="PO--CK",attribute_id="184",attribute_name="End-to-End_Error",attribute_value_type="thresh",device="sdh"} 90
smartctl_device_attribute{attribute_flags_long="prefailure,updated_online,event_count,auto_keep",attribute_flags_short="PO--CK",attribute_id="184",attribute_name="End-to-End_Error",attribute_value_type="value",device="sdh"} 100
smartctl_device_attribute{attribute_flags_long="prefailure,updated_online,event_count,auto_keep",attribute_flags_short="PO--CK",attribute_id="184",attribute_name="End-to-End_Error",attribute_value_type="worst",device="sdh"} 100
smartctl_device_attribute{attribute_flags_long="prefailure,updated_online,event_count,auto_keep",attribute_flags_short="PO--CK",attribute_id="232",attribute_name="Available_Reservd_Space",attribute_value_type="raw",device="sdh"} 0
smartctl_device_attribute{attribute_flags_long="prefailure,updated_online,event_count,auto_keep",attribute_flags_short="PO--CK",attribute_id="232",attribute_name="Available_Reservd_Space",attribute_value_type="thresh",device="sdh"} 10
smartctl_device_attribute{attribute_flags_long="prefailure,updated_online,event_count,auto_keep",attribute_flags_short="PO--CK",attribute_id="232",attribute_name="Available_Reservd_Space",attribute_value_type="value",device="sdh"} 100
smartctl_device_attribute{attribute_flags_long="prefailure,updated_online,event_count,auto_keep",attribute_flags_short="PO--CK",attribute_id="232",attribute_name="Available_Reservd_Space",attribute_value_type="worst",device="sdh"} 100
smartctl_device_attribute{attribute_flags_long="updated_online,auto_keep",attribute_flags_short="-O---K",attribute_id="190",attribute_name="Temperature_Case",attribute_value_type="raw",device="sdh"} 6.7233385e+08
smartctl_device_attribute{attribute_flags_long="updated_online,auto_keep",attribute_flags_short="-O---K",attribute_id="190",attribute_name="Temperature_Case",attribute_value_type="thresh",device="sdh"} 0
smartctl_device_attribute{attribute_flags_long="updated_online,auto_keep",attribute_flags_short="-O---K",attribute_id="190",attribute_name="Temperature_Case",attribute_value_type="value",device="sdh"} 74
smartctl_device_attribute{attribute_flags_long="updated_online,auto_keep",attribute_flags_short="-O---K",attribute_id="190",attribute_name="Temperature_Case",attribute_value_type="worst",device="sdh"} 61
smartctl_device_attribute{attribute_flags_long="updated_online,auto_keep",attribute_flags_short="-O---K",attribute_id="194",attribute_name="Temperature_Internal",attribute_value_type="raw",device="sdh"} 26
smartctl_device_attribute{attribute_flags_long="updated_online,auto_keep",attribute_flags_short="-O---K",attribute_id="194",attribute_name="Temperature_Internal",attribute_value_type="thresh",device="sdh"} 0
smartctl_device_attribute{attribute_flags_long="updated_online,auto_keep",attribute_flags_short="-O---K",attribute_id="194",attribute_name="Temperature_Internal",attribute_value_type="value",device="sdh"} 100
smartctl_device_attribute{attribute_flags_long="updated_online,auto_keep",attribute_flags_short="-O---K",attribute_id="194",attribute_name="Temperature_Internal",attribute_value_type="worst",device="sdh"} 100
smartctl_device_attribute{attribute_flags_long="updated_online,event_count",attribute_flags_short="-O--C-",attribute_id="197",attribute_name="Current_Pending_Sector",attribute_value_type="raw",device="sdh"} 0
smartctl_device_attribute{attribute_flags_long="updated_online,event_count",attribute_flags_short="-O--C-",attribute_id="197",attribute_name="Current_Pending_Sector",attribute_value_type="thresh",device="sdh"} 0
smartctl_device_attribute{attribute_flags_long="updated_online,event_count",attribute_flags_short="-O--C-",attribute_id="197",attribute_name="Current_Pending_Sector",attribute_value_type="value",device="sdh"} 100
smartctl_device_attribute{attribute_flags_long="updated_online,event_count",attribute_flags_short="-O--C-",attribute_id="197",attribute_name="Current_Pending_Sector",attribute_value_type="worst",device="sdh"} 100
smartctl_device_attribute{attribute_flags_long="updated_online,event_count,auto_keep",attribute_flags_short="-O--CK",attribute_id="12",attribute_name="Power_Cycle_Count",attribute_value_type="raw",device="sdh"} 25
smartctl_device_attribute{attribute_flags_long="updated_online,event_count,auto_keep",attribute_flags_short="-O--CK",attribute_id="12",attribute_name="Power_Cycle_Count",attribute_value_type="thresh",device="sdh"} 0
smartctl_device_attribute{attribute_flags_long="updated_online,event_count,auto_keep",attribute_flags_short="-O--CK",attribute_id="12",attribute_name="Power_Cycle_Count",attribute_value_type="value",device="sdh"} 100
smartctl_device_attribute{attribute_flags_long="updated_online,event_count,auto_keep",attribute_flags_short="-O--CK",attribute_id="12",attribute_name="Power_Cycle_Count",attribute_value_type="worst",device="sdh"} 100
smartctl_device_attribute{attribute_flags_long="updated_online,event_count,auto_keep",attribute_flags_short="-O--CK",attribute_id="171",attribute_name="Program_Fail_Count",attribute_value_type="raw",device="sdh"} 0
smartctl_device_attribute{attribute_flags_long="updated_online,event_count,auto_keep",attribute_flags_short="-O--CK",attribute_id="171",attribute_name="Program_Fail_Count",attribute_value_type="thresh",device="sdh"} 0
smartctl_device_attribute{attribute_flags_long="updated_online,event_count,auto_keep",attribute_flags_short="-O--CK",attribute_id="171",attribute_name="Program_Fail_Count",attribute_value_type="value",device="sdh"} 100
smartctl_device_attribute{attribute_flags_long="updated_online,event_count,auto_keep",attribute_flags_short="-O--CK",attribute_id="171",attribute_name="Program_Fail_Count",attribute_value_type="worst",device="sdh"} 100
smartctl_device_attribute{attribute_flags_long="updated_online,event_count,auto_keep",attribute_flags_short="-O--CK",attribute_id="172",attribute_name="Erase_Fail_Count",attribute_value_type="raw",device="sdh"} 0
smartctl_device_attribute{attribute_flags_long="updated_online,event_count,auto_keep",attribute_flags_short="-O--CK",attribute_id="172",attribute_name="Erase_Fail_Count",attribute_value_type="thresh",device="sdh"} 0
smartctl_device_attribute{attribute_flags_long="updated_online,event_count,auto_keep",attribute_flags_short="-O--CK",attribute_id="172",attribute_name="Erase_Fail_Count",attribute_value_type="value",device="sdh"} 100
smartctl_device_attribute{attribute_flags_long="updated_online,event_count,auto_keep",attribute_flags_short="-O--CK",attribute_id="172",attribute_name="Erase_Fail_Count",attribute_value_type="worst",device="sdh"} 100
smartctl_device_attribute{attribute_flags_long="updated_online,event_count,auto_keep",attribute_flags_short="-O--CK",attribute_id="174",attribute_name="Unsafe_Shutdown_Count",attribute_value_type="raw",device="sdh"} 20
smartctl_device_attribute{attribute_flags_long="updated_online,event_count,auto_keep",attribute_flags_short="-O--CK",attribute_id="174",attribute_name="Unsafe_Shutdown_Count",attribute_value_type="thresh",device="sdh"} 0
smartctl_device_attribute{attribute_flags_long="updated_online,event_count,auto_keep",attribute_flags_short="-O--CK",attribute_id="174",attribute_name="Unsafe_Shutdown_Count",attribute_value_type="value",device="sdh"} 100
smartctl_device_attribute{attribute_flags_long="updated_online,event_count,auto_keep",attribute_flags_short="-O--CK",attribute_id="174",attribute_name="Unsafe_Shutdown_Count",attribute_value_type="worst",device="sdh"} 100
smartctl_device_attribute{attribute_flags_long="updated_online,event_count,auto_keep",attribute_flags_short="-O--CK",attribute_id="183",attribute_name="SATA_Downshift_Count",attribute_value_type="raw",device="sdh"} 0
smartctl_device_attribute{attribute_flags_long="updated_online,event_count,auto_keep",attribute_flags_short="-O--CK",attribute_id="183",attribute_name="SATA_Downshift_Count",attribute_value_type="thresh",device="sdh"} 0
smartctl_device_attribute{attribute_flags_long="updated_online,event_count,auto_keep",attribute_flags_short="-O--CK",attribute_id="183",attribute_name="SATA_Downshift_Count",attribute_value_type="value",device="sdh"} 100
smartctl_device_attribute{attribute_flags_long="updated_online,event_count,auto_keep",attribute_flags_short="-O--CK",attribute_id="183",attribute_name="SATA_Downshift_Count",attribute_value_type="worst",device="sdh"} 100
smartctl_device_attribute{attribute_flags_long="updated_online,event_count,auto_keep",attribute_flags_short="-O--CK",attribute_id="187",attribute_name="Reported_Uncorrect",attribute_value_type="raw",device="sdh"} 0
smartctl_device_attribute{attribute_flags_long="updated_online,event_count,auto_keep",attribute_flags_short="-O--CK",attribute_id="187",attribute_name="Reported_Uncorrect",attribute_value_type="thresh",device="sdh"} 0
smartctl_device_attribute{attribute_flags_long="updated_online,event_count,auto_keep",attribute_flags_short="-O--CK",attribute_id="187",attribute_name="Reported_Uncorrect",attribute_value_type="value",device="sdh"} 100
smartctl_device_attribute{attribute_flags_long="updated_online,event_count,auto_keep",attribute_flags_short="-O--CK",attribute_id="187",attribute_name="Reported_Uncorrect",attribute_value_type="worst",device="sdh"} 100
smartctl_device_attribute{attribute_flags_long="updated_online,event_count,auto_keep",attribute_flags_short="-O--CK",attribute_id="192",attribute_name="Unsafe_Shutdown_Count",attribute_value_type="raw",device="sdh"} 20
smartctl_device_attribute{attribute_flags_long="updated_online,event_count,auto_keep",attribute_flags_short="-O--CK",attribute_id="192",attribute_name="Unsafe_Shutdown_Count",attribute_value_type="thresh",device="sdh"} 0
smartctl_device_attribute{attribute_flags_long="updated_online,event_count,auto_keep",attribute_flags_short="-O--CK",attribute_id="192",attribute_name="Unsafe_Shutdown_Count",attribute_value_type="value",device="sdh"} 100
smartctl_device_attribute{attribute_flags_long="updated_online,event_count,auto_keep",attribute_flags_short="-O--CK",attribute_id="192",attribute_name="Unsafe_Shutdown_Count",attribute_value_type="worst",device="sdh"} 100
smartctl_device_attribute{attribute_flags_long="updated_online,event_count,auto_keep",attribute_flags_short="-O--CK",attribute_id="225",attribute_name="Host_Writes_32MiB",attribute_value_type="raw",device="sdh"} 1.504178e+07
smartctl_device_attribute{attribute_flags_long="updated_online,event_count,auto_keep",attribute_flags_short="-O--CK",attribute_id="225",attribute_name="Host_Writes_32MiB",attribute_value_type="thresh",device="sdh"} 0
smartctl_device_attribute{attribute_flags_long="updated_online,event_count,auto_keep",attribute_flags_short="-O--CK",attribute_id="225",attribute_name="Host_Writes_32MiB",attribute_value_type="value",device="sdh"} 100
smartctl_device_attribute{attribute_flags_long="updated_online,event_count,auto_keep",attribute_flags_short="-O--CK",attribute_id="225",attribute_name="Host_Writes_32MiB",attribute_value_type="worst",device="sdh"} 100
smartctl_device_attribute{attribute_flags_long="updated_online,event_count,auto_keep",attribute_flags_short="-O--CK",attribute_id="226",attribute_name="Workld_Media_Wear_Indic",attribute_value_type="raw",device="sdh"} 18780
smartctl_device_attribute{attribute_flags_long="updated_online,event_count,auto_keep",attribute_flags_short="-O--CK",attribute_id="226",attribute_name="Workld_Media_Wear_Indic",attribute_value_type="thresh",device="sdh"} 0
smartctl_device_attribute{attribute_flags_long="updated_online,event_count,auto_keep",attribute_flags_short="-O--CK",attribute_id="226",attribute_name="Workld_Media_Wear_Indic",attribute_value_type="value",device="sdh"} 100
smartctl_device_attribute{attribute_flags_long="updated_online,event_count,auto_keep",attribute_flags_short="-O--CK",attribute_id="226",attribute_name="Workld_Media_Wear_Indic",attribute_value_type="worst",device="sdh"} 100
smartctl_device_attribute{attribute_flags_long="updated_online,event_count,auto_keep",attribute_flags_short="-O--CK",attribute_id="227",attribute_name="Workld_Host_Reads_Perc",attribute_value_type="raw",device="sdh"} 31
smartctl_device_attribute{attribute_flags_long="updated_online,event_count,auto_keep",attribute_flags_short="-O--CK",attribute_id="227",attribute_name="Workld_Host_Reads_Perc",attribute_value_type="thresh",device="sdh"} 0
smartctl_device_attribute{attribute_flags_long="updated_online,event_count,auto_keep",attribute_flags_short="-O--CK",attribute_id="227",attribute_name="Workld_Host_Reads_Perc",attribute_value_type="value",device="sdh"} 100
smartctl_device_attribute{attribute_flags_long="updated_online,event_count,auto_keep",attribute_flags_short="-O--CK",attribute_id="227",attribute_name="Workld_Host_Reads_Perc",attribute_value_type="worst",device="sdh"} 100
smartctl_device_attribute{attribute_flags_long="updated_online,event_count,auto_keep",attribute_flags_short="-O--CK",attribute_id="228",attribute_name="Workload_Minutes",attribute_value_type="raw",device="sdh"} 3.311272e+06
smartctl_device_attribute{attribute_flags_long="updated_online,event_count,auto_keep",attribute_flags_short="-O--CK",attribute_id="228",attribute_name="Workload_Minutes",attribute_value_type="thresh",device="sdh"} 0
smartctl_device_attribute{attribute_flags_long="updated_online,event_count,auto_keep",attribute_flags_short="-O--CK",attribute_id="228",attribute_name="Workload_Minutes",attribute_value_type="value",device="sdh"} 100
smartctl_device_attribute{attribute_flags_long="updated_online,event_count,auto_keep",attribute_flags_short="-O--CK",attribute_id="228",attribute_name="Workload_Minutes",attribute_value_type="worst",device="sdh"} 100
smartctl_device_attribute{attribute_flags_long="updated_online,event_count,auto_keep",attribute_flags_short="-O--CK",attribute_id="233",attribute_name="Media_Wearout_Indicator",attribute_value_type="raw",device="sdh"} 0
smartctl_device_attribute{attribute_flags_long="updated_online,event_count,auto_keep",attribute_flags_short="-O--CK",attribute_id="233",attribute_name="Media_Wearout_Indicator",attribute_value_type="thresh",device="sdh"} 0
smartctl_device_attribute{attribute_flags_long="updated_online,event_count,auto_keep",attribute_flags_short="-O--CK",attribute_id="233",attribute_name="Media_Wearout_Indicator",attribute_value_type="value",device="sdh"} 82
smartctl_device_attribute{attribute_flags_long="updated_online,event_count,auto_keep",attribute_flags_short="-O--CK",attribute_id="233",attribute_name="Media_Wearout_Indicator",attribute_value_type="worst",device="sdh"} 82
smartctl_device_attribute{attribute_flags_long="updated_online,event_count,auto_keep",attribute_flags_short="-O--CK",attribute_id="234",attribute_name="Thermal_Throttle",attribute_value_type="raw",device="sdh"} 0
smartctl_device_attribute{attribute_flags_long="updated_online,event_count,auto_keep",attribute_flags_short="-O--CK",attribute_id="234",attribute_name="Thermal_Throttle",attribute_value_type="thresh",device="sdh"} 0
smartctl_device_attribute{attribute_flags_long="updated_online,event_count,auto_keep",attribute_flags_short="-O--CK",attribute_id="234",attribute_name="Thermal_Throttle",attribute_value_type="value",device="sdh"} 100
smartctl_device_attribute{attribute_flags_long="updated_online,event_count,auto_keep",attribute_flags_short="-O--CK",attribute_id="234",attribute_name="Thermal_Throttle",attribute_value_type="worst",device="sdh"} 100
smartctl_device_attribute{attribute_flags_long="updated_online,event_count,auto_keep",attribute_flags_short="-O--CK",attribute_id="241",attribute_name="Host_Writes_32MiB",attribute_value_type="raw",device="sdh"} 1.504178e+07
smartctl_device_attribute{attribute_flags_long="updated_online,event_count,auto_keep",attribute_flags_short="-O--CK",attribute_id="241",attribute_name="Host_Writes_32MiB",attribute_value_type="thresh",device="sdh"} 0
smartctl_device_attribute{attribute_flags_long="updated_online,event_count,auto_keep",attribute_flags_short="-O--CK",attribute_id="241",attribute_name="Host_Writes_32MiB",attribute_value_type="value",device="sdh"} 100
smartctl_device_attribute{attribute_flags_long="updated_online,event_count,auto_keep",attribute_flags_short="-O--CK",attribute_id="241",attribute_name="Host_Writes_32MiB",attribute_value_type="worst",device="sdh"} 100
smartctl_device_attribute{attribute_flags_long="updated_online,event_count,auto_keep",attribute_flags_short="-O--CK",attribute_id="242",attribute_name="Host_Reads_32MiB",attribute_value_type="raw",device="sdh"} 6.879182e+06
smartctl_device_attribute{attribute_flags_long="updated_online,event_count,auto_keep",attribute_flags_short="-O--CK",attribute_id="242",attribute_name="Host_Reads_32MiB",attribute_value_type="thresh",device="sdh"} 0
smartctl_device_attribute{attribute_flags_long="updated_online,event_count,auto_keep",attribute_flags_short="-O--CK",attribute_id="242",attribute_name="Host_Reads_32MiB",attribute_value_type="value",device="sdh"} 100
smartctl_device_attribute{attribute_flags_long="updated_online,event_count,auto_keep",attribute_flags_short="-O--CK",attribute_id="242",attribute_name="Host_Reads_32MiB",attribute_value_type="worst",device="sdh"} 100
smartctl_device_attribute{attribute_flags_long="updated_online,event_count,auto_keep",attribute_flags_short="-O--CK",attribute_id="243",attribute_name="NAND_Writes_32MiB",attribute_value_type="raw",device="sdh"} 2.6624256e+07
smartctl_device_attribute{attribute_flags_long="updated_online,event_count,auto_keep",attribute_flags_short="-O--CK",attribute_id="243",attribute_name="NAND_Writes_32MiB",attribute_value_type="thresh",device="sdh"} 0
smartctl_device_attribute{attribute_flags_long="updated_online,event_count,auto_keep",attribute_flags_short="-O--CK",attribute_id="243",attribute_name="NAND_Writes_32MiB",attribute_value_type="value",device="sdh"} 100
smartctl_device_attribute{attribute_flags_long="updated_online,event_count,auto_keep",attribute_flags_short="-O--CK",attribute_id="243",attribute_name="NAND_Writes_32MiB",attribute_value_type="worst",device="sdh"} 100
smartctl_device_attribute{attribute_flags_long="updated_online,event_count,auto_keep",attribute_flags_short="-O--CK",attribute_id="5",attribute_name="Reallocated_Sector_Ct",attribute_value_type="raw",device="sdh"} 0
smartctl_device_attribute{attribute_flags_long="updated_online,event_count,auto_keep",attribute_flags_short="-O--CK",attribute_id="5",attribute_name="Reallocated_Sector_Ct",attribute_value_type="thresh",device="sdh"} 0
smartctl_device_attribute{attribute_flags_long="updated_online,event_count,auto_keep",attribute_flags_short="-O--CK",attribute_id="5",attribute_name="Reallocated_Sector_Ct",attribute_value_type="value",device="sdh"} 100
smartctl_device_attribute{attribute_flags_long="updated_online,event_count,auto_keep",attribute_flags_short="-O--CK",attribute_id="5",attribute_name="Reallocated_Sector_Ct",attribute_value_type="worst",device="sdh"} 100
smartctl_device_attribute{attribute_flags_long="updated_online,event_count,auto_keep",attribute_flags_short="-O--CK",attribute_id="9",attribute_name="Power_On_Hours",attribute_value_type="raw",device="sdh"} 55188
smartctl_device_attribute{attribute_flags_long="updated_online,event_count,auto_keep",attribute_flags_short="-O--CK",attribute_id="9",attribute_name="Power_On_Hours",attribute_value_type="thresh",device="sdh"} 0
smartctl_device_attribute{attribute_flags_long="updated_online,event_count,auto_keep",attribute_flags_short="-O--CK",attribute_id="9",attribute_name="Power_On_Hours",attribute_value_type="value",device="sdh"} 100
smartctl_device_attribute{attribute_flags_long="updated_online,event_count,auto_keep",attribute_flags_short="-O--CK",attribute_id="9",attribute_name="Power_On_Hours",attribute_value_type="worst",device="sdh"} 100
smartctl_device_attribute{attribute_flags_long="updated_online,performance,error_rate,event_count,auto_keep",attribute_flags_short="-OSRCK",attribute_id="199",attribute_name="CRC_Error_Count",attribute_value_type="raw",device="sdh"} 0
smartctl_device_attribute{attribute_flags_long="updated_online,performance,error_rate,event_count,auto_keep",attribute_flags_short="-OSRCK",attribute_id="199",attribute_name="CRC_Error_Count",attribute_value_type="thresh",device="sdh"} 0
smartctl_device_attribute{attribute_flags_long="updated_online,performance,error_rate,event_count,auto_keep",attribute_flags_short="-OSRCK",attribute_id="199",attribute_name="CRC_Error_Count",attribute_value_type="value",device="sdh"} 100
smartctl_device_attribute{attribute_flags_long="updated_online,performance,error_rate,event_count,auto_keep",attribute_flags_short="-OSRCK",attribute_id="199",attribute_name="CRC_Error_Count",attribute_value_type="worst",device="sdh"} 100
smartctl_device_block_size{blocks_type="logical",device="sdh"} 512
smartctl_device_block_size{blocks_type="physical",device="sdh"} 4096
smartctl_device_capacity_blocks{device="sdh"} 1.562824368e+09
smartctl_device_capacity_bytes{device="sdh"} 8.00166076416e+11
smartctl_device_error_log_count{device="sdh",error_log_type="summary"} 0
smartctl_device_interface_speed{device="sdh",speed_type="current"} 6e+09
smartctl_device_interface_speed{device="sdh",speed_type="max"} 6e+09
smartctl_device_power_cycle_count{device="sdh"} 25
smartctl_device_power_on_seconds{device="sdh"} 1.986768e+08
smartctl_device_smart_status{device="sdh"} 1
smartctl_device_smartctl_exit_status{device="sdh"} 0
smartctl_device_temperature{device="sdh",temperature_type="current"} 26
smartctl_device{ata_additional_product_id="unknown",ata_version="ACS-3 T13/2161-D revision 5",device="sdh",firmware_version="REDACTED",form_factor="2.5 inches",interface="sat",model_family="Intel 730 and DC S35x0/3610/3700 Series SSDs",model_name="INTEL SSDSC2BB800G7",protocol="ATA",sata_version="SATA 3.1",scsi_product="",scsi_revision="",scsi_vendor="",scsi_version="",serial_number="REDACTED"} 1
