smartctl_device_attribute{attribute_flags_long="prefailure,updated_online,event_count",attribute_flags_short="PO--C-",attribute_id="177",attribute_name="Wear_Leveling_Count",attribute_value_type="raw",device="sda"} 114
smartctl_device_attribute{attribute_flags_long="prefailure,updated_online,event_count",attribute_flags_short="PO--C-",attribute_id="177",attribute_name="Wear_Leveling_Count",attribute_value_type="thresh",device="sda"} 5
smartctl_device_attribute{attribute_flags_long="prefailure,updated_online,event_count",attribute_flags_short="PO--C-",attribute_id="177",attribute_name="Wear_Leveling_Count",attribute_value_type="value",device="sda"} 98
smartctl_device_attribute{attribute_flags_long="prefailure,updated_online,event_count",attribute_flags_short="PO--C-",attribute_id="177",attribute_name="Wear_Leveling_Count",attribute_value_type="worst",device="sda"} 98
smartctl_device_attribute{attribute_flags_long="prefailure,updated_online,event_count",attribute_flags_short="PO--C-",attribute_id="179",attribute_name="Used_Rsvd_Blk_Cnt_Tot",attribute_value_type="raw",device="sda"} 0
smartctl_device_attribute{attribute_flags_long="prefailure,updated_online,event_count",attribute_flags_short="PO--C-",attribute_id="179",attribute_name="Used_Rsvd_Blk_Cnt_Tot",attribute_value_type="thresh",device="sda"} 10
smartctl_device_attribute{attribute_flags_long="prefailure,updated_online,event_count",attribute_flags_short="PO--C-",attribute_id="179",attribute_name="Used_Rsvd_Blk_Cnt_Tot",attribute_value_type="value",device="sda"} 100
smartctl_device_attribute{attribute_flags_long="prefailure,updated_online,event_count",attribute_flags_short="PO--C-",attribute_id="179",attribute_name="Used_Rsvd_Blk_Cnt_Tot",attribute_value_type="worst",device="sda"} 100
smartctl_device_attribute{attribute_flags_long="prefailure,updated_online,event_count",attribute_flags_short="PO--C-",attribute_id="180",attribute_name="Unused_Rsvd_Blk_Cnt_Tot",attribute_value_type="raw",device="sda"} 220
smartctl_device_attribute{attribute_flags_long="prefailure,updated_online,event_count",attribute_flags_short="PO--C-",attribute_id="180",attribute_name="Unused_Rsvd_Blk_Cnt_Tot",attribute_value_type="thresh",device="sda"} 10
smartctl_device_attribute{attribute_flags_long="prefailure,updated_online,event_count",attribute_flags_short="PO--C-",attribute_id="180",attribute_name="Unused_Rsvd_Blk_Cnt_Tot",attribute_value_type="value",device="sda"} 100
smartctl_device_attribute{attribute_flags_long="prefailure,updated_online,event_count",attribute_flags_short="PO--C-",attribute_id="180",attribute_name="Unused_Rsvd_Blk_Cnt_Tot",attribute_value_type="worst",device="sda"} 100
smartctl_device_attribute{attribute_flags_long="prefailure,updated_online,event_count",attribute_flags_short="PO--C-",attribute_id="183",attribute_name="Runtime_Bad_Block",attribute_value_type="raw",device="sda"} 0
smartctl_device_attribute{attribute_flags_long="prefailure,updated_online,event_count",attribute_flags_short="PO--C-",attribute_id="183",attribute_name="Runtime_Bad_Block",attribute_value_type="thresh",device="sda"} 10
smartctl_device_attribute{attribute_flags_long="prefailure,updated_online,event_count",attribute_flags_short="PO--C-",attribute_id="183",attribute_name="Runtime_Bad_Block",attribute_value_type="value",device="sda"} 100
smartctl_device_attribute{attribute_flags_long="prefailure,updated_online,event_count",attribute_flags_short="PO--C-",attribute_id="183",attribute_name="Runtime_Bad_Block",attribute_value_type="worst",device="sda"} 100
smartctl_device_attribute{attribute_flags_long="prefailure,updated_online,event_count,auto_keep",attribute_flags_short="PO--CK",attribute_id="184",attribute_name="End-to-End_Error",attribute_value_type="raw",device="sda"} 0
smartctl_device_attribute{attribute_flags_long="prefailure,updated_online,event_count,auto_keep",attribute_flags_short="PO--CK",attribute_id="184",attribute_name="End-to-End_Error",attribute_value_type="thresh",device="sda"} 97
smartctl_device_attribute{attribute_flags_long="prefailure,updated_online,event_count,auto_keep",attribute_flags_short="PO--CK",attribute_id="184",attribute_name="End-to-End_Error",attribute_value_type="value",device="sda"} 100
smartctl_device_attribute{attribute_flags_long="prefailure,updated_online,event_count,auto_keep",attribute_flags_short="PO--CK",attribute_id="184",attribute_name="End-to-End_Error",attribute_value_type="worst",device="sda"} 100
smartctl_device_attribute{attribute_flags_long="prefailure,updated_online,event_count,auto_keep",attribute_flags_short="PO--CK",attribute_id="202",attribute_name="Exception_Mode_Status",attribute_value_type="raw",device="sda"} 0
smartctl_device_attribute{attribute_flags_long="prefailure,updated_online,event_count,auto_keep",attribute_flags_short="PO--CK",attribute_id="202",attribute_name="Exception_Mode_Status",attribute_value_type="thresh",device="sda"} 10
smartctl_device_attribute{attribute_flags_long="prefailure,updated_online,event_count,auto_keep",attribute_flags_short="PO--CK",attribute_id="202",attribute_name="Exception_Mode_Status",attribute_value_type="value",device="sda"} 100
smartctl_device_attribute{attribute_flags_long="prefailure,updated_online,event_count,auto_keep",attribute_flags_short="PO--CK",attribute_id="202",attribute_name="Exception_Mode_Status",attribute_value_type="worst",device="sda"} 100
smartctl_device_attribute{attribute_flags_long="prefailure,updated_online,event_count,auto_keep",attribute_flags_short="PO--CK",attribute_id="5",attribute_name="Reallocated_Sector_Ct",attribute_value_type="raw",device="sda"} 0
smartctl_device_attribute{attribute_flags_long="prefailure,updated_online,event_count,auto_keep",attribute_flags_short="PO--CK",attribute_id="5",attribute_name="Reallocated_Sector_Ct",attribute_value_type="thresh",device="sda"} 10
smartctl_device_attribute{attribute_flags_long="prefailure,updated_online,event_count,auto_keep",attribute_flags_short="PO--CK",attribute_id="5",attribute_name="Reallocated_Sector_Ct",attribute_value_type="value",device="sda"} 100
smartctl_device_attribute{attribute_flags_long="prefailure,updated_online,event_count,auto_keep",attribute_flags_short="PO--CK",attribute_id="5",attribute_name="Reallocated_Sector_Ct",attribute_value_type="worst",device="sda"} 100
smartctl_device_attribute{attribute_flags_long="updated_online,auto_keep",attribute_flags_short="-O---K",attribute_id="194",attribute_name="Temperature_Celsius",attribute_value_type="raw",device="sda"} 1.71800264734e+11
smartctl_device_attribute{attribute_flags_long="updated_online,auto_keep",attribute_flags_short="-O---K",attribute_id="194",attribute_name="Temperature_Celsius",attribute_value_type="thresh",device="sda"} 0
smartctl_device_attribute{attribute_flags_long="updated_online,auto_keep",attribute_flags_short="-O---K",attribute_id="194",attribute_name="Temperature_Celsius",attribute_value_type="value",device="sda"} 70
smartctl_device_attribute{attribute_flags_long="updated_online,auto_keep",attribute_flags_short="-O---K",attribute_id="194",attribute_name="Temperature_Celsius",attribute_value_type="worst",device="sda"} 60
smartctl_device_attribute{attribute_flags_long="updated_online,error_rate,event_count",attribute_flags_short="-O-RC-",attribute_id="195",attribute_name="ECC_Error_Rate",attribute_value_type="raw",device="sda"} 0
smartctl_device_attribute{attribute_flags_long="updated_online,error_rate,event_count",attribute_flags_short="-O-RC-",attribute_id="195",attribute_name="ECC_Error_Rate",attribute_value_type="thresh",device="sda"} 0
smartctl_device_attribute{attribute_flags_long="updated_online,error_rate,event_count",attribute_flags_short="-O-RC-",attribute_id="195",attribute_name="ECC_Error_Rate",attribute_value_type="value",device="sda"} 200
smartctl_device_attribute{attribute_flags_long="updated_online,error_rate,event_count",attribute_flags_short="-O-RC-",attribute_id="195",attribute_name="ECC_Error_Rate",attribute_value_type="worst",device="sda"} 200
smartctl_device_attribute{attribute_flags_long="updated_online,event_count",attribute_flags_short="-O--C-",attribute_id="235",attribute_name="POR_Recovery_Count",attribute_value_type="raw",device="sda"} 14
smartctl_device_attribute{attribute_flags_long="updated_online,event_count",attribute_flags_short="-O--C-",attribute_id="235",attribute_name="POR_Recovery_Count",attribute_value_type="thresh",device="sda"} 0
smartctl_device_attribute{attribute_flags_long="updated_online,event_count",attribute_flags_short="-O--C-",attribute_id="235",attribute_name="POR_Recovery_Count",attribute_value_type="value",device="sda"} 99
smartctl_device_attribute{attribute_flags_long="updated_online,event_count",attribute_flags_short="-O--C-",attribute_id="235",attribute_name="POR_Recovery_Count",attribute_value_type="worst",device="sda"} 99
smartctl_device_attribute{attribute_flags_long="updated_online,event_count,auto_keep",attribute_flags_short="-O--CK",attribute_id="12",attribute_name="Power_Cycle_Count",attribute_value_type="raw",device="sda"} 17
smartctl_device_attribute{attribute_flags_long="updated_online,event_count,auto_keep",attribute_flags_short="-O--CK",attribute_id="12",attribute_name="Power_Cycle_Count",attribute_value_type="thresh",device="sda"} 0
smartctl_device_attribute{attribute_flags_long="updated_online,event_count,auto_keep",attribute_flags_short="-O--CK",attribute_id="12",attribute_name="Power_Cycle_Count",attribute_value_type="value",device="sda"} 99
smartctl_device_attribute{attribute_flags_long="updated_online,event_count,auto_keep",attribute_flags_short="-O--CK",attribute_id="12",attribute_name="Power_Cycle_Count",attribute_value_type="worst",device="sda"} 99
smartctl_device_attribute{attribute_flags_long="updated_online,event_count,auto_keep",attribute_flags_short="-O--CK",attribute_id="181",attribute_name="Program_Fail_Cnt_Total",attribute_value_type="raw",device="sda"} 0
smartctl_device_attribute{attribute_flags_long="updated_online,event_count,auto_keep",attribute_flags_short="-O--CK",attribute_id="181",attribute_name="Program_Fail_Cnt_Total",attribute_value_type="thresh",device="sda"} 10
smartctl_device_attribute{attribute_flags_long="updated_online,event_count,auto_keep",attribute_flags_short="-O--CK",attribute_id="181",attribute_name="Program_Fail_Cnt_Total",attribute_value_type="value",device="sda"} 100
smartctl_device_attribute{attribute_flags_long="updated_online,event_count,auto_keep",attribute_flags_short="-O--CK",attribute_id="181",attribute_name="Program_Fail_Cnt_Total",attribute_value_type="worst",device="sda"} 100
smartctl_device_attribute{attribute_flags_long="updated_online,event_count,auto_keep",attribute_flags_short="-O--CK",attribute_id="182",attribute_name="Erase_Fail_Count_Total",attribute_value_type="raw",device="sda"} 0
smartctl_device_attribute{attribute_flags_long="updated_online,event_count,auto_keep",attribute_flags_short="-O--CK",attribute_id="182",attribute_name="Erase_Fail_Count_Total",attribute_value_type="thresh",device="sda"} 10
smartctl_device_attribute{attribute_flags_long="updated_online,event_count,auto_keep",attribute_flags_short="-O--CK",attribute_id="182",attribute_name="Erase_Fail_Count_Total",attribute_value_type="value",device="sda"} 100
smartctl_device_attribute{attribute_flags_long="updated_online,event_count,auto_keep",attribute_flags_short="-O--CK",attribute_id="182",attribute_name="Erase_Fail_Count_Total",attribute_value_type="worst",device="sda"} 100
smartctl_device_attribute{attribute_flags_long="updated_online,event_count,auto_keep",attribute_flags_short="-O--CK",attribute_id="187",attribute_name="Uncorrectable_Error_Cnt",attribute_value_type="raw",device="sda"} 0
smartctl_device_attribute{attribute_flags_long="updated_online,event_count,auto_keep",attribute_flags_short="-O--CK",attribute_id="187",attribute_name="Uncorrectable_Error_Cnt",attribute_value_type="thresh",device="sda"} 0
smartctl_device_attribute{attribute_flags_long="updated_online,event_count,auto_keep",attribute_flags_short="-O--CK",attribute_id="187",attribute_name="Uncorrectable_Error_Cnt",attribute_value_type="value",device="sda"} 100
smartctl_device_attribute{attribute_flags_long="updated_online,event_count,auto_keep",attribute_flags_short="-O--CK",attribute_id="187",attribute_name="Uncorrectable_Error_Cnt",attribute_value_type="worst",device="sda"} 100
smartctl_device_attribute{attribute_flags_long="updated_online,event_count,auto_keep",attribute_flags_short="-O--CK",attribute_id="190",attribute_name="Airflow_Temperature_Cel",attribute_value_type="raw",device="sda"} 30
smartctl_device_attribute{attribute_flags_long="updated_online,event_count,auto_keep",attribute_flags_short="-O--CK",attribute_id="190",attribute_name="Airflow_Temperature_Cel",attribute_value_type="thresh",device="sda"} 0
smartctl_device_attribute{attribute_flags_long="updated_online,event_count,auto_keep",attribute_flags_short="-O--CK",attribute_id="190",attribute_name="Airflow_Temperature_Cel",attribute_value_type="value",device="sda"} 70
smartctl_device_attribute{attribute_flags_long="updated_online,event_count,auto_keep",attribute_flags_short="-O--CK",attribute_id="190",attribute_name="Airflow_Temperature_Cel",attribute_value_type="worst",device="sda"} 62
smartctl_device_attribute{attribute_flags_long="updated_online,event_count,auto_keep",attribute_flags_short="-O--CK",attribute_id="197",attribute_name="Current_Pending_Sector",attribute_value_type="raw",device="sda"} 0
smartctl_device_attribute{attribute_flags_long="updated_online,event_count,auto_keep",attribute_flags_short="-O--CK",attribute_id="197",attribute_name="Current_Pending_Sector",attribute_value_type="thresh",device="sda"} 0
smartctl_device_attribute{attribute_flags_long="updated_online,event_count,auto_keep",attribute_flags_short="-O--CK",attribute_id="197",attribute_name="Current_Pending_Sector",attribute_value_type="value",device="sda"} 100
smartctl_device_attribute{attribute_flags_long="updated_online,event_count,auto_keep",attribute_flags_short="-O--CK",attribute_id="197",attribute_name="Current_Pending_Sector",attribute_value_type="worst",device="sda"} 100
smartctl_device_attribute{attribute_flags_long="updated_online,event_count,auto_keep",attribute_flags_short="-O--CK",attribute_id="241",attribute_name="Total_LBAs_Written",attribute_value_type="raw",device="sda"} 6.52566252e+08
smartctl_device_attribute{attribute_flags_long="updated_online,event_count,auto_keep",attribute_flags_short="-O--CK",attribute_id="241",attribute_name="Total_LBAs_Written",attribute_value_type="thresh",device="sda"} 0
smartctl_device_attribute{attribute_flags_long="updated_online,event_count,auto_keep",attribute_flags_short="-O--CK",attribute_id="241",attribute_name="Total_LBAs_Written",attribute_value_type="value",device="sda"} 99
smartctl_device_attribute{attribute_flags_long="updated_online,event_count,auto_keep",attribute_flags_short="-O--CK",attribute_id="241",attribute_name="Total_LBAs_Written",attribute_value_type="worst",device="sda"} 99
smartctl_device_attribute{attribute_flags_long="updated_online,event_count,auto_keep",attribute_flags_short="-O--CK",attribute_id="242",attribute_name="Total_LBAs_Read",attribute_value_type="raw",device="sda"} 2.8190000396e+10
smartctl_device_attribute{attribute_flags_long="updated_online,event_count,auto_keep",attribute_flags_short="-O--CK",attribute_id="242",attribute_name="Total_LBAs_Read",attribute_value_type="thresh",device="sda"} 0
smartctl_device_attribute{attribute_flags_long="updated_online,event_count,auto_keep",attribute_flags_short="-O--CK",attribute_id="242",attribute_name="Total_LBAs_Read",attribute_value_type="value",device="sda"} 99
smartctl_device_attribute{attribute_flags_long="updated_online,event_count,auto_keep",attribute_flags_short="-O--CK",attribute_id="242",attribute_name="Total_LBAs_Read",attribute_value_type="worst",device="sda"} 99
smartctl_device_attribute{attribute_flags_long="updated_online,event_count,auto_keep",attribute_flags_short="-O--CK",attribute_id="243",attribute_name="SATA_Downshift_Ct",attribute_value_type="raw",device="sda"} 0
smartctl_device_attribute{attribute_flags_long="updated_online,event_count,auto_keep",attribute_flags_short="-O--CK",attribute_id="243",attribute_name="SATA_Downshift_Ct",attribute_value_type="thresh",device="sda"} 0
smartctl_device_attribute{attribute_flags_long="updated_online,event_count,auto_keep",attribute_flags_short="-O--CK",attribute_id="243",attribute_name="SATA_Downshift_Ct",attribute_value_type="value",device="sda"} 100
smartctl_device_attribute{attribute_flags_long="updated_online,event_count,auto_keep",attribute_flags_short="-O--CK",attribute_id="243",attribute_name="SATA_Downshift_Ct",attribute_value_type="worst",device="sda"} 100
smartctl_device_attribute{attribute_flags_long="updated_online,event_count,auto_keep",attribute_flags_short="-O--CK",attribute_id="244",attribute_name="Thermal_Throttle_St",attribute_value_type="raw",device="sda"} 0
smartctl_device_attribute{attribute_flags_long="updated_online,event_count,auto_keep",attribute_flags_short="-O--CK",attribute_id="244",attribute_name="Thermal_Throttle_St",attribute_value_type="thresh",device="sda"} 0
smartctl_device_attribute{attribute_flags_long="updated_online,event_count,auto_keep",attribute_flags_short="-O--CK",attribute_id="244",attribute_name="Thermal_Throttle_St",attribute_value_type="value",device="sda"} 100
smartctl_device_attribute{attribute_flags_long="updated_online,event_count,auto_keep",attribute_flags_short="-O--CK",attribute_id="244",attribute_name="Thermal_Throttle_St",attribute_value_type="worst",device="sda"} 100
smartctl_device_attribute{attribute_flags_long="updated_online,event_count,auto_keep",attribute_flags_short="-O--CK",attribute_id="245",attribute_name="Timed_Workld_Media_Wear",attribute_value_type="raw",device="sda"} 65535
smartctl_device_attribute{attribute_flags_long="updated_online,event_count,auto_keep",attribute_flags_short="-O--CK",attribute_id="245",attribute_name="Timed_Workld_Media_Wear",attribute_value_type="thresh",device="sda"} 0
smartctl_device_attribute{attribute_flags_long="updated_online,event_count,auto_keep",attribute_flags_short="-O--CK",attribute_id="245",attribute_name="Timed_Workld_Media_Wear",attribute_value_type="value",device="sda"} 100
smartctl_device_attribute{attribute_flags_long="updated_online,event_count,auto_keep",attribute_flags_short="-O--CK",attribute_id="245",attribute_name="Timed_Workld_Media_Wear",attribute_value_type="worst",device="sda"} 100
smartctl_device_attribute{attribute_flags_long="updated_online,event_count,auto_keep",attribute_flags_short="-O--CK",attribute_id="246",attribute_name="Timed_Workld_RdWr_Ratio",attribute_value_type="raw",device="sda"} 65535
smartctl_device_attribute{attribute_flags_long="updated_online,event_count,auto_keep",attribute_flags_short="-O--CK",attribute_id="246",attribute_name="Timed_Workld_RdWr_Ratio",attribute_value_type="thresh",device="sda"} 0
smartctl_device_attribute{attribute_flags_long="updated_online,event_count,auto_keep",attribute_flags_short="-O--CK",attribute_id="246",attribute_name="Timed_Workld_RdWr_Ratio",attribute_value_type="value",device="sda"} 100
smartctl_device_attribute{attribute_flags_long="updated_online,event_count,auto_keep",attribute_flags_short="-O--CK",attribute_id="246",attribute_name="Timed_Workld_RdWr_Ratio",attribute_value_type="worst",device="sda"} 100
smartctl_device_attribute{attribute_flags_long="updated_online,event_count,auto_keep",attribute_flags_short="-O--CK",attribute_id="247",attribute_name="Timed_Workld_Timer",attribute_value_type="raw",device="sda"} 65535
smartctl_device_attribute{attribute_flags_long="updated_online,event_count,auto_keep",attribute_flags_short="-O--CK",attribute_id="247",attribute_name="Timed_Workld_Timer",attribute_value_type="thresh",device="sda"} 0
smartctl_device_attribute{attribute_flags_long="updated_online,event_count,auto_keep",attribute_flags_short="-O--CK",attribute_id="247",attribute_name="Timed_Workld_Timer",attribute_value_type="value",device="sda"} 100
smartctl_device_attribute{attribute_flags_long="updated_online,event_count,auto_keep",attribute_flags_short="-O--CK",attribute_id="247",attribute_name="Timed_Workld_Timer",attribute_value_type="worst",device="sda"} 100
smartctl_device_attribute{attribute_flags_long="updated_online,event_count,auto_keep",attribute_flags_short="-O--CK",attribute_id="251",attribute_name="NAND_Writes",attribute_value_type="raw",device="sda"} 9.93815616e+08
smartctl_device_attribute{attribute_flags_long="updated_online,event_count,auto_keep",attribute_flags_short="-O--CK",attribute_id="251",attribute_name="NAND_Writes",attribute_value_type="thresh",device="sda"} 0
smartctl_device_attribute{attribute_flags_long="updated_online,event_count,auto_keep",attribute_flags_short="-O--CK",attribute_id="251",attribute_name="NAND_Writes",attribute_value_type="value",device="sda"} 100
smartctl_device_attribute{attribute_flags_long="updated_online,event_count,auto_keep",attribute_flags_short="-O--CK",attribute_id="251",attribute_name="NAND_Writes",attribute_value_type="worst",device="sda"} 100
smartctl_device_attribute{attribute_flags_long="updated_online,event_count,auto_keep",attribute_flags_short="-O--CK",attribute_id="9",attribute_name="Power_On_Hours",attribute_value_type="raw",device="sda"} 10106
smartctl_device_attribute{attribute_flags_long="updated_online,event_count,auto_keep",attribute_flags_short="-O--CK",attribute_id="9",attribute_name="Power_On_Hours",attribute_value_type="thresh",device="sda"} 0
smartctl_device_attribute{attribute_flags_long="updated_online,event_count,auto_keep",attribute_flags_short="-O--CK",attribute_id="9",attribute_name="Power_On_Hours",attribute_value_type="value",device="sda"} 97
smartctl_device_attribute{attribute_flags_long="updated_online,event_count,auto_keep",attribute_flags_short="-O--CK",attribute_id="9",attribute_name="Power_On_Hours",attribute_value_type="worst",device="sda"} 97
smartctl_device_attribute{attribute_flags_long="updated_online,performance,error_rate,event_count,auto_keep",attribute_flags_short="-OSRCK",attribute_id="199",attribute_name="CRC_Error_Count",attribute_value_type="raw",device="sda"} 0
smartctl_device_attribute{attribute_flags_long="updated_online,performance,error_rate,event_count,auto_keep",attribute_flags_short="-OSRCK",attribute_id="199",attribute_name="CRC_Error_Count",attribute_value_type="thresh",device="sda"} 0
smartctl_device_attribute{attribute_flags_long="updated_online,performance,error_rate,event_count,auto_keep",attribute_flags_short="-OSRCK",attribute_id="199",attribute_name="CRC_Error_Count",attribute_value_type="value",device="sda"} 100
smartctl_device_attribute{attribute_flags_long="updated_online,performance,error_rate,event_count,auto_keep",attribute_flags_short="-OSRCK",attribute_id="199",attribute_name="CRC_Error_Count",attribute_value_type="worst",device="sda"} 100
smartctl_device_block_size{blocks_type="logical",device="sda"} 512
smartctl_device_block_size{blocks_type="physical",device="sda"} 4096
smartctl_device_capacity_blocks{device="sda"} 4.68862128e+08
smartctl_device_capacity_bytes{device="sda"} 2.40057409536e+11
smartctl_device_error_log_count{device="sda",error_log_type="summary"} 0
smartctl_device_interface_speed{device="sda",speed_type="current"} 6e+09
smartctl_device_interface_speed{device="sda",speed_type="max"} 6e+09
smartctl_device_power_cycle_count{device="sda"} 17
smartctl_device_power_on_seconds{device="sda"} 3.63816e+07
smartctl_device_smart_status{device="sda"} 1
smartctl_device_smartctl_exit_status{device="sda"} 0
smartctl_device_temperature{device="sda",temperature_type="current"} 30
smartctl_device{ata_additional_product_id="unknown",ata_version="ACS-4 T13/BSR INCITS 529 revision 5",device="sda",firmware_version="REDACTED",form_factor="2.5 inches",interface="sat",model_family="Samsung based SSDs",model_name="SAMSUNG MZ7L3240HCHQ-00A07",protocol="ATA",sata_version="SATA 3.2",scsi_product="",scsi_revision="",scsi_vendor="",scsi_version="",serial_number="REDACTED"} 1
