smartctl_device_attribute{attribute_flags_long="",attribute_flags_short="------",attribute_id="1",attribute_name="Raw_Read_Error_Rate",attribute_value_type="raw",device="sda"} 0
smartctl_device_attribute{attribute_flags_long="",attribute_flags_short="------",attribute_id="1",attribute_name="Raw_Read_Error_Rate",attribute_value_type="thresh",device="sda"} 0
smartctl_device_attribute{attribute_flags_long="",attribute_flags_short="------",attribute_id="1",attribute_name="Raw_Read_Error_Rate",attribute_value_type="value",device="sda"} 100
smartctl_device_attribute{attribute_flags_long="",attribute_flags_short="------",attribute_id="1",attribute_name="Raw_Read_Error_Rate",attribute_value_type="worst",device="sda"} 100
smartctl_device_attribute{attribute_flags_long="",attribute_flags_short="------",attribute_id="12",attribute_name="Power_Cycle_Count",attribute_value_type="raw",device="sda"} 29
smartctl_device_attribute{attribute_flags_long="",attribute_flags_short="------",attribute_id="12",attribute_name="Power_Cycle_Count",attribute_value_type="thresh",device="sda"} 0
smartctl_device_attribute{attribute_flags_long="",attribute_flags_short="------",attribute_id="12",attribute_name="Power_Cycle_Count",attribute_value_type="value",device="sda"} 100
smartctl_device_attribute{attribute_flags_long="",attribute_flags_short="------",attribute_id="12",attribute_name="Power_Cycle_Count",attribute_value_type="worst",device="sda"} 100
smartctl_device_attribute{attribute_flags_long="",attribute_flags_short="------",attribute_id="160",attribute_name="Uncorrectable_Error_Cnt",attribute_value_type="raw",device="sda"} 0
smartctl_device_attribute{attribute_flags_long="",attribute_flags_short="------",attribute_id="160",attribute_name="Uncorrectable_Error_Cnt",attribute_value_type="thresh",device="sda"} 0
smartctl_device_attribute{attribute_flags_long="",attribute_flags_short="------",attribute_id="160",attribute_name="Uncorrectable_Error_Cnt",attribute_value_type="value",device="sda"} 100
smartctl_device_attribute{attribute_flags_long="",attribute_flags_short="------",attribute_id="160",attribute_name="Uncorrectable_Error_Cnt",attribute_value_type="worst",device="sda"} 100
smartctl_device_attribute{attribute_flags_long="",attribute_flags_short="------",attribute_id="161",attribute_name="Valid_Spare_Block_Cnt",attribute_value_type="raw",device="sda"} 61
smartctl_device_attribute{attribute_flags_long="",attribute_flags_short="------",attribute_id="161",attribute_name="Valid_Spare_Block_Cnt",attribute_value_type="thresh",device="sda"} 0
smartctl_device_attribute{attribute_flags_long="",attribute_flags_short="------",attribute_id="161",attribute_name="Valid_Spare_Block_Cnt",attribute_value_type="value",device="sda"} 100
smartctl_device_attribute{attribute_flags_long="",attribute_flags_short="------",attribute_id="161",attribute_name="Valid_Spare_Block_Cnt",attribute_value_type="worst",device="sda"} 100
smartctl_device_attribute{attribute_flags_long="",attribute_flags_short="------",attribute_id="163",attribute_name="Initial_Bad_Block_Count",attribute_value_type="raw",device="sda"} 21
smartctl_device_attribute{attribute_flags_long="",attribute_flags_short="------",attribute_id="163",attribute_name="Initial_Bad_Block_Count",attribute_value_type="thresh",device="sda"} 0
smartctl_device_attribute{attribute_flags_long="",attribute_flags_short="------",attribute_id="163",attribute_name="Initial_Bad_Block_Count",attribute_value_type="value",device="sda"} 100
smartctl_device_attribute{attribute_flags_long="",attribute_flags_short="------",attribute_id="163",attribute_name="Initial_Bad_Block_Count",attribute_value_type="worst",device="sda"} 100
smartctl_device_attribute{attribute_flags_long="",attribute_flags_short="------",attribute_id="164",attribute_name="Total_Erase_Count",attribute_value_type="raw",device="sda"} 136733
smartctl_device_attribute{attribute_flags_long="",attribute_flags_short="------",attribute_id="164",attribute_name="Total_Erase_Count",attribute_value_type="thresh",device="sda"} 0
smartctl_device_attribute{attribute_flags_long="",attribute_flags_short="------",attribute_id="164",attribute_name="Total_Erase_Count",attribute_value_type="value",device="sda"} 100
smartctl_device_attribute{attribute_flags_long="",attribute_flags_short="------",attribute_id="164",attribute_name="Total_Erase_Count",attribute_value_type="worst",device="sda"} 100
smartctl_device_attribute{attribute_flags_long="",attribute_flags_short="------",attribute_id="165",attribute_name="Max_Erase_Count",attribute_value_type="raw",device="sda"} 172
smartctl_device_attribute{attribute_flags_long="",attribute_flags_short="------",attribute_id="165",attribute_name="Max_Erase_Count",attribute_value_type="thresh",device="sda"} 0
smartctl_device_attribute{attribute_flags_long="",attribute_flags_short="------",attribute_id="165",attribute_name="Max_Erase_Count",attribute_value_type="value",device="sda"} 100
smartctl_device_attribute{attribute_flags_long="",attribute_flags_short="------",attribute_id="165",attribute_name="Max_Erase_Count",attribute_value_type="worst",device="sda"} 100
smartctl_device_attribute{attribute_flags_long="",attribute_flags_short="------",attribute_id="166",attribute_name="Min_Erase_Count",attribute_value_type="raw",device="sda"} 71
smartctl_device_attribute{attribute_flags_long="",attribute_flags_short="------",attribute_id="166",attribute_name="Min_Erase_Count",attribute_value_type="thresh",device="sda"} 0
smartctl_device_attribute{attribute_flags_long="",attribute_flags_short="------",attribute_id="166",attribute_name="Min_Erase_Count",attribute_value_type="value",device="sda"} 100
smartctl_device_attribute{attribute_flags_long="",attribute_flags_short="------",attribute_id="166",attribute_name="Min_Erase_Count",attribute_value_type="worst",device="sda"} 100
smartctl_device_attribute{attribute_flags_long="",attribute_flags_short="------",attribute_id="167",attribute_name="Average_Erase_Count",attribute_value_type="raw",device="sda"} 132
smartctl_device_attribute{attribute_flags_long="",attribute_flags_short="------",attribute_id="167",attribute_name="Average_Erase_Count",attribute_value_type="thresh",device="sda"} 0
smartctl_device_attribute{attribute_flags_long="",attribute_flags_short="------",attribute_id="167",attribute_name="Average_Erase_Count",attribute_value_type="value",device="sda"} 100
smartctl_device_attribute{attribute_flags_long="",attribute_flags_short="------",attribute_id="167",attribute_name="Average_Erase_Count",attribute_value_type="worst",device="sda"} 100
smartctl_device_attribute{attribute_flags_long="",attribute_flags_short="------",attribute_id="168",attribute_name="Max_Erase_Count_of_Spec",attribute_value_type="raw",device="sda"} 3000
smartctl_device_attribute{attribute_flags_long="",attribute_flags_short="------",attribute_id="168",attribute_name="Max_Erase_Count_of_Spec",attribute_value_type="thresh",device="sda"} 0
smartctl_device_attribute{attribute_flags_long="",attribute_flags_short="------",attribute_id="168",attribute_name="Max_Erase_Count_of_Spec",attribute_value_type="value",device="sda"} 100
smartctl_device_attribute{attribute_flags_long="",attribute_flags_short="------",attribute_id="168",attribute_name="Max_Erase_Count_of_Spec",attribute_value_type="worst",device="sda"} 100
smartctl_device_attribute{attribute_flags_long="",attribute_flags_short="------",attribute_id="169",attribute_name="Remaining_Lifetime_Perc",attribute_value_type="raw",device="sda"} 96
smartctl_device_attribute{attribute_flags_long="",attribute_flags_short="------",attribute_id="169",attribute_name="Remaining_Lifetime_Perc",attribute_value_type="thresh",device="sda"} 0
smartctl_device_attribute{attribute_flags_long="",attribute_flags_short="------",attribute_id="169",attribute_name="Remaining_Lifetime_Perc",attribute_value_type="value",device="sda"} 100
smartctl_device_attribute{attribute_flags_long="",attribute_flags_short="------",attribute_id="169",attribute_name="Remaining_Lifetime_Perc",attribute_value_type="worst",device="sda"} 100
smartctl_device_attribute{attribute_flags_long="",attribute_flags_short="------",attribute_id="175",attribute_name="Program_Fail_Count_Chip",attribute_value_type="raw",device="sda"} 0
smartctl_device_attribute{attribute_flags_long="",attribute_flags_short="------",attribute_id="175",attribute_name="Program_Fail_Count_Chip",attribute_value_type="thresh",device="sda"} 0
smartctl_device_attribute{attribute_flags_long="",attribute_flags_short="------",attribute_id="175",attribute_name="Program_Fail_Count_Chip",attribute_value_type="value",device="sda"} 100
smartctl_device_attribute{attribute_flags_long="",attribute_flags_short="------",attribute_id="175",attribute_name="Program_Fail_Count_Chip",attribute_value_type="worst",device="sda"} 100
smartctl_device_attribute{attribute_flags_long="",attribute_flags_short="------",attribute_id="176",attribute_name="Erase_Fail_Count_Chip",attribute_value_type="raw",device="sda"} 0
smartctl_device_attribute{attribute_flags_long="",attribute_flags_short="------",attribute_id="176",attribute_name="Erase_Fail_Count_Chip",attribute_value_type="thresh",device="sda"} 0
smartctl_device_attribute{attribute_flags_long="",attribute_flags_short="------",attribute_id="176",attribute_name="Erase_Fail_Count_Chip",attribute_value_type="value",device="sda"} 100
smartctl_device_attribute{attribute_flags_long="",attribute_flags_short="------",attribute_id="176",attribute_name="Erase_Fail_Count_Chip",attribute_value_type="worst",device="sda"} 100
smartctl_device_attribute{attribute_flags_long="",attribute_flags_short="------",attribute_id="177",attribute_name="Wear_Leveling_Count",attribute_value_type="raw",device="sda"} 401
smartctl_device_attribute{attribute_flags_long="",attribute_flags_short="------",attribute_id="177",attribute_name="Wear_Leveling_Count",attribute_value_type="thresh",device="sda"} 50
smartctl_device_attribute{attribute_flags_long="",attribute_flags_short="------",attribute_id="177",attribute_name="Wear_Leveling_Count",attribute_value_type="value",device="sda"} 100
smartctl_device_attribute{attribute_flags_long="",attribute_flags_short="------",attribute_id="177",attribute_name="Wear_Leveling_Count",attribute_value_type="worst",device="sda"} 100
smartctl_device_attribute{attribute_flags_long="",attribute_flags_short="------",attribute_id="178",attribute_name="Runtime_Invalid_Blk_Cnt",attribute_value_type="raw",device="sda"} 0
smartctl_device_attribute{attribute_flags_long="",attribute_flags_short="------",attribute_id="178",attribute_name="Runtime_Invalid_Blk_Cnt",attribute_value_type="thresh",device="sda"} 0
smartctl_device_attribute{attribute_flags_long="",attribute_flags_short="------",attribute_id="178",attribute_name="Runtime_Invalid_Blk_Cnt",attribute_value_type="value",device="sda"} 100
smartctl_device_attribute{attribute_flags_long="",attribute_flags_short="------",attribute_id="178",attribute_name="Runtime_Invalid_Blk_Cnt",attribute_value_type="worst",device="sda"} 100
smartctl_device_attribute{attribute_flags_long="",attribute_flags_short="------",attribute_id="181",attribute_name="Program_Fail_Cnt_Total",attribute_value_type="raw",device="sda"} 0
smartctl_device_attribute{attribute_flags_long="",attribute_flags_short="------",attribute_id="181",attribute_name="Program_Fail_Cnt_Total",attribute_value_type="thresh",device="sda"} 0
smartctl_device_attribute{attribute_flags_long="",attribute_flags_short="------",attribute_id="181",attribute_name="Program_Fail_Cnt_Total",attribute_value_type="value",device="sda"} 100
smartctl_device_attribute{attribute_flags_long="",attribute_flags_short="------",attribute_id="181",attribute_name="Program_Fail_Cnt_Total",attribute_value_type="worst",device="sda"} 100
smartctl_device_attribute{attribute_flags_long="",attribute_flags_short="------",attribute_id="182",attribute_name="Erase_Fail_Count_Total",attribute_value_type="raw",device="sda"} 0
smartctl_device_attribute{attribute_flags_long="",attribute_flags_short="------",attribute_id="182",attribute_name="Erase_Fail_Count_Total",attribute_value_type="thresh",device="sda"} 0
smartctl_device_attribute{attribute_flags_long="",attribute_flags_short="------",attribute_id="182",attribute_name="Erase_Fail_Count_Total",attribute_value_type="value",device="sda"} 100
smartctl_device_attribute{attribute_flags_long="",attribute_flags_short="------",attribute_id="182",attribute_name="Erase_Fail_Count_Total",attribute_value_type="worst",device="sda"} 100
smartctl_device_attribute{attribute_flags_long="",attribute_flags_short="------",attribute_id="192",attribute_name="Power-Off_Retract_Count",attribute_value_type="raw",device="sda"} 4
smartctl_device_attribute{attribute_flags_long="",attribute_flags_short="------",attribute_id="192",attribute_name="Power-Off_Retract_Count",attribute_value_type="thresh",device="sda"} 0
smartctl_device_attribute{attribute_flags_long="",attribute_flags_short="------",attribute_id="192",attribute_name="Power-Off_Retract_Count",attribute_value_type="value",device="sda"} 100
smartctl_device_attribute{attribute_flags_long="",attribute_flags_short="------",attribute_id="192",attribute_name="Power-Off_Retract_Count",attribute_value_type="worst",device="sda"} 100
smartctl_device_attribute{attribute_flags_long="",attribute_flags_short="------",attribute_id="194",attribute_name="Temperature_Celsius",attribute_value_type="raw",device="sda"} 26
smartctl_device_attribute{attribute_flags_long="",attribute_flags_short="------",attribute_id="194",attribute_name="Temperature_Celsius",attribute_value_type="thresh",device="sda"} 0
smartctl_device_attribute{attribute_flags_long="",attribute_flags_short="------",attribute_id="194",attribute_name="Temperature_Celsius",attribute_value_type="value",device="sda"} 100
smartctl_device_attribute{attribute_flags_long="",attribute_flags_short="------",attribute_id="194",attribute_name="Temperature_Celsius",attribute_value_type="worst",device="sda"} 100
smartctl_device_attribute{attribute_flags_long="",attribute_flags_short="------",attribute_id="195",attribute_name="Hardware_ECC_Recovered",attribute_value_type="raw",device="sda"} 0
smartctl_device_attribute{attribute_flags_long="",attribute_flags_short="------",attribute_id="195",attribute_name="Hardware_ECC_Recovered",attribute_value_type="thresh",device="sda"} 0
smartctl_device_attribute{attribute_flags_long="",attribute_flags_short="------",attribute_id="195",attribute_name="Hardware_ECC_Recovered",attribute_value_type="value",device="sda"} 100
smartctl_device_attribute{attribute_flags_long="",attribute_flags_short="------",attribute_id="195",attribute_name="Hardware_ECC_Recovered",attribute_value_type="worst",device="sda"} 100
smartctl_device_attribute{attribute_flags_long="",attribute_flags_short="------",attribute_id="196",attribute_name="Reallocated_Event_Count",attribute_value_type="raw",device="sda"} 0
smartctl_device_attribute{attribute_flags_long="",attribute_flags_short="------",attribute_id="196",attribute_name="Reallocated_Event_Count",attribute_value_type="thresh",device="sda"} 16
smartctl_device_attribute{attribute_flags_long="",attribute_flags_short="------",attribute_id="196",attribute_name="Reallocated_Event_Count",attribute_value_type="value",device="sda"} 100
smartctl_device_attribute{attribute_flags_long="",attribute_flags_short="------",attribute_id="196",attribute_name="Reallocated_Event_Count",attribute_value_type="worst",device="sda"} 100
smartctl_device_attribute{attribute_flags_long="",attribute_flags_short="------",attribute_id="197",attribute_name="Current_Pending_Sector",attribute_value_type="raw",device="sda"} 0
smartctl_device_attribute{attribute_flags_long="",attribute_flags_short="------",attribute_id="197",attribute_name="Current_Pending_Sector",attribute_value_type="thresh",device="sda"} 0
smartctl_device_attribute{attribute_flags_long="",attribute_flags_short="------",attribute_id="197",attribute_name="Current_Pending_Sector",attribute_value_type="value",device="sda"} 100
smartctl_device_attribute{attribute_flags_long="",attribute_flags_short="------",attribute_id="197",attribute_name="Current_Pending_Sector",attribute_value_type="worst",device="sda"} 100
smartctl_device_attribute{attribute_flags_long="",attribute_flags_short="------",attribute_id="198",attribute_name="Offline_Uncorrectable",attribute_value_type="raw",device="sda"} 0
smartctl_device_attribute{attribute_flags_long="",attribute_flags_short="------",attribute_id="198",attribute_name="Offline_Uncorrectable",attribute_value_type="thresh",device="sda"} 0
smartctl_device_attribute{attribute_flags_long="",attribute_flags_short="------",attribute_id="198",attribute_name="Offline_Uncorrectable",attribute_value_type="value",device="sda"} 100
smartctl_device_attribute{attribute_flags_long="",attribute_flags_short="------",attribute_id="198",attribute_name="Offline_Uncorrectable",attribute_value_type="worst",device="sda"} 100
smartctl_device_attribute{attribute_flags_long="",attribute_flags_short="------",attribute_id="199",attribute_name="UDMA_CRC_Error_Count",attribute_value_type="raw",device="sda"} 0
smartctl_device_attribute{attribute_flags_long="",attribute_flags_short="------",attribute_id="199",attribute_name="UDMA_CRC_Error_Count",attribute_value_type="thresh",device="sda"} 50
smartctl_device_attribute{attribute_flags_long="",attribute_flags_short="------",attribute_id="199",attribute_name="UDMA_CRC_Error_Count",attribute_value_type="value",device="sda"} 100
smartctl_device_attribute{attribute_flags_long="",attribute_flags_short="------",attribute_id="199",attribute_name="UDMA_CRC_Error_Count",attribute_value_type="worst",device="sda"} 100
smartctl_device_attribute{attribute_flags_long="",attribute_flags_short="------",attribute_id="232",attribute_name="Available_Reservd_Space",attribute_value_type="raw",device="sda"} 100
smartctl_device_attribute{attribute_flags_long="",attribute_flags_short="------",attribute_id="232",attribute_name="Available_Reservd_Space",attribute_value_type="thresh",device="sda"} 0
smartctl_device_attribute{attribute_flags_long="",attribute_flags_short="------",attribute_id="232",attribute_name="Available_Reservd_Space",attribute_value_type="value",device="sda"} 100
smartctl_device_attribute{attribute_flags_long="",attribute_flags_short="------",attribute_id="232",attribute_name="Available_Reservd_Space",attribute_value_type="worst",device="sda"} 100
smartctl_device_attribute{attribute_flags_long="",attribute_flags_short="------",attribute_id="241",attribute_name="Host_Writes_32MiB",attribute_value_type="raw",device="sda"} 30245
smartctl_device_attribute{attribute_flags_long="",attribute_flags_short="------",attribute_id="241",attribute_name="Host_Writes_32MiB",attribute_value_type="thresh",device="sda"} 0
smartctl_device_attribute{attribute_flags_long="",attribute_flags_short="------",attribute_id="241",attribute_name="Host_Writes_32MiB",attribute_value_type="value",device="sda"} 100
smartctl_device_attribute{attribute_flags_long="",attribute_flags_short="------",attribute_id="241",attribute_name="Host_Writes_32MiB",attribute_value_type="worst",device="sda"} 100
smartctl_device_attribute{attribute_flags_long="",attribute_flags_short="------",attribute_id="242",attribute_name="Host_Reads_32MiB",attribute_value_type="raw",device="sda"} 72455
smartctl_device_attribute{attribute_flags_long="",attribute_flags_short="------",attribute_id="242",attribute_name="Host_Reads_32MiB",attribute_value_type="thresh",device="sda"} 0
smartctl_device_attribute{attribute_flags_long="",attribute_flags_short="------",attribute_id="242",attribute_name="Host_Reads_32MiB",attribute_value_type="value",device="sda"} 100
smartctl_device_attribute{attribute_flags_long="",attribute_flags_short="------",attribute_id="242",attribute_name="Host_Reads_32MiB",attribute_value_type="worst",device="sda"} 100
smartctl_device_attribute{attribute_flags_long="",attribute_flags_short="------",attribute_id="245",attribute_name="TLC_Writes_32MiB",attribute_value_type="raw",device="sda"} 136733
smartctl_device_attribute{attribute_flags_long="",attribute_flags_short="------",attribute_id="245",attribute_name="TLC_Writes_32MiB",attribute_value_type="thresh",device="sda"} 0
smartctl_device_attribute{attribute_flags_long="",attribute_flags_short="------",attribute_id="245",attribute_name="TLC_Writes_32MiB",attribute_value_type="value",device="sda"} 100
smartctl_device_attribute{attribute_flags_long="",attribute_flags_short="------",attribute_id="245",attribute_name="TLC_Writes_32MiB",attribute_value_type="worst",device="sda"} 100
smartctl_device_attribute{attribute_flags_long="",attribute_flags_short="------",attribute_id="5",attribute_name="Reallocated_Sector_Ct",attribute_value_type="raw",device="sda"} 0
smartctl_device_attribute{attribute_flags_long="",attribute_flags_short="------",attribute_id="5",attribute_name="Reallocated_Sector_Ct",attribute_value_type="thresh",device="sda"} 0
smartctl_device_attribute{attribute_flags_long="",attribute_flags_short="------",attribute_id="5",attribute_name="Reallocated_Sector_Ct",attribute_value_type="value",device="sda"} 100
smartctl_device_attribute{attribute_flags_long="",attribute_flags_short="------",attribute_id="5",attribute_name="Reallocated_Sector_Ct",attribute_value_type="worst",device="sda"} 100
smartctl_device_attribute{attribute_flags_long="",attribute_flags_short="------",attribute_id="9",attribute_name="Power_On_Hours",attribute_value_type="raw",device="sda"} 796
smartctl_device_attribute{attribute_flags_long="",attribute_flags_short="------",attribute_id="9",attribute_name="Power_On_Hours",attribute_value_type="thresh",device="sda"} 0
smartctl_device_attribute{attribute_flags_long="",attribute_flags_short="------",attribute_id="9",attribute_name="Power_On_Hours",attribute_value_type="value",device="sda"} 100
smartctl_device_attribute{attribute_flags_long="",attribute_flags_short="------",attribute_id="9",attribute_name="Power_On_Hours",attribute_value_type="worst",device="sda"} 100
smartctl_device_block_size{blocks_type="logical",device="sda"} 512
smartctl_device_block_size{blocks_type="physical",device="sda"} 512
smartctl_device_capacity_blocks{device="sda"} 6.2533296e+07
smartctl_device_capacity_bytes{device="sda"} 3.2017047552e+10
smartctl_device_error_log_count{device="sda",error_log_type="summary"} 0
smartctl_device_interface_speed{device="sda",speed_type="current"} 6e+09
smartctl_device_interface_speed{device="sda",speed_type="max"} 6e+09
smartctl_device_power_cycle_count{device="sda"} 29
smartctl_device_power_on_seconds{device="sda"} 2.8656e+06
smartctl_device_smart_status{device="sda"} 1
smartctl_device_smartctl_exit_status{device="sda"} 0
smartctl_device_temperature{device="sda",temperature_type="current"} 26
smartctl_device{ata_additional_product_id="unknown",ata_version="ACS-2 (minor revision not indicated)",device="sda",firmware_version="REDACTED",form_factor="",interface="sat",model_family="Silicon Motion based SSDs",model_name="TS32GMTS400",protocol="ATA",sata_version="SATA 3.1",scsi_product="",scsi_revision="",scsi_vendor="",scsi_version="",serial_number="REDACTED"} 1
