smartctl_device_attribute{attribute_flags_long="prefailure,performance",attribute_flags_short="P-S---",attribute_id="2",attribute_name="Not_In_Use",attribute_value_type="raw",device="sda"} 0
smartctl_device_attribute{attribute_flags_long="prefailure,performance",attribute_flags_short="P-S---",attribute_id="2",attribute_name="Not_In_Use",attribute_value_type="thresh",device="sda"} 50
smartctl_device_attribute{attribute_flags_long="prefailure,performance",attribute_flags_short="P-S---",attribute_id="2",attribute_name="Not_In_Use",attribute_value_type="value",device="sda"} 100
smartctl_device_attribute{attribute_flags_long="prefailure,performance",attribute_flags_short="P-S---",attribute_id="2",attribute_name="Not_In_Use",attribute_value_type="worst",device="sda"} 100
smartctl_device_attribute{attribute_flags_long="prefailure,performance",attribute_flags_short="P-S---",attribute_id="8",attribute_name="Not_In_Use",attribute_value_type="raw",device="sda"} 0
smartctl_device_attribute{attribute_flags_long="prefailure,performance",attribute_flags_short="P-S---",attribute_id="8",attribute_name="Not_In_Use",attribute_value_type="thresh",device="sda"} 50
smartctl_device_attribute{attribute_flags_long="prefailure,performance",attribute_flags_short="P-S---",attribute_id="8",attribute_name="Not_In_Use",attribute_value_type="value",device="sda"} 100
smartctl_device_attribute{attribute_flags_long="prefailure,performance",attribute_flags_short="P-S---",attribute_id="8",attribute_name="Not_In_Use",attribute_value_type="worst",device="sda"} 100
smartctl_device_attribute{attribute_flags_long="prefailure,updated_online",attribute_flags_short="PO----",attribute_id="170",attribute_name="Bad_Blk_Ct_Erl/Lat",attribute_value_type="raw",device="sda"} 1.6778378e+07
smartctl_device_attribute{attribute_flags_long="prefailure,updated_online",attribute_flags_short="PO----",attribute_id="170",attribute_name="Bad_Blk_Ct_Erl/Lat",attribute_value_type="thresh",device="sda"} 10
smartctl_device_attribute{attribute_flags_long="prefailure,updated_online",attribute_flags_short="PO----",attribute_id="170",attribute_name="Bad_Blk_Ct_Erl/Lat",attribute_value_type="value",device="sda"} 99
smartctl_device_attribute{attribute_flags_long="prefailure,updated_online",attribute_flags_short="PO----",attribute_id="170",attribute_name="Bad_Blk_Ct_Erl/Lat",attribute_value_type="worst",device="sda"} 99
smartctl_device_attribute{attribute_flags_long="prefailure,updated_online,auto_keep",attribute_flags_short="PO---K",attribute_id="194",attribute_name="Temperature_Celsius",attribute_value_type="raw",device="sda"} 1.88980068383e+11
smartctl_device_attribute{attribute_flags_long="prefailure,updated_online,auto_keep",attribute_flags_short="PO---K",attribute_id="194",attribute_name="Temperature_Celsius",attribute_value_type="thresh",device="sda"} 30
smartctl_device_attribute{attribute_flags_long="prefailure,updated_online,auto_keep",attribute_flags_short="PO---K",attribute_id="194",attribute_name="Temperature_Celsius",attribute_value_type="value",device="sda"} 69
smartctl_device_attribute{attribute_flags_long="prefailure,updated_online,auto_keep",attribute_flags_short="PO---K",attribute_id="194",attribute_name="Temperature_Celsius",attribute_value_type="worst",device="sda"} 56
smartctl_device_attribute{attribute_flags_long="prefailure,updated_online,error_rate",attribute_flags_short="PO-R--",attribute_id="1",attribute_name="Raw_Read_Error_Rate",attribute_value_type="raw",device="sda"} 0
smartctl_device_attribute{attribute_flags_long="prefailure,updated_online,error_rate",attribute_flags_short="PO-R--",attribute_id="1",attribute_name="Raw_Read_Error_Rate",attribute_value_type="thresh",device="sda"} 50
smartctl_device_attribute{attribute_flags_long="prefailure,updated_online,error_rate",attribute_flags_short="PO-R--",attribute_id="1",attribute_name="Raw_Read_Error_Rate",attribute_value_type="value",device="sda"} 100
smartctl_device_attribute{attribute_flags_long="prefailure,updated_online,error_rate",attribute_flags_short="PO-R--",attribute_id="1",attribute_name="Raw_Read_Error_Rate",attribute_value_type="worst",device="sda"} 100
smartctl_device_attribute{attribute_flags_long="prefailure,updated_online,error_rate",attribute_flags_short="PO-R--",attribute_id="199",attribute_name="SATA_CRC_Error_Count",attribute_value_type="raw",device="sda"} 0
smartctl_device_attribute{attribute_flags_long="prefailure,updated_online,error_rate",attribute_flags_short="PO-R--",attribute_id="199",attribute_name="SATA_CRC_Error_Count",attribute_value_type="thresh",device="sda"} 50
smartctl_device_attribute{attribute_flags_long="prefailure,updated_online,error_rate",attribute_flags_short="PO-R--",attribute_id="199",attribute_name="SATA_CRC_Error_Count",attribute_value_type="value",device="sda"} 100
smartctl_device_attribute{attribute_flags_long="prefailure,updated_online,error_rate",attribute_flags_short="PO-R--",attribute_id="199",attribute_name="SATA_CRC_Error_Count",attribute_value_type="worst",device="sda"} 100
smartctl_device_attribute{attribute_flags_long="prefailure,updated_online,error_rate",attribute_flags_short="PO-R--",attribute_id="218",attribute_name="CRC_Error_Count",attribute_value_type="raw",device="sda"} 0
smartctl_device_attribute{attribute_flags_long="prefailure,updated_online,error_rate",attribute_flags_short="PO-R--",attribute_id="218",attribute_name="CRC_Error_Count",attribute_value_type="thresh",device="sda"} 50
smartctl_device_attribute{attribute_flags_long="prefailure,updated_online,error_rate",attribute_flags_short="PO-R--",attribute_id="218",attribute_name="CRC_Error_Count",attribute_value_type="value",device="sda"} 100
smartctl_device_attribute{attribute_flags_long="prefailure,updated_online,error_rate",attribute_flags_short="PO-R--",attribute_id="218",attribute_name="CRC_Error_Count",attribute_value_type="worst",device="sda"} 100
smartctl_device_attribute{attribute_flags_long="prefailure,updated_online,error_rate",attribute_flags_short="PO-R--",attribute_id="233",attribute_name="Flash_Writes_GiB",attribute_value_type="raw",device="sda"} 840007
smartctl_device_attribute{attribute_flags_long="prefailure,updated_online,error_rate",attribute_flags_short="PO-R--",attribute_id="233",attribute_name="Flash_Writes_GiB",attribute_value_type="thresh",device="sda"} 0
smartctl_device_attribute{attribute_flags_long="prefailure,updated_online,error_rate",attribute_flags_short="PO-R--",attribute_id="233",attribute_name="Flash_Writes_GiB",attribute_value_type="value",device="sda"} 100
smartctl_device_attribute{attribute_flags_long="prefailure,updated_online,error_rate",attribute_flags_short="PO-R--",attribute_id="233",attribute_name="Flash_Writes_GiB",attribute_value_type="worst",device="sda"} 100
smartctl_device_attribute{attribute_flags_long="prefailure,updated_online,error_rate",attribute_flags_short="PO-R--",attribute_id="7",attribute_name="Not_In_Use",attribute_value_type="raw",device="sda"} 0
smartctl_device_attribute{attribute_flags_long="prefailure,updated_online,error_rate",attribute_flags_short="PO-R--",attribute_id="7",attribute_name="Not_In_Use",attribute_value_type="thresh",device="sda"} 50
smartctl_device_attribute{attribute_flags_long="prefailure,updated_online,error_rate",attribute_flags_short="PO-R--",attribute_id="7",attribute_name="Not_In_Use",attribute_value_type="value",device="sda"} 100
smartctl_device_attribute{attribute_flags_long="prefailure,updated_online,error_rate",attribute_flags_short="PO-R--",attribute_id="7",attribute_name="Not_In_Use",attribute_value_type="worst",device="sda"} 100
smartctl_device_attribute{attribute_flags_long="prefailure,updated_online,event_count",attribute_flags_short="PO--C-",attribute_id="175",attribute_name="Not_In_Use",attribute_value_type="raw",device="sda"} 0
smartctl_device_attribute{attribute_flags_long="prefailure,updated_online,event_count",attribute_flags_short="PO--C-",attribute_id="175",attribute_name="Not_In_Use",attribute_value_type="thresh",device="sda"} 50
smartctl_device_attribute{attribute_flags_long="prefailure,updated_online,event_count",attribute_flags_short="PO--C-",attribute_id="175",attribute_name="Not_In_Use",attribute_value_type="value",device="sda"} 100
smartctl_device_attribute{attribute_flags_long="prefailure,updated_online,event_count",attribute_flags_short="PO--C-",attribute_id="175",attribute_name="Not_In_Use",attribute_value_type="worst",device="sda"} 100
smartctl_device_attribute{attribute_flags_long="prefailure,updated_online,event_count",attribute_flags_short="PO--C-",attribute_id="231",attribute_name="SSD_Life_Left",attribute_value_type="raw",device="sda"} 74
smartctl_device_attribute{attribute_flags_long="prefailure,updated_online,event_count",attribute_flags_short="PO--C-",attribute_id="231",attribute_name="SSD_Life_Left",attribute_value_type="thresh",device="sda"} 0
smartctl_device_attribute{attribute_flags_long="prefailure,updated_online,event_count",attribute_flags_short="PO--C-",attribute_id="231",attribute_name="SSD_Life_Left",attribute_value_type="value",device="sda"} 100
smartctl_device_attribute{attribute_flags_long="prefailure,updated_online,event_count",attribute_flags_short="PO--C-",attribute_id="231",attribute_name="SSD_Life_Left",attribute_value_type="worst",device="sda"} 100
smartctl_device_attribute{attribute_flags_long="prefailure,updated_online,event_count",attribute_flags_short="PO--C-",attribute_id="240",attribute_name="Not_In_Use",attribute_value_type="raw",device="sda"} 0
smartctl_device_attribute{attribute_flags_long="prefailure,updated_online,event_count",attribute_flags_short="PO--C-",attribute_id="240",attribute_name="Not_In_Use",attribute_value_type="thresh",device="sda"} 0
smartctl_device_attribute{attribute_flags_long="prefailure,updated_online,event_count",attribute_flags_short="PO--C-",attribute_id="240",attribute_name="Not_In_Use",attribute_value_type="value",device="sda"} 100
smartctl_device_attribute{attribute_flags_long="prefailure,updated_online,event_count",attribute_flags_short="PO--C-",attribute_id="240",attribute_name="Not_In_Use",attribute_value_type="worst",device="sda"} 100
smartctl_device_attribute{attribute_flags_long="prefailure,updated_online,event_count",attribute_flags_short="PO--C-",attribute_id="5",attribute_name="Retired_Block_Count",attribute_value_type="raw",device="sda"} 1
smartctl_device_attribute{attribute_flags_long="prefailure,updated_online,event_count",attribute_flags_short="PO--C-",attribute_id="5",attribute_name="Retired_Block_Count",attribute_value_type="thresh",device="sda"} 50
smartctl_device_attribute{attribute_flags_long="prefailure,updated_online,event_count",attribute_flags_short="PO--C-",attribute_id="5",attribute_name="Retired_Block_Count",attribute_value_type="value",device="sda"} 100
smartctl_device_attribute{attribute_flags_long="prefailure,updated_online,event_count",attribute_flags_short="PO--C-",attribute_id="5",attribute_name="Retired_Block_Count",attribute_value_type="worst",device="sda"} 100
smartctl_device_attribute{attribute_flags_long="prefailure,updated_online,performance",attribute_flags_short="POS---",attribute_id="3",attribute_name="Not_In_Use",attribute_value_type="raw",device="sda"} 0
smartctl_device_attribute{attribute_flags_long="prefailure,updated_online,performance",attribute_flags_short="POS---",attribute_id="3",attribute_name="Not_In_Use",attribute_value_type="thresh",device="sda"} 50
smartctl_device_attribute{attribute_flags_long="prefailure,updated_online,performance",attribute_flags_short="POS---",attribute_id="3",attribute_name="Not_In_Use",attribute_value_type="value",device="sda"} 100
smartctl_device_attribute{attribute_flags_long="prefailure,updated_online,performance",attribute_flags_short="POS---",attribute_id="3",attribute_name="Not_In_Use",attribute_value_type="worst",device="sda"} 100
smartctl_device_attribute{attribute_flags_long="updated_online",attribute_flags_short="-O----",attribute_id="196",attribute_name="Reallocated_Event_Count",attribute_value_type="raw",device="sda"} 1
smartctl_device_attribute{attribute_flags_long="updated_online",attribute_flags_short="-O----",attribute_id="196",attribute_name="Reallocated_Event_Count",attribute_value_type="thresh",device="sda"} 10
smartctl_device_attribute{attribute_flags_long="updated_online",attribute_flags_short="-O----",attribute_id="196",attribute_name="Reallocated_Event_Count",attribute_value_type="value",device="sda"} 100
smartctl_device_attribute{attribute_flags_long="updated_online",attribute_flags_short="-O----",attribute_id="196",attribute_name="Reallocated_Event_Count",attribute_value_type="worst",device="sda"} 100
smartctl_device_attribute{attribute_flags_long="updated_online",attribute_flags_short="-O----",attribute_id="244",attribute_name="Average_Erase_Count",attribute_value_type="raw",device="sda"} 808
smartctl_device_attribute{attribute_flags_long="updated_online",attribute_flags_short="-O----",attribute_id="244",attribute_name="Average_Erase_Count",attribute_value_type="thresh",device="sda"} 0
smartctl_device_attribute{attribute_flags_long="updated_online",attribute_flags_short="-O----",attribute_id="244",attribute_name="Average_Erase_Count",attribute_value_type="value",device="sda"} 100
smartctl_device_attribute{attribute_flags_long="updated_online",attribute_flags_short="-O----",attribute_id="244",attribute_name="Average_Erase_Count",attribute_value_type="worst",device="sda"} 100
smartctl_device_attribute{attribute_flags_long="updated_online",attribute_flags_short="-O----",attribute_id="245",attribute_name="Max_Erase_Count",attribute_value_type="raw",device="sda"} 888
smartctl_device_attribute{attribute_flags_long="updated_online",attribute_flags_short="-O----",attribute_id="245",attribute_name="Max_Erase_Count",attribute_value_type="thresh",device="sda"} 0
smartctl_device_attribute{attribute_flags_long="updated_online",attribute_flags_short="-O----",attribute_id="245",attribute_name="Max_Erase_Count",attribute_value_type="value",device="sda"} 100
smartctl_device_attribute{attribute_flags_long="updated_online",attribute_flags_short="-O----",attribute_id="245",attribute_name="Max_Erase_Count",attribute_value_type="worst",device="sda"} 100
smartctl_device_attribute{attribute_flags_long="updated_online,event_count",attribute_flags_short="-O--C-",attribute_id="12",attribute_name="Power_Cycle_Count",attribute_value_type="raw",device="sda"} 23
smartctl_device_attribute{attribute_flags_long="updated_online,event_count",attribute_flags_short="-O--C-",attribute_id="12",attribute_name="Power_Cycle_Count",attribute_value_type="thresh",device="sda"} 0
smartctl_device_attribute{attribute_flags_long="updated_online,event_count",attribute_flags_short="-O--C-",attribute_id="12",attribute_name="Power_Cycle_Count",attribute_value_type="value",device="sda"} 100
smartctl_device_attribute{attribute_flags_long="updated_online,event_count",attribute_flags_short="-O--C-",attribute_id="12",attribute_name="Power_Cycle_Count",attribute_value_type="worst",device="sda"} 100
smartctl_device_attribute{attribute_flags_long="updated_online,event_count",attribute_flags_short="-O--C-",attribute_id="168",attribute_name="SATA_Phy_Error_Count",attribute_value_type="raw",device="sda"} 0
smartctl_device_attribute{attribute_flags_long="updated_online,event_count",attribute_flags_short="-O--C-",attribute_id="168",attribute_name="SATA_Phy_Error_Count",attribute_value_type="thresh",device="sda"} 0
smartctl_device_attribute{attribute_flags_long="updated_online,event_count",attribute_flags_short="-O--C-",attribute_id="168",attribute_name="SATA_Phy_Error_Count",attribute_value_type="value",device="sda"} 100
smartctl_device_attribute{attribute_flags_long="updated_online,event_count",attribute_flags_short="-O--C-",attribute_id="168",attribute_name="SATA_Phy_Error_Count",attribute_value_type="worst",device="sda"} 100
smartctl_device_attribute{attribute_flags_long="updated_online,event_count",attribute_flags_short="-O--C-",attribute_id="173",attribute_name="MaxAvgErase_Ct",attribute_value_type="raw",device="sda"} 5.2953976e+07
smartctl_device_attribute{attribute_flags_long="updated_online,event_count",attribute_flags_short="-O--C-",attribute_id="173",attribute_name="MaxAvgErase_Ct",attribute_value_type="thresh",device="sda"} 0
smartctl_device_attribute{attribute_flags_long="updated_online,event_count",attribute_flags_short="-O--C-",attribute_id="173",attribute_name="MaxAvgErase_Ct",attribute_value_type="value",device="sda"} 100
smartctl_device_attribute{attribute_flags_long="updated_online,event_count",attribute_flags_short="-O--C-",attribute_id="173",attribute_name="MaxAvgErase_Ct",attribute_value_type="worst",device="sda"} 100
smartctl_device_attribute{attribute_flags_long="updated_online,event_count",attribute_flags_short="-O--C-",attribute_id="187",attribute_name="Reported_Uncorrect",attribute_value_type="raw",device="sda"} 0
smartctl_device_attribute{attribute_flags_long="updated_online,event_count",attribute_flags_short="-O--C-",attribute_id="187",attribute_name="Reported_Uncorrect",attribute_value_type="thresh",device="sda"} 0
smartctl_device_attribute{attribute_flags_long="updated_online,event_count",attribute_flags_short="-O--C-",attribute_id="187",attribute_name="Reported_Uncorrect",attribute_value_type="value",device="sda"} 100
smartctl_device_attribute{attribute_flags_long="updated_online,event_count",attribute_flags_short="-O--C-",attribute_id="187",attribute_name="Reported_Uncorrect",attribute_value_type="worst",device="sda"} 100
smartctl_device_attribute{attribute_flags_long="updated_online,event_count",attribute_flags_short="-O--C-",attribute_id="192",attribute_name="Unsafe_Shutdown_Count",attribute_value_type="raw",device="sda"} 15
smartctl_device_attribute{attribute_flags_long="updated_online,event_count",attribute_flags_short="-O--C-",attribute_id="192",attribute_name="Unsafe_Shutdown_Count",attribute_value_type="thresh",device="sda"} 0
smartctl_device_attribute{attribute_flags_long="updated_online,event_count",attribute_flags_short="-O--C-",attribute_id="192",attribute_name="Unsafe_Shutdown_Count",attribute_value_type="value",device="sda"} 100
smartctl_device_attribute{attribute_flags_long="updated_online,event_count",attribute_flags_short="-O--C-",attribute_id="192",attribute_name="Unsafe_Shutdown_Count",attribute_value_type="worst",device="sda"} 100
smartctl_device_attribute{attribute_flags_long="updated_online,event_count",attribute_flags_short="-O--C-",attribute_id="241",attribute_name="Lifetime_Writes_GiB",attribute_value_type="raw",device="sda"} 391741
smartctl_device_attribute{attribute_flags_long="updated_online,event_count",attribute_flags_short="-O--C-",attribute_id="241",attribute_name="Lifetime_Writes_GiB",attribute_value_type="thresh",device="sda"} 0
smartctl_device_attribute{attribute_flags_long="updated_online,event_count",attribute_flags_short="-O--C-",attribute_id="241",attribute_name="Lifetime_Writes_GiB",attribute_value_type="value",device="sda"} 100
smartctl_device_attribute{attribute_flags_long="updated_online,event_count",attribute_flags_short="-O--C-",attribute_id="241",attribute_name="Lifetime_Writes_GiB",attribute_value_type="worst",device="sda"} 100
smartctl_device_attribute{attribute_flags_long="updated_online,event_count",attribute_flags_short="-O--C-",attribute_id="242",attribute_name="Lifetime_Reads_GiB",attribute_value_type="raw",device="sda"} 1.837742e+06
smartctl_device_attribute{attribute_flags_long="updated_online,event_count",attribute_flags_short="-O--C-",attribute_id="242",attribute_name="Lifetime_Reads_GiB",attribute_value_type="thresh",device="sda"} 0
smartctl_device_attribute{attribute_flags_long="updated_online,event_count",attribute_flags_short="-O--C-",attribute_id="242",attribute_name="Lifetime_Reads_GiB",attribute_value_type="value",device="sda"} 100
smartctl_device_attribute{attribute_flags_long="updated_online,event_count",attribute_flags_short="-O--C-",attribute_id="242",attribute_name="Lifetime_Reads_GiB",attribute_value_type="worst",device="sda"} 100
smartctl_device_attribute{attribute_flags_long="updated_online,event_count",attribute_flags_short="-O--C-",attribute_id="246",attribute_name="Total_Erase_Count",attribute_value_type="raw",device="sda"} 2.17844032e+08
smartctl_device_attribute{attribute_flags_long="updated_online,event_count",attribute_flags_short="-O--C-",attribute_id="246",attribute_name="Total_Erase_Count",attribute_value_type="thresh",device="sda"} 0
smartctl_device_attribute{attribute_flags_long="updated_online,event_count",attribute_flags_short="-O--C-",attribute_id="246",attribute_name="Total_Erase_Count",attribute_value_type="value",device="sda"} 100
smartctl_device_attribute{attribute_flags_long="updated_online,event_count",attribute_flags_short="-O--C-",attribute_id="246",attribute_name="Total_Erase_Count",attribute_value_type="worst",device="sda"} 100
smartctl_device_attribute{attribute_flags_long="updated_online,event_count",attribute_flags_short="-O--C-",attribute_id="9",attribute_name="Power_On_Hours",attribute_value_type="raw",device="sda"} 54450
smartctl_device_attribute{attribute_flags_long="updated_online,event_count",attribute_flags_short="-O--C-",attribute_id="9",attribute_name="Power_On_Hours",attribute_value_type="thresh",device="sda"} 0
smartctl_device_attribute{attribute_flags_long="updated_online,event_count",attribute_flags_short="-O--C-",attribute_id="9",attribute_name="Power_On_Hours",attribute_value_type="value",device="sda"} 100
smartctl_device_attribute{attribute_flags_long="updated_online,event_count",attribute_flags_short="-O--C-",attribute_id="9",attribute_name="Power_On_Hours",attribute_value_type="worst",device="sda"} 100
smartctl_device_attribute{attribute_flags_long="updated_online,event_count,auto_keep",attribute_flags_short="-O--CK",attribute_id="197",attribute_name="Not_In_Use",attribute_value_type="raw",device="sda"} 0
smartctl_device_attribute{attribute_flags_long="updated_online,event_count,auto_keep",attribute_flags_short="-O--CK",attribute_id="197",attribute_name="Not_In_Use",attribute_value_type="thresh",device="sda"} 0
smartctl_device_attribute{attribute_flags_long="updated_online,event_count,auto_keep",attribute_flags_short="-O--CK",attribute_id="197",attribute_name="Not_In_Use",attribute_value_type="value",device="sda"} 100
smartctl_device_attribute{attribute_flags_long="updated_online,event_count,auto_keep",attribute_flags_short="-O--CK",attribute_id="197",attribute_name="Not_In_Use",attribute_value_type="worst",device="sda"} 100
smartctl_device_block_size{blocks_type="logical",device="sda"} 512
smartctl_device_block_size{blocks_type="physical",device="sda"} 512
smartctl_device_capacity_blocks{device="sda"} 2.000409264e+09
smartctl_device_capacity_bytes{device="sda"} 1.024209543168e+12
smartctl_device_error_log_count{device="sda",error_log_type="summary"} 0
smartctl_device_interface_speed{device="sda",speed_type="current"} 6e+09
smartctl_device_interface_speed{device="sda",speed_type="max"} 6e+09
smartctl_device_power_cycle_count{device="sda"} 23
smartctl_device_power_on_seconds{device="sda"} 1.9602e+08
smartctl_device_smart_status{device="sda"} 1
smartctl_device_smartctl_exit_status{device="sda"} 0
smartctl_device_temperature{device="sda",temperature_type="current"} 31
smartctl_device{ata_additional_product_id="unknown",ata_version="ACS-2 (minor revision not indicated)",device="sda",firmware_version="REDACTED",form_factor="2.5 inches",interface="sat",model_family="Phison Driven SSDs",model_name="KINGSTON SKC400S371T",protocol="ATA",sata_version="SATA 3.1",scsi_product="",scsi_revision="",scsi_vendor="",scsi_version="",serial_number="REDACTED"} 1
