smartctl_device_attribute{attribute_flags_long="",attribute_flags_short="------",attribute_id="240",attribute_name="Head_Flying_Hours",attribute_value_type="raw",device="sdc"} 2.9856035663671e+14
smartctl_device_attribute{attribute_flags_long="",attribute_flags_short="------",attribute_id="240",attribute_name="Head_Flying_Hours",attribute_value_type="thresh",device="sdc"} 0
smartctl_device_attribute{attribute_flags_long="",attribute_flags_short="------",attribute_id="240",attribute_name="Head_Flying_Hours",attribute_value_type="value",device="sdc"} 100
smartctl_device_attribute{attribute_flags_long="",attribute_flags_short="------",attribute_id="240",attribute_name="Head_Flying_Hours",attribute_value_type="worst",device="sdc"} 253
smartctl_device_attribute{attribute_flags_long="",attribute_flags_short="------",attribute_id="241",attribute_name="Total_LBAs_Written",attribute_value_type="raw",device="sdc"} 1.47026905479e+11
smartctl_device_attribute{attribute_flags_long="",attribute_flags_short="------",attribute_id="241",attribute_name="Total_LBAs_Written",attribute_value_type="thresh",device="sdc"} 0
smartctl_device_attribute{attribute_flags_long="",attribute_flags_short="------",attribute_id="241",attribute_name="Total_LBAs_Written",attribute_value_type="value",device="sdc"} 100
smartctl_device_attribute{attribute_flags_long="",attribute_flags_short="------",attribute_id="241",attribute_name="Total_LBAs_Written",attribute_value_type="worst",device="sdc"} 253
smartctl_device_attribute{attribute_flags_long="",attribute_flags_short="------",attribute_id="242",attribute_name="Total_LBAs_Read",attribute_value_type="raw",device="sdc"} 2.3136264055e+11
smartctl_device_attribute{attribute_flags_long="",attribute_flags_short="------",attribute_id="242",attribute_name="Total_LBAs_Read",attribute_value_type="thresh",device="sdc"} 0
smartctl_device_attribute{attribute_flags_long="",attribute_flags_short="------",attribute_id="242",attribute_name="Total_LBAs_Read",attribute_value_type="value",device="sdc"} 100
smartctl_device_attribute{attribute_flags_long="",attribute_flags_short="------",attribute_id="242",attribute_name="Total_LBAs_Read",attribute_value_type="worst",device="sdc"} 253
smartctl_device_attribute{attribute_flags_long="event_count",attribute_flags_short="----C-",attribute_id="198",attribute_name="Offline_Uncorrectable",attribute_value_type="raw",device="sdc"} 0
smartctl_device_attribute{attribute_flags_long="event_count",attribute_flags_short="----C-",attribute_id="198",attribute_name="Offline_Uncorrectable",attribute_value_type="thresh",device="sdc"} 0
smartctl_device_attribute{attribute_flags_long="event_count",attribute_flags_short="----C-",attribute_id="198",attribute_name="Offline_Uncorrectable",attribute_value_type="value",device="sdc"} 100
smartctl_device_attribute{attribute_flags_long="event_count",attribute_flags_short="----C-",attribute_id="198",attribute_name="Offline_Uncorrectable",attribute_value_type="worst",device="sdc"} 100
smartctl_device_attribute{attribute_flags_long="prefailure,updated_online",attribute_flags_short="PO----",attribute_id="3",attribute_name="Spin_Up_Time",attribute_value_type="raw",device="sdc"} 0
smartctl_device_attribute{attribute_flags_long="prefailure,updated_online",attribute_flags_short="PO----",attribute_id="3",attribute_name="Spin_Up_Time",attribute_value_type="thresh",device="sdc"} 0
smartctl_device_attribute{attribute_flags_long="prefailure,updated_online",attribute_flags_short="PO----",attribute_id="3",attribute_name="Spin_Up_Time",attribute_value_type="value",device="sdc"} 95
smartctl_device_attribute{attribute_flags_long="prefailure,updated_online",attribute_flags_short="PO----",attribute_id="3",attribute_name="Spin_Up_Time",attribute_value_type="worst",device="sdc"} 93
smartctl_device_attribute{attribute_flags_long="prefailure,updated_online,event_count",attribute_flags_short="PO--C-",attribute_id="10",attribute_name="Spin_Retry_Count",attribute_value_type="raw",device="sdc"} 0
smartctl_device_attribute{attribute_flags_long="prefailure,updated_online,event_count",attribute_flags_short="PO--C-",attribute_id="10",attribute_name="Spin_Retry_Count",attribute_value_type="thresh",device="sdc"} 97
smartctl_device_attribute{attribute_flags_long="prefailure,updated_online,event_count",attribute_flags_short="PO--C-",attribute_id="10",attribute_name="Spin_Retry_Count",attribute_value_type="value",device="sdc"} 100
smartctl_device_attribute{attribute_flags_long="prefailure,updated_online,event_count",attribute_flags_short="PO--C-",attribute_id="10",attribute_name="Spin_Retry_Count",attribute_value_type="worst",device="sdc"} 100
smartctl_device_attribute{attribute_flags_long="prefailure,updated_online,event_count,auto_keep",attribute_flags_short="PO--CK",attribute_id="5",attribute_name="Reallocated_Sector_Ct",attribute_value_type="raw",device="sdc"} 0
smartctl_device_attribute{attribute_flags_long="prefailure,updated_online,event_count,auto_keep",attribute_flags_short="PO--CK",attribute_id="5",attribute_name="Reallocated_Sector_Ct",attribute_value_type="thresh",device="sdc"} 10
smartctl_device_attribute{attribute_flags_long="prefailure,updated_online,event_count,auto_keep",attribute_flags_short="PO--CK",attribute_id="5",attribute_name="Reallocated_Sector_Ct",attribute_value_type="value",device="sdc"} 100
smartctl_device_attribute{attribute_flags_long="prefailure,updated_online,event_count,auto_keep",attribute_flags_short="PO--CK",attribute_id="5",attribute_name="Reallocated_Sector_Ct",attribute_value_type="worst",device="sdc"} 100
smartctl_device_attribute{attribute_flags_long="prefailure,updated_online,performance,error_rate",attribute_flags_short="POSR--",attribute_id="1",attribute_name="Raw_Read_Error_Rate",attribute_value_type="raw",device="sdc"} 1.56126818e+08
smartctl_device_attribute{attribute_flags_long="prefailure,updated_online,performance,error_rate",attribute_flags_short="POSR--",attribute_id="1",attribute_name="Raw_Read_Error_Rate",attribute_value_type="thresh",device="sdc"} 44
smartctl_device_attribute{attribute_flags_long="prefailure,updated_online,performance,error_rate",attribute_flags_short="POSR--",attribute_id="1",attribute_name="Raw_Read_Error_Rate",attribute_value_type="value",device="sdc"} 82
smartctl_device_attribute{attribute_flags_long="prefailure,updated_online,performance,error_rate",attribute_flags_short="POSR--",attribute_id="1",attribute_name="Raw_Read_Error_Rate",attribute_value_type="worst",device="sdc"} 64
smartctl_device_attribute{attribute_flags_long="prefailure,updated_online,performance,error_rate",attribute_flags_short="POSR--",attribute_id="7",attribute_name="Seek_Error_Rate",attribute_value_type="raw",device="sdc"} 2.856887595e+09
smartctl_device_attribute{attribute_flags_long="prefailure,updated_online,performance,error_rate",attribute_flags_short="POSR--",attribute_id="7",attribute_name="Seek_Error_Rate",attribute_value_type="thresh",device="sdc"} 45
smartctl_device_attribute{attribute_flags_long="prefailure,updated_online,performance,error_rate",attribute_flags_short="POSR--",attribute_id="7",attribute_name="Seek_Error_Rate",attribute_value_type="value",device="sdc"} 95
smartctl_device_attribute{attribute_flags_long="prefailure,updated_online,performance,error_rate",attribute_flags_short="POSR--",attribute_id="7",attribute_name="Seek_Error_Rate",attribute_value_type="worst",device="sdc"} 62
smartctl_device_attribute{attribute_flags_long="updated_online,auto_keep",attribute_flags_short="-O---K",attribute_id="190",attribute_name="Airflow_Temperature_Cel",attribute_value_type="raw",device="sdc"} 5.21928733e+08
smartctl_device_attribute{attribute_flags_long="updated_online,auto_keep",attribute_flags_short="-O---K",attribute_id="190",attribute_name="Airflow_Temperature_Cel",attribute_value_type="thresh",device="sdc"} 40
smartctl_device_attribute{attribute_flags_long="updated_online,auto_keep",attribute_flags_short="-O---K",attribute_id="190",attribute_name="Airflow_Temperature_Cel",attribute_value_type="value",device="sdc"} 71
smartctl_device_attribute{attribute_flags_long="updated_online,auto_keep",attribute_flags_short="-O---K",attribute_id="190",attribute_name="Airflow_Temperature_Cel",attribute_value_type="worst",device="sdc"} 60
smartctl_device_attribute{attribute_flags_long="updated_online,auto_keep",attribute_flags_short="-O---K",attribute_id="194",attribute_name="Temperature_Celsius",attribute_value_type="raw",device="sdc"} 6.4424509469e+10
smartctl_device_attribute{attribute_flags_long="updated_online,auto_keep",attribute_flags_short="-O---K",attribute_id="194",attribute_name="Temperature_Celsius",attribute_value_type="thresh",device="sdc"} 0
smartctl_device_attribute{attribute_flags_long="updated_online,auto_keep",attribute_flags_short="-O---K",attribute_id="194",attribute_name="Temperature_Celsius",attribute_value_type="value",device="sdc"} 29
smartctl_device_attribute{attribute_flags_long="updated_online,auto_keep",attribute_flags_short="-O---K",attribute_id="194",attribute_name="Temperature_Celsius",attribute_value_type="worst",device="sdc"} 40
smartctl_device_attribute{attribute_flags_long="updated_online,error_rate,event_count",attribute_flags_short="-O-RC-",attribute_id="195",attribute_name="Hardware_ECC_Recovered",attribute_value_type="raw",device="sdc"} 1.56126818e+08
smartctl_device_attribute{attribute_flags_long="updated_online,error_rate,event_count",attribute_flags_short="-O-RC-",attribute_id="195",attribute_name="Hardware_ECC_Recovered",attribute_value_type="thresh",device="sdc"} 0
smartctl_device_attribute{attribute_flags_long="updated_online,error_rate,event_count",attribute_flags_short="-O-RC-",attribute_id="195",attribute_name="Hardware_ECC_Recovered",attribute_value_type="value",device="sdc"} 4
smartctl_device_attribute{attribute_flags_long="updated_online,error_rate,event_count",attribute_flags_short="-O-RC-",attribute_id="195",attribute_name="Hardware_ECC_Recovered",attribute_value_type="worst",device="sdc"} 1
smartctl_device_attribute{attribute_flags_long="updated_online,error_rate,event_count,auto_keep",attribute_flags_short="-O-RCK",attribute_id="189",attribute_name="High_Fly_Writes",attribute_value_type="raw",device="sdc"} 0
smartctl_device_attribute{attribute_flags_long="updated_online,error_rate,event_count,auto_keep",attribute_flags_short="-O-RCK",attribute_id="189",attribute_name="High_Fly_Writes",attribute_value_type="thresh",device="sdc"} 0
smartctl_device_attribute{attribute_flags_long="updated_online,error_rate,event_count,auto_keep",attribute_flags_short="-O-RCK",attribute_id="189",attribute_name="High_Fly_Writes",attribute_value_type="value",device="sdc"} 100
smartctl_device_attribute{attribute_flags_long="updated_online,error_rate,event_count,auto_keep",attribute_flags_short="-O-RCK",attribute_id="189",attribute_name="High_Fly_Writes",attribute_value_type="worst",device="sdc"} 100
smartctl_device_attribute{attribute_flags_long="updated_online,event_count",attribute_flags_short="-O--C-",attribute_id="197",attribute_name="Current_Pending_Sector",attribute_value_type="raw",device="sdc"} 0
smartctl_device_attribute{attribute_flags_long="updated_online,event_count",attribute_flags_short="-O--C-",attribute_id="197",attribute_name="Current_Pending_Sector",attribute_value_type="thresh",device="sdc"} 0
smartctl_device_attribute{attribute_flags_long="updated_online,event_count",attribute_flags_short="-O--C-",attribute_id="197",attribute_name="Current_Pending_Sector",attribute_value_type="value",device="sdc"} 100
smartctl_device_attribute{attribute_flags_long="updated_online,event_count",attribute_flags_short="-O--C-",attribute_id="197",attribute_name="Current_Pending_Sector",attribute_value_type="worst",device="sdc"} 100
smartctl_device_attribute{attribute_flags_long="updated_online,event_count,auto_keep",attribute_flags_short="-O--CK",attribute_id="12",attribute_name="Power_Cycle_Count",attribute_value_type="raw",device="sdc"} 32
smartctl_device_attribute{attribute_flags_long="updated_online,event_count,auto_keep",attribute_flags_short="-O--CK",attribute_id="12",attribute_name="Power_Cycle_Count",attribute_value_type="thresh",device="sdc"} 20
smartctl_device_attribute{attribute_flags_long="updated_online,event_count,auto_keep",attribute_flags_short="-O--CK",attribute_id="12",attribute_name="Power_Cycle_Count",attribute_value_type="value",device="sdc"} 100
smartctl_device_attribute{attribute_flags_long="updated_online,event_count,auto_keep",attribute_flags_short="-O--CK",attribute_id="12",attribute_name="Power_Cycle_Count",attribute_value_type="worst",device="sdc"} 100
smartctl_device_attribute{attribute_flags_long="updated_online,event_count,auto_keep",attribute_flags_short="-O--CK",attribute_id="184",attribute_name="End-to-End_Error",attribute_value_type="raw",device="sdc"} 0
smartctl_device_attribute{attribute_flags_long="updated_online,event_count,auto_keep",attribute_flags_short="-O--CK",attribute_id="184",attribute_name="End-to-End_Error",attribute_value_type="thresh",device="sdc"} 99
smartctl_device_attribute{attribute_flags_long="updated_online,event_count,auto_keep",attribute_flags_short="-O--CK",attribute_id="184",attribute_name="End-to-End_Error",attribute_value_type="value",device="sdc"} 100
smartctl_device_attribute{attribute_flags_long="updated_online,event_count,auto_keep",attribute_flags_short="-O--CK",attribute_id="184",attribute_name="End-to-End_Error",attribute_value_type="worst",device="sdc"} 100
smartctl_device_attribute{attribute_flags_long="updated_online,event_count,auto_keep",attribute_flags_short="-O--CK",attribute_id="187",attribute_name="Reported_Uncorrect",attribute_value_type="raw",device="sdc"} 0
smartctl_device_attribute{attribute_flags_long="updated_online,event_count,auto_keep",attribute_flags_short="-O--CK",attribute_id="187",attribute_name="Reported_Uncorrect",attribute_value_type="thresh",device="sdc"} 0
smartctl_device_attribute{attribute_flags_long="updated_online,event_count,auto_keep",attribute_flags_short="-O--CK",attribute_id="187",attribute_name="Reported_Uncorrect",attribute_value_type="value",device="sdc"} 100
smartctl_device_attribute{attribute_flags_long="updated_online,event_count,auto_keep",attribute_flags_short="-O--CK",attribute_id="187",attribute_name="Reported_Uncorrect",attribute_value_type="worst",device="sdc"} 100
smartctl_device_attribute{attribute_flags_long="updated_online,event_count,auto_keep",attribute_flags_short="-O--CK",attribute_id="188",attribute_name="Command_Timeout",attribute_value_type="raw",device="sdc"} 0
smartctl_device_attribute{attribute_flags_long="updated_online,event_count,auto_keep",attribute_flags_short="-O--CK",attribute_id="188",attribute_name="Command_Timeout",attribute_value_type="thresh",device="sdc"} 0
smartctl_device_attribute{attribute_flags_long="updated_online,event_count,auto_keep",attribute_flags_short="-O--CK",attribute_id="188",attribute_name="Command_Timeout",attribute_value_type="value",device="sdc"} 100
smartctl_device_attribute{attribute_flags_long="updated_online,event_count,auto_keep",attribute_flags_short="-O--CK",attribute_id="188",attribute_name="Command_Timeout",attribute_value_type="worst",device="sdc"} 100
smartctl_device_attribute{attribute_flags_long="updated_online,event_count,auto_keep",attribute_flags_short="-O--CK",attribute_id="191",attribute_name="G-Sense_Error_Rate",attribute_value_type="raw",device="sdc"} 12551
smartctl_device_attribute{attribute_flags_long="updated_online,event_count,auto_keep",attribute_flags_short="-O--CK",attribute_id="191",attribute_name="G-Sense_Error_Rate",attribute_value_type="thresh",device="sdc"} 0
smartctl_device_attribute{attribute_flags_long="updated_online,event_count,auto_keep",attribute_flags_short="-O--CK",attribute_id="191",attribute_name="G-Sense_Error_Rate",attribute_value_type="value",device="sdc"} 94
smartctl_device_attribute{attribute_flags_long="updated_online,event_count,auto_keep",attribute_flags_short="-O--CK",attribute_id="191",attribute_name="G-Sense_Error_Rate",attribute_value_type="worst",device="sdc"} 94
smartctl_device_attribute{attribute_flags_long="updated_online,event_count,auto_keep",attribute_flags_short="-O--CK",attribute_id="192",attribute_name="Power-Off_Retract_Count",attribute_value_type="raw",device="sdc"} 29
smartctl_device_attribute{attribute_flags_long="updated_online,event_count,auto_keep",attribute_flags_short="-O--CK",attribute_id="192",attribute_name="Power-Off_Retract_Count",attribute_value_type="thresh",device="sdc"} 0
smartctl_device_attribute{attribute_flags_long="updated_online,event_count,auto_keep",attribute_flags_short="-O--CK",attribute_id="192",attribute_name="Power-Off_Retract_Count",attribute_value_type="value",device="sdc"} 100
smartctl_device_attribute{attribute_flags_long="updated_online,event_count,auto_keep",attribute_flags_short="-O--CK",attribute_id="192",attribute_name="Power-Off_Retract_Count",attribute_value_type="worst",device="sdc"} 100
smartctl_device_attribute{attribute_flags_long="updated_online,event_count,auto_keep",attribute_flags_short="-O--CK",attribute_id="193",attribute_name="Load_Cycle_Count",attribute_value_type="raw",device="sdc"} 221697
smartctl_device_attribute{attribute_flags_long="updated_online,event_count,auto_keep",attribute_flags_short="-O--CK",attribute_id="193",attribute_name="Load_Cycle_Count",attribute_value_type="thresh",device="sdc"} 0
smartctl_device_attribute{attribute_flags_long="updated_online,event_count,auto_keep",attribute_flags_short="-O--CK",attribute_id="193",attribute_name="Load_Cycle_Count",attribute_value_type="value",device="sdc"} 1
smartctl_device_attribute{attribute_flags_long="updated_online,event_count,auto_keep",attribute_flags_short="-O--CK",attribute_id="193",attribute_name="Load_Cycle_Count",attribute_value_type="worst",device="sdc"} 1
smartctl_device_attribute{attribute_flags_long="updated_online,event_count,auto_keep",attribute_flags_short="-O--CK",attribute_id="4",attribute_name="Start_Stop_Count",attribute_value_type="raw",device="sdc"} 36
smartctl_device_attribute{attribute_flags_long="updated_online,event_count,auto_keep",attribute_flags_short="-O--CK",attribute_id="4",attribute_name="Start_Stop_Count",attribute_value_type="thresh",device="sdc"} 20
smartctl_device_attribute{attribute_flags_long="updated_online,event_count,auto_keep",attribute_flags_short="-O--CK",attribute_id="4",attribute_name="Start_Stop_Count",attribute_value_type="value",device="sdc"} 100
smartctl_device_attribute{attribute_flags_long="updated_online,event_count,auto_keep",attribute_flags_short="-O--CK",attribute_id="4",attribute_name="Start_Stop_Count",attribute_value_type="worst",device="sdc"} 100
smartctl_device_attribute{attribute_flags_long="updated_online,event_count,auto_keep",attribute_flags_short="-O--CK",attribute_id="9",attribute_name="Power_On_Hours",attribute_value_type="raw",device="sdc"} 37119
smartctl_device_attribute{attribute_flags_long="updated_online,event_count,auto_keep",attribute_flags_short="-O--CK",attribute_id="9",attribute_name="Power_On_Hours",attribute_value_type="thresh",device="sdc"} 0
smartctl_device_attribute{attribute_flags_long="updated_online,event_count,auto_keep",attribute_flags_short="-O--CK",attribute_id="9",attribute_name="Power_On_Hours",attribute_value_type="value",device="sdc"} 58
smartctl_device_attribute{attribute_flags_long="updated_online,event_count,auto_keep",attribute_flags_short="-O--CK",attribute_id="9",attribute_name="Power_On_Hours",attribute_value_type="worst",device="sdc"} 58
smartctl_device_attribute{attribute_flags_long="updated_online,performance,error_rate,event_count,auto_keep",attribute_flags_short="-OSRCK",attribute_id="199",attribute_name="UDMA_CRC_Error_Count",attribute_value_type="raw",device="sdc"} 0
smartctl_device_attribute{attribute_flags_long="updated_online,performance,error_rate,event_count,auto_keep",attribute_flags_short="-OSRCK",attribute_id="199",attribute_name="UDMA_CRC_Error_Count",attribute_value_type="thresh",device="sdc"} 0
smartctl_device_attribute{attribute_flags_long="updated_online,performance,error_rate,event_count,auto_keep",attribute_flags_short="-OSRCK",attribute_id="199",attribute_name="UDMA_CRC_Error_Count",attribute_value_type="value",device="sdc"} 200
smartctl_device_attribute{attribute_flags_long="updated_online,performance,error_rate,event_count,auto_keep",attribute_flags_short="-OSRCK",attribute_id="199",attribute_name="UDMA_CRC_Error_Count",attribute_value_type="worst",device="sdc"} 200
smartctl_device_block_size{blocks_type="logical",device="sdc"} 512
smartctl_device_block_size{blocks_type="physical",device="sdc"} 512
smartctl_device_capacity_blocks{device="sdc"} 7.814037168e+09
smartctl_device_capacity_bytes{device="sdc"} 4.000787030016e+12
smartctl_device_error_log_count{device="sdc",error_log_type="summary"} 0
smartctl_device_interface_speed{device="sdc",speed_type="current"} 6e+09
smartctl_device_interface_speed{device="sdc",speed_type="max"} 6e+09
smartctl_device_power_cycle_count{device="sdc"} 32
smartctl_device_power_on_seconds{device="sdc"} 1.336284e+08
smartctl_device_rotation_rate{device="sdc"} 7200
smartctl_device_smart_status{device="sdc"} 1
smartctl_device_smartctl_exit_status{device="sdc"} 0
smartctl_device_temperature{device="sdc",temperature_type="current"} 29
smartctl_device{ata_additional_product_id="unknown",ata_version="ACS-3 T13/2161-D revision 5",device="sdc",firmware_version="REDACTED",form_factor="3.5 inches",interface="sat",model_family="Seagate Enterprise Capacity 3.5 HDD",model_name="ST4000NM0035-1V4107",protocol="ATA",sata_version="SATA 3.1",scsi_product="",scsi_revision="",scsi_vendor="",scsi_version="",serial_number="REDACTED"} 1
