smartctl_device_attribute{attribute_flags_long="",attribute_flags_short="------",attribute_id="148",attribute_name="Unknown_Attribute",attribute_value_type="raw",device="sda"} 0
smartctl_device_attribute{attribute_flags_long="",attribute_flags_short="------",attribute_id="148",attribute_name="Unknown_Attribute",attribute_value_type="thresh",device="sda"} 0
smartctl_device_attribute{attribute_flags_long="",attribute_flags_short="------",attribute_id="148",attribute_name="Unknown_Attribute",attribute_value_type="value",device="sda"} 100
smartctl_device_attribute{attribute_flags_long="",attribute_flags_short="------",attribute_id="148",attribute_name="Unknown_Attribute",attribute_value_type="worst",device="sda"} 100
smartctl_device_attribute{attribute_flags_long="",attribute_flags_short="------",attribute_id="149",attribute_name="Unknown_Attribute",attribute_value_type="raw",device="sda"} 0
smartctl_device_attribute{attribute_flags_long="",attribute_flags_short="------",attribute_id="149",attribute_name="Unknown_Attribute",attribute_value_type="thresh",device="sda"} 0
smartctl_device_attribute{attribute_flags_long="",attribute_flags_short="------",attribute_id="149",attribute_name="Unknown_Attribute",attribute_value_type="value",device="sda"} 100
smartctl_device_attribute{attribute_flags_long="",attribute_flags_short="------",attribute_id="149",attribute_name="Unknown_Attribute",attribute_value_type="worst",device="sda"} 100
smartctl_device_attribute{attribute_flags_long="",attribute_flags_short="------",attribute_id="167",attribute_name="Write_Protect_Mode",attribute_value_type="raw",device="sda"} 0
smartctl_device_attribute{attribute_flags_long="",attribute_flags_short="------",attribute_id="167",attribute_name="Write_Protect_Mode",attribute_value_type="thresh",device="sda"} 0
smartctl_device_attribute{attribute_flags_long="",attribute_flags_short="------",attribute_id="167",attribute_name="Write_Protect_Mode",attribute_value_type="value",device="sda"} 100
smartctl_device_attribute{attribute_flags_long="",attribute_flags_short="------",attribute_id="167",attribute_name="Write_Protect_Mode",attribute_value_type="worst",device="sda"} 100
smartctl_device_attribute{attribute_flags_long="",attribute_flags_short="------",attribute_id="169",attribute_name="Bad_Block_Rate",attribute_value_type="raw",device="sda"} 4
smartctl_device_attribute{attribute_flags_long="",attribute_flags_short="------",attribute_id="169",attribute_name="Bad_Block_Rate",attribute_value_type="thresh",device="sda"} 0
smartctl_device_attribute{attribute_flags_long="",attribute_flags_short="------",attribute_id="169",attribute_name="Bad_Block_Rate",attribute_value_type="value",device="sda"} 100
smartctl_device_attribute{attribute_flags_long="",attribute_flags_short="------",attribute_id="169",attribute_name="Bad_Block_Rate",attribute_value_type="worst",device="sda"} 100
smartctl_device_attribute{attribute_flags_long="",attribute_flags_short="------",attribute_id="170",attribute_name="Bad_Blk_Ct_Erl/Lat",attribute_value_type="raw",device="sda"} 6
smartctl_device_attribute{attribute_flags_long="",attribute_flags_short="------",attribute_id="170",attribute_name="Bad_Blk_Ct_Erl/Lat",attribute_value_type="thresh",device="sda"} 10
smartctl_device_attribute{attribute_flags_long="",attribute_flags_short="------",attribute_id="170",attribute_name="Bad_Blk_Ct_Erl/Lat",attribute_value_type="value",device="sda"} 100
smartctl_device_attribute{attribute_flags_long="",attribute_flags_short="------",attribute_id="170",attribute_name="Bad_Blk_Ct_Erl/Lat",attribute_value_type="worst",device="sda"} 100
smartctl_device_attribute{attribute_flags_long="",attribute_flags_short="------",attribute_id="173",attribute_name="MaxAvgErase_Ct",attribute_value_type="raw",device="sda"} 1.114162e+06
smartctl_device_attribute{attribute_flags_long="",attribute_flags_short="------",attribute_id="173",attribute_name="MaxAvgErase_Ct",attribute_value_type="thresh",device="sda"} 0
smartctl_device_attribute{attribute_flags_long="",attribute_flags_short="------",attribute_id="173",attribute_name="MaxAvgErase_Ct",attribute_value_type="value",device="sda"} 100
smartctl_device_attribute{attribute_flags_long="",attribute_flags_short="------",attribute_id="173",attribute_name="MaxAvgErase_Ct",attribute_value_type="worst",device="sda"} 100
smartctl_device_attribute{attribute_flags_long="",attribute_flags_short="------",attribute_id="182",attribute_name="Erase_Fail_Count",attribute_value_type="raw",device="sda"} 0
smartctl_device_attribute{attribute_flags_long="",attribute_flags_short="------",attribute_id="182",attribute_name="Erase_Fail_Count",attribute_value_type="thresh",device="sda"} 0
smartctl_device_attribute{attribute_flags_long="",attribute_flags_short="------",attribute_id="182",attribute_name="Erase_Fail_Count",attribute_value_type="value",device="sda"} 100
smartctl_device_attribute{attribute_flags_long="",attribute_flags_short="------",attribute_id="182",attribute_name="Erase_Fail_Count",attribute_value_type="worst",device="sda"} 100
smartctl_device_attribute{attribute_flags_long="",attribute_flags_short="------",attribute_id="231",attribute_name="SSD_Life_Left",attribute_value_type="raw",device="sda"} 98
smartctl_device_attribute{attribute_flags_long="",attribute_flags_short="------",attribute_id="231",attribute_name="SSD_Life_Left",attribute_value_type="thresh",device="sda"} 0
smartctl_device_attribute{attribute_flags_long="",attribute_flags_short="------",attribute_id="231",attribute_name="SSD_Life_Left",attribute_value_type="value",device="sda"} 98
smartctl_device_attribute{attribute_flags_long="",attribute_flags_short="------",attribute_id="231",attribute_name="SSD_Life_Left",attribute_value_type="worst",device="sda"} 98
smartctl_device_attribute{attribute_flags_long="",attribute_flags_short="------",attribute_id="244",attribute_name="Average_Erase_Count",attribute_value_type="raw",device="sda"} 17
smartctl_device_attribute{attribute_flags_long="",attribute_flags_short="------",attribute_id="244",attribute_name="Average_Erase_Count",attribute_value_type="thresh",device="sda"} 0
smartctl_device_attribute{attribute_flags_long="",attribute_flags_short="------",attribute_id="244",attribute_name="Average_Erase_Count",attribute_value_type="value",device="sda"} 100
smartctl_device_attribute{attribute_flags_long="",attribute_flags_short="------",attribute_id="244",attribute_name="Average_Erase_Count",attribute_value_type="worst",device="sda"} 100
smartctl_device_attribute{attribute_flags_long="",attribute_flags_short="------",attribute_id="245",attribute_name="Max_Erase_Count",attribute_value_type="raw",device="sda"} 50
smartctl_device_attribute{attribute_flags_long="",attribute_flags_short="------",attribute_id="245",attribute_name="Max_Erase_Count",attribute_value_type="thresh",device="sda"} 0
smartctl_device_attribute{attribute_flags_long="",attribute_flags_short="------",attribute_id="245",attribute_name="Max_Erase_Count",attribute_value_type="value",device="sda"} 100
smartctl_device_attribute{attribute_flags_long="",attribute_flags_short="------",attribute_id="245",attribute_name="Max_Erase_Count",attribute_value_type="worst",device="sda"} 100
smartctl_device_attribute{attribute_flags_long="",attribute_flags_short="------",attribute_id="246",attribute_name="Total_Erase_Count",attribute_value_type="raw",device="sda"} 125544
smartctl_device_attribute{attribute_flags_long="",attribute_flags_short="------",attribute_id="246",attribute_name="Total_Erase_Count",attribute_value_type="thresh",device="sda"} 0
smartctl_device_attribute{attribute_flags_long="",attribute_flags_short="------",attribute_id="246",attribute_name="Total_Erase_Count",attribute_value_type="value",device="sda"} 100
smartctl_device_attribute{attribute_flags_long="",attribute_flags_short="------",attribute_id="246",attribute_name="Total_Erase_Count",attribute_value_type="worst",device="sda"} 100
smartctl_device_attribute{attribute_flags_long="updated_online,auto_keep",attribute_flags_short="-O---K",attribute_id="194",attribute_name="Temperature_Celsius",attribute_value_type="raw",device="sda"} 1.2026164023e+11
smartctl_device_attribute{attribute_flags_long="updated_online,auto_keep",attribute_flags_short="-O---K",attribute_id="194",attribute_name="Temperature_Celsius",attribute_value_type="thresh",device="sda"} 0
smartctl_device_attribute{attribute_flags_long="updated_online,auto_keep",attribute_flags_short="-O---K",attribute_id="194",attribute_name="Temperature_Celsius",attribute_value_type="value",device="sda"} 38
smartctl_device_attribute{attribute_flags_long="updated_online,auto_keep",attribute_flags_short="-O---K",attribute_id="194",attribute_name="Temperature_Celsius",attribute_value_type="worst",device="sda"} 39
smartctl_device_attribute{attribute_flags_long="updated_online,event_count",attribute_flags_short="-O--C-",attribute_id="168",attribute_name="SATA_Phy_Error_Count",attribute_value_type="raw",device="sda"} 0
smartctl_device_attribute{attribute_flags_long="updated_online,event_count",attribute_flags_short="-O--C-",attribute_id="168",attribute_name="SATA_Phy_Error_Count",attribute_value_type="thresh",device="sda"} 0
smartctl_device_attribute{attribute_flags_long="updated_online,event_count",attribute_flags_short="-O--C-",attribute_id="168",attribute_name="SATA_Phy_Error_Count",attribute_value_type="value",device="sda"} 100
smartctl_device_attribute{attribute_flags_long="updated_online,event_count",attribute_flags_short="-O--C-",attribute_id="168",attribute_name="SATA_Phy_Error_Count",attribute_value_type="worst",device="sda"} 100
smartctl_device_attribute{attribute_flags_long="updated_online,event_count",attribute_flags_short="-O--C-",attribute_id="192",attribute_name="Unsafe_Shutdown_Count",attribute_value_type="raw",device="sda"} 3
smartctl_device_attribute{attribute_flags_long="updated_online,event_count",attribute_flags_short="-O--C-",attribute_id="192",attribute_name="Unsafe_Shutdown_Count",attribute_value_type="thresh",device="sda"} 0
smartctl_device_attribute{attribute_flags_long="updated_online,event_count",attribute_flags_short="-O--C-",attribute_id="192",attribute_name="Unsafe_Shutdown_Count",attribute_value_type="value",device="sda"} 100
smartctl_device_attribute{attribute_flags_long="updated_online,event_count",attribute_flags_short="-O--C-",attribute_id="192",attribute_name="Unsafe_Shutdown_Count",attribute_value_type="worst",device="sda"} 100
smartctl_device_attribute{attribute_flags_long="updated_online,event_count,auto_keep",attribute_flags_short="-O--CK",attribute_id="1",attribute_name="Raw_Read_Error_Rate",attribute_value_type="raw",device="sda"} 0
smartctl_device_attribute{attribute_flags_long="updated_online,event_count,auto_keep",attribute_flags_short="-O--CK",attribute_id="1",attribute_name="Raw_Read_Error_Rate",attribute_value_type="thresh",device="sda"} 0
smartctl_device_attribute{attribute_flags_long="updated_online,event_count,auto_keep",attribute_flags_short="-O--CK",attribute_id="1",attribute_name="Raw_Read_Error_Rate",attribute_value_type="value",device="sda"} 100
smartctl_device_attribute{attribute_flags_long="updated_online,event_count,auto_keep",attribute_flags_short="-O--CK",attribute_id="1",attribute_name="Raw_Read_Error_Rate",attribute_value_type="worst",device="sda"} 100
smartctl_device_attribute{attribute_flags_long="updated_online,event_count,auto_keep",attribute_flags_short="-O--CK",attribute_id="12",attribute_name="Power_Cycle_Count",attribute_value_type="raw",device="sda"} 8
smartctl_device_attribute{attribute_flags_long="updated_online,event_count,auto_keep",attribute_flags_short="-O--CK",attribute_id="12",attribute_name="Power_Cycle_Count",attribute_value_type="thresh",device="sda"} 0
smartctl_device_attribute{attribute_flags_long="updated_online,event_count,auto_keep",attribute_flags_short="-O--CK",attribute_id="12",attribute_name="Power_Cycle_Count",attribute_value_type="value",device="sda"} 100
smartctl_device_attribute{attribute_flags_long="updated_online,event_count,auto_keep",attribute_flags_short="-O--CK",attribute_id="12",attribute_name="Power_Cycle_Count",attribute_value_type="worst",device="sda"} 100
smartctl_device_attribute{attribute_flags_long="updated_online,event_count,auto_keep",attribute_flags_short="-O--CK",attribute_id="172",attribute_name="Erase_Fail_Count",attribute_value_type="raw",device="sda"} 0
smartctl_device_attribute{attribute_flags_long="updated_online,event_count,auto_keep",attribute_flags_short="-O--CK",attribute_id="172",attribute_name="Erase_Fail_Count",attribute_value_type="thresh",device="sda"} 0
smartctl_device_attribute{attribute_flags_long="updated_online,event_count,auto_keep",attribute_flags_short="-O--CK",attribute_id="172",attribute_name="Erase_Fail_Count",attribute_value_type="value",device="sda"} 100
smartctl_device_attribute{attribute_flags_long="updated_online,event_count,auto_keep",attribute_flags_short="-O--CK",attribute_id="172",attribute_name="Erase_Fail_Count",attribute_value_type="worst",device="sda"} 100
smartctl_device_attribute{attribute_flags_long="updated_online,event_count,auto_keep",attribute_flags_short="-O--CK",attribute_id="181",attribute_name="Program_Fail_Count",attribute_value_type="raw",device="sda"} 0
smartctl_device_attribute{attribute_flags_long="updated_online,event_count,auto_keep",attribute_flags_short="-O--CK",attribute_id="181",attribute_name="Program_Fail_Count",attribute_value_type="thresh",device="sda"} 0
smartctl_device_attribute{attribute_flags_long="updated_online,event_count,auto_keep",attribute_flags_short="-O--CK",attribute_id="181",attribute_name="Program_Fail_Count",attribute_value_type="value",device="sda"} 100
smartctl_device_attribute{attribute_flags_long="updated_online,event_count,auto_keep",attribute_flags_short="-O--CK",attribute_id="181",attribute_name="Program_Fail_Count",attribute_value_type="worst",device="sda"} 100
smartctl_device_attribute{attribute_flags_long="updated_online,event_count,auto_keep",attribute_flags_short="-O--CK",attribute_id="187",attribute_name="Reported_Uncorrect",attribute_value_type="raw",device="sda"} 0
smartctl_device_attribute{attribute_flags_long="updated_online,event_count,auto_keep",attribute_flags_short="-O--CK",attribute_id="187",attribute_name="Reported_Uncorrect",attribute_value_type="thresh",device="sda"} 0
smartctl_device_attribute{attribute_flags_long="updated_online,event_count,auto_keep",attribute_flags_short="-O--CK",attribute_id="187",attribute_name="Reported_Uncorrect",attribute_value_type="value",device="sda"} 100
smartctl_device_attribute{attribute_flags_long="updated_online,event_count,auto_keep",attribute_flags_short="-O--CK",attribute_id="187",attribute_name="Reported_Uncorrect",attribute_value_type="worst",device="sda"} 100
smartctl_device_attribute{attribute_flags_long="updated_online,event_count,auto_keep",attribute_flags_short="-O--CK",attribute_id="196",attribute_name="Reallocated_Event_Count",attribute_value_type="raw",device="sda"} 0
smartctl_device_attribute{attribute_flags_long="updated_online,event_count,auto_keep",attribute_flags_short="-O--CK",attribute_id="196",attribute_name="Reallocated_Event_Count",attribute_value_type="thresh",device="sda"} 0
smartctl_device_attribute{attribute_flags_long="updated_online,event_count,auto_keep",attribute_flags_short="-O--CK",attribute_id="196",attribute_name="Reallocated_Event_Count",attribute_value_type="value",device="sda"} 100
smartctl_device_attribute{attribute_flags_long="updated_online,event_count,auto_keep",attribute_flags_short="-O--CK",attribute_id="196",attribute_name="Reallocated_Event_Count",attribute_value_type="worst",device="sda"} 100
smartctl_device_attribute{attribute_flags_long="updated_online,event_count,auto_keep",attribute_flags_short="-O--CK",attribute_id="199",attribute_name="SATA_CRC_Error_Count",attribute_value_type="raw",device="sda"} 0
smartctl_device_attribute{attribute_flags_long="updated_online,event_count,auto_keep",attribute_flags_short="-O--CK",attribute_id="199",attribute_name="SATA_CRC_Error_Count",attribute_value_type="thresh",device="sda"} 0
smartctl_device_attribute{attribute_flags_long="updated_online,event_count,auto_keep",attribute_flags_short="-O--CK",attribute_id="199",attribute_name="SATA_CRC_Error_Count",attribute_value_type="value",device="sda"} 100
smartctl_device_attribute{attribute_flags_long="updated_online,event_count,auto_keep",attribute_flags_short="-O--CK",attribute_id="199",attribute_name="SATA_CRC_Error_Count",attribute_value_type="worst",device="sda"} 100
smartctl_device_attribute{attribute_flags_long="updated_online,event_count,auto_keep",attribute_flags_short="-O--CK",attribute_id="218",attribute_name="CRC_Error_Count",attribute_value_type="raw",device="sda"} 0
smartctl_device_attribute{attribute_flags_long="updated_online,event_count,auto_keep",attribute_flags_short="-O--CK",attribute_id="218",attribute_name="CRC_Error_Count",attribute_value_type="thresh",device="sda"} 0
smartctl_device_attribute{attribute_flags_long="updated_online,event_count,auto_keep",attribute_flags_short="-O--CK",attribute_id="218",attribute_name="CRC_Error_Count",attribute_value_type="value",device="sda"} 100
smartctl_device_attribute{attribute_flags_long="updated_online,event_count,auto_keep",attribute_flags_short="-O--CK",attribute_id="218",attribute_name="CRC_Error_Count",attribute_value_type="worst",device="sda"} 100
smartctl_device_attribute{attribute_flags_long="updated_online,event_count,auto_keep",attribute_flags_short="-O--CK",attribute_id="233",attribute_name="Flash_Writes_GiB",attribute_value_type="raw",device="sda"} 979
smartctl_device_attribute{attribute_flags_long="updated_online,event_count,auto_keep",attribute_flags_short="-O--CK",attribute_id="233",attribute_name="Flash_Writes_GiB",attribute_value_type="thresh",device="sda"} 0
smartctl_device_attribute{attribute_flags_long="updated_online,event_count,auto_keep",attribute_flags_short="-O--CK",attribute_id="233",attribute_name="Flash_Writes_GiB",attribute_value_type="value",device="sda"} 100
smartctl_device_attribute{attribute_flags_long="updated_online,event_count,auto_keep",attribute_flags_short="-O--CK",attribute_id="233",attribute_name="Flash_Writes_GiB",attribute_value_type="worst",device="sda"} 100
smartctl_device_attribute{attribute_flags_long="updated_online,event_count,auto_keep",attribute_flags_short="-O--CK",attribute_id="241",attribute_name="Lifetime_Writes_GiB",attribute_value_type="raw",device="sda"} 398
smartctl_device_attribute{attribute_flags_long="updated_online,event_count,auto_keep",attribute_flags_short="-O--CK",attribute_id="241",attribute_name="Lifetime_Writes_GiB",attribute_value_type="thresh",device="sda"} 0
smartctl_device_attribute{attribute_flags_long="updated_online,event_count,auto_keep",attribute_flags_short="-O--CK",attribute_id="241",attribute_name="Lifetime_Writes_GiB",attribute_value_type="value",device="sda"} 100
smartctl_device_attribute{attribute_flags_long="updated_online,event_count,auto_keep",attribute_flags_short="-O--CK",attribute_id="241",attribute_name="Lifetime_Writes_GiB",attribute_value_type="worst",device="sda"} 100
smartctl_device_attribute{attribute_flags_long="updated_online,event_count,auto_keep",attribute_flags_short="-O--CK",attribute_id="242",attribute_name="Lifetime_Reads_GiB",attribute_value_type="raw",device="sda"} 937
smartctl_device_attribute{attribute_flags_long="updated_online,event_count,auto_keep",attribute_flags_short="-O--CK",attribute_id="242",attribute_name="Lifetime_Reads_GiB",attribute_value_type="thresh",device="sda"} 0
smartctl_device_attribute{attribute_flags_long="updated_online,event_count,auto_keep",attribute_flags_short="-O--CK",attribute_id="242",attribute_name="Lifetime_Reads_GiB",attribute_value_type="value",device="sda"} 100
smartctl_device_attribute{attribute_flags_long="updated_online,event_count,auto_keep",attribute_flags_short="-O--CK",attribute_id="242",attribute_name="Lifetime_Reads_GiB",attribute_value_type="worst",device="sda"} 100
smartctl_device_attribute{attribute_flags_long="updated_online,event_count,auto_keep",attribute_flags_short="-O--CK",attribute_id="9",attribute_name="Power_On_Hours",attribute_value_type="raw",device="sda"} 4994
smartctl_device_attribute{attribute_flags_long="updated_online,event_count,auto_keep",attribute_flags_short="-O--CK",attribute_id="9",attribute_name="Power_On_Hours",attribute_value_type="thresh",device="sda"} 0
smartctl_device_attribute{attribute_flags_long="updated_online,event_count,auto_keep",attribute_flags_short="-O--CK",attribute_id="9",attribute_name="Power_On_Hours",attribute_value_type="value",device="sda"} 100
smartctl_device_attribute{attribute_flags_long="updated_online,event_count,auto_keep",attribute_flags_short="-O--CK",attribute_id="9",attribute_name="Power_On_Hours",attribute_value_type="worst",device="sda"} 100
smartctl_device_block_size{blocks_type="logical",device="sda"} 512
smartctl_device_block_size{blocks_type="physical",device="sda"} 512
smartctl_device_capacity_blocks{device="sda"} 2.34441648e+08
smartctl_device_capacity_bytes{device="sda"} 1.20034123776e+11
smartctl_device_interface_speed{device="sda",speed_type="current"} 6e+09
smartctl_device_interface_speed{device="sda",speed_type="max"} 6e+09
smartctl_device_power_cycle_count{device="sda"} 8
smartctl_device_power_on_seconds{device="sda"} 1.79784e+07
smartctl_device_smart_status{device="sda"} 1
smartctl_device_smartctl_exit_status{device="sda"} 4
smartctl_device_temperature{device="sda",temperature_type="current"} 38
smartctl_device{ata_additional_product_id="unknown",ata_version="ACS-3 T13/2161-D revision 4",device="sda",firmware_version="REDACTED",form_factor="",interface="sat",model_family="Phison Driven SSDs",model_name="KINGSTON SA400M8120G",protocol="ATA",sata_version="SATA 3.2",scsi_product="",scsi_revision="",scsi_vendor="",scsi_version="",serial_number="REDACTED"} 1
