smartctl_device_attribute{attribute_flags_long="",attribute_flags_short="------",attribute_id="240",attribute_name="Head_Flying_Hours",attribute_value_type="raw",device="sds"} 5.595921479928106e+15
smartctl_device_attribute{attribute_flags_long="",attribute_flags_short="------",attribute_id="240",attribute_name="Head_Flying_Hours",attribute_value_type="thresh",device="sds"} 0
smartctl_device_attribute{attribute_flags_long="",attribute_flags_short="------",attribute_id="240",attribute_name="Head_Flying_Hours",attribute_value_type="value",device="sds"} 100
smartctl_device_attribute{attribute_flags_long="",attribute_flags_short="------",attribute_id="240",attribute_name="Head_Flying_Hours",attribute_value_type="worst",device="sds"} 253
smartctl_device_attribute{attribute_flags_long="",attribute_flags_short="------",attribute_id="241",attribute_name="Total_LBAs_Written",attribute_value_type="raw",device="sds"} 2.19601741475e+11
smartctl_device_attribute{attribute_flags_long="",attribute_flags_short="------",attribute_id="241",attribute_name="Total_LBAs_Written",attribute_value_type="thresh",device="sds"} 0
smartctl_device_attribute{attribute_flags_long="",attribute_flags_short="------",attribute_id="241",attribute_name="Total_LBAs_Written",attribute_value_type="value",device="sds"} 100
smartctl_device_attribute{attribute_flags_long="",attribute_flags_short="------",attribute_id="241",attribute_name="Total_LBAs_Written",attribute_value_type="worst",device="sds"} 253
smartctl_device_attribute{attribute_flags_long="",attribute_flags_short="------",attribute_id="242",attribute_name="Total_LBAs_Read",attribute_value_type="raw",device="sds"} 1.55044474266e+11
smartctl_device_attribute{attribute_flags_long="",attribute_flags_short="------",attribute_id="242",attribute_name="Total_LBAs_Read",attribute_value_type="thresh",device="sds"} 0
smartctl_device_attribute{attribute_flags_long="",attribute_flags_short="------",attribute_id="242",attribute_name="Total_LBAs_Read",attribute_value_type="value",device="sds"} 100
smartctl_device_attribute{attribute_flags_long="",attribute_flags_short="------",attribute_id="242",attribute_name="Total_LBAs_Read",attribute_value_type="worst",device="sds"} 253
smartctl_device_attribute{attribute_flags_long="event_count",attribute_flags_short="----C-",attribute_id="198",attribute_name="Offline_Uncorrectable",attribute_value_type="raw",device="sds"} 0
smartctl_device_attribute{attribute_flags_long="event_count",attribute_flags_short="----C-",attribute_id="198",attribute_name="Offline_Uncorrectable",attribute_value_type="thresh",device="sds"} 0
smartctl_device_attribute{attribute_flags_long="event_count",attribute_flags_short="----C-",attribute_id="198",attribute_name="Offline_Uncorrectable",attribute_value_type="value",device="sds"} 100
smartctl_device_attribute{attribute_flags_long="event_count",attribute_flags_short="----C-",attribute_id="198",attribute_name="Offline_Uncorrectable",attribute_value_type="worst",device="sds"} 100
smartctl_device_attribute{attribute_flags_long="prefailure,updated_online",attribute_flags_short="PO----",attribute_id="3",attribute_name="Spin_Up_Time",attribute_value_type="raw",device="sds"} 0
smartctl_device_attribute{attribute_flags_long="prefailure,updated_online",attribute_flags_short="PO----",attribute_id="3",attribute_name="Spin_Up_Time",attribute_value_type="thresh",device="sds"} 0
smartctl_device_attribute{attribute_flags_long="prefailure,updated_online",attribute_flags_short="PO----",attribute_id="3",attribute_name="Spin_Up_Time",attribute_value_type="value",device="sds"} 93
smartctl_device_attribute{attribute_flags_long="prefailure,updated_online",attribute_flags_short="PO----",attribute_id="3",attribute_name="Spin_Up_Time",attribute_value_type="worst",device="sds"} 92
smartctl_device_attribute{attribute_flags_long="prefailure,updated_online,event_count",attribute_flags_short="PO--C-",attribute_id="10",attribute_name="Spin_Retry_Count",attribute_value_type="raw",device="sds"} 0
smartctl_device_attribute{attribute_flags_long="prefailure,updated_online,event_count",attribute_flags_short="PO--C-",attribute_id="10",attribute_name="Spin_Retry_Count",attribute_value_type="thresh",device="sds"} 97
smartctl_device_attribute{attribute_flags_long="prefailure,updated_online,event_count",attribute_flags_short="PO--C-",attribute_id="10",attribute_name="Spin_Retry_Count",attribute_value_type="value",device="sds"} 100
smartctl_device_attribute{attribute_flags_long="prefailure,updated_online,event_count",attribute_flags_short="PO--C-",attribute_id="10",attribute_name="Spin_Retry_Count",attribute_value_type="worst",device="sds"} 100
smartctl_device_attribute{attribute_flags_long="prefailure,updated_online,event_count,auto_keep",attribute_flags_short="PO--CK",attribute_id="5",attribute_name="Reallocated_Sector_Ct",attribute_value_type="raw",device="sds"} 0
smartctl_device_attribute{attribute_flags_long="prefailure,updated_online,event_count,auto_keep",attribute_flags_short="PO--CK",attribute_id="5",attribute_name="Reallocated_Sector_Ct",attribute_value_type="thresh",device="sds"} 10
smartctl_device_attribute{attribute_flags_long="prefailure,updated_online,event_count,auto_keep",attribute_flags_short="PO--CK",attribute_id="5",attribute_name="Reallocated_Sector_Ct",attribute_value_type="value",device="sds"} 100
smartctl_device_attribute{attribute_flags_long="prefailure,updated_online,event_count,auto_keep",attribute_flags_short="PO--CK",attribute_id="5",attribute_name="Reallocated_Sector_Ct",attribute_value_type="worst",device="sds"} 100
smartctl_device_attribute{attribute_flags_long="prefailure,updated_online,performance,error_rate",attribute_flags_short="POSR--",attribute_id="1",attribute_name="Raw_Read_Error_Rate",attribute_value_type="raw",device="sds"} 2.39425872e+08
smartctl_device_attribute{attribute_flags_long="prefailure,updated_online,performance,error_rate",attribute_flags_short="POSR--",attribute_id="1",attribute_name="Raw_Read_Error_Rate",attribute_value_type="thresh",device="sds"} 44
smartctl_device_attribute{attribute_flags_long="prefailure,updated_online,performance,error_rate",attribute_flags_short="POSR--",attribute_id="1",attribute_name="Raw_Read_Error_Rate",attribute_value_type="value",device="sds"} 84
smartctl_device_attribute{attribute_flags_long="prefailure,updated_online,performance,error_rate",attribute_flags_short="POSR--",attribute_id="1",attribute_name="Raw_Read_Error_Rate",attribute_value_type="worst",device="sds"} 64
smartctl_device_attribute{attribute_flags_long="prefailure,updated_online,performance,error_rate",attribute_flags_short="POSR--",attribute_id="7",attribute_name="Seek_Error_Rate",attribute_value_type="raw",device="sds"} 3.788264559e+09
smartctl_device_attribute{attribute_flags_long="prefailure,updated_online,performance,error_rate",attribute_flags_short="POSR--",attribute_id="7",attribute_name="Seek_Error_Rate",attribute_value_type="thresh",device="sds"} 45
smartctl_device_attribute{attribute_flags_long="prefailure,updated_online,performance,error_rate",attribute_flags_short="POSR--",attribute_id="7",attribute_name="Seek_Error_Rate",attribute_value_type="value",device="sds"} 96
smartctl_device_attribute{attribute_flags_long="prefailure,updated_online,performance,error_rate",attribute_flags_short="POSR--",attribute_id="7",attribute_name="Seek_Error_Rate",attribute_value_type="worst",device="sds"} 60
smartctl_device_attribute{attribute_flags_long="updated_online,auto_keep",attribute_flags_short="-O---K",attribute_id="190",attribute_name="Airflow_Temperature_Cel",attribute_value_type="raw",device="sds"} 5.04561685e+08
smartctl_device_attribute{attribute_flags_long="updated_online,auto_keep",attribute_flags_short="-O---K",attribute_id="190",attribute_name="Airflow_Temperature_Cel",attribute_value_type="thresh",device="sds"} 40
smartctl_device_attribute{attribute_flags_long="updated_online,auto_keep",attribute_flags_short="-O---K",attribute_id="190",attribute_name="Airflow_Temperature_Cel",attribute_value_type="value",device="sds"} 79
smartctl_device_attribute{attribute_flags_long="updated_online,auto_keep",attribute_flags_short="-O---K",attribute_id="190",attribute_name="Airflow_Temperature_Cel",attribute_value_type="worst",device="sds"} 63
smartctl_device_attribute{attribute_flags_long="updated_online,auto_keep",attribute_flags_short="-O---K",attribute_id="194",attribute_name="Temperature_Celsius",attribute_value_type="raw",device="sds"} 6.8719476757e+10
smartctl_device_attribute{attribute_flags_long="updated_online,auto_keep",attribute_flags_short="-O---K",attribute_id="194",attribute_name="Temperature_Celsius",attribute_value_type="thresh",device="sds"} 0
smartctl_device_attribute{attribute_flags_long="updated_online,auto_keep",attribute_flags_short="-O---K",attribute_id="194",attribute_name="Temperature_Celsius",attribute_value_type="value",device="sds"} 21
smartctl_device_attribute{attribute_flags_long="updated_online,auto_keep",attribute_flags_short="-O---K",attribute_id="194",attribute_name="Temperature_Celsius",attribute_value_type="worst",device="sds"} 40
smartctl_device_attribute{attribute_flags_long="updated_online,error_rate,event_count",attribute_flags_short="-O-RC-",attribute_id="195",attribute_name="Hardware_ECC_Recovered",attribute_value_type="raw",device="sds"} 2.39425872e+08
smartctl_device_attribute{attribute_flags_long="updated_online,error_rate,event_count",attribute_flags_short="-O-RC-",attribute_id="195",attribute_name="Hardware_ECC_Recovered",attribute_value_type="thresh",device="sds"} 0
smartctl_device_attribute{attribute_flags_long="updated_online,error_rate,event_count",attribute_flags_short="-O-RC-",attribute_id="195",attribute_name="Hardware_ECC_Recovered",attribute_value_type="value",device="sds"} 5
smartctl_device_attribute{attribute_flags_long="updated_online,error_rate,event_count",attribute_flags_short="-O-RC-",attribute_id="195",attribute_name="Hardware_ECC_Recovered",attribute_value_type="worst",device="sds"} 1
smartctl_device_attribute{attribute_flags_long="updated_online,error_rate,event_count,auto_keep",attribute_flags_short="-O-RCK",attribute_id="189",attribute_name="High_Fly_Writes",attribute_value_type="raw",device="sds"} 38
smartctl_device_attribute{attribute_flags_long="updated_online,error_rate,event_count,auto_keep",attribute_flags_short="-O-RCK",attribute_id="189",attribute_name="High_Fly_Writes",attribute_value_type="thresh",device="sds"} 0
smartctl_device_attribute{attribute_flags_long="updated_online,error_rate,event_count,auto_keep",attribute_flags_short="-O-RCK",attribute_id="189",attribute_name="High_Fly_Writes",attribute_value_type="value",device="sds"} 62
smartctl_device_attribute{attribute_flags_long="updated_online,error_rate,event_count,auto_keep",attribute_flags_short="-O-RCK",attribute_id="189",attribute_name="High_Fly_Writes",attribute_value_type="worst",device="sds"} 62
smartctl_device_attribute{attribute_flags_long="updated_online,event_count",attribute_flags_short="-O--C-",attribute_id="197",attribute_name="Current_Pending_Sector",attribute_value_type="raw",device="sds"} 0
smartctl_device_attribute{attribute_flags_long="updated_online,event_count",attribute_flags_short="-O--C-",attribute_id="197",attribute_name="Current_Pending_Sector",attribute_value_type="thresh",device="sds"} 0
smartctl_device_attribute{attribute_flags_long="updated_online,event_count",attribute_flags_short="-O--C-",attribute_id="197",attribute_name="Current_Pending_Sector",attribute_value_type="value",device="sds"} 100
smartctl_device_attribute{attribute_flags_long="updated_online,event_count",attribute_flags_short="-O--C-",attribute_id="197",attribute_name="Current_Pending_Sector",attribute_value_type="worst",device="sds"} 100
smartctl_device_attribute{attribute_flags_long="updated_online,event_count,auto_keep",attribute_flags_short="-O--CK",attribute_id="12",attribute_name="Power_Cycle_Count",attribute_value_type="raw",device="sds"} 63
smartctl_device_attribute{attribute_flags_long="updated_online,event_count,auto_keep",attribute_flags_short="-O--CK",attribute_id="12",attribute_name="Power_Cycle_Count",attribute_value_type="thresh",device="sds"} 20
smartctl_device_attribute{attribute_flags_long="updated_online,event_count,auto_keep",attribute_flags_short="-O--CK",attribute_id="12",attribute_name="Power_Cycle_Count",attribute_value_type="value",device="sds"} 100
smartctl_device_attribute{attribute_flags_long="updated_online,event_count,auto_keep",attribute_flags_short="-O--CK",attribute_id="12",attribute_name="Power_Cycle_Count",attribute_value_type="worst",device="sds"} 100
smartctl_device_attribute{attribute_flags_long="updated_online,event_count,auto_keep",attribute_flags_short="-O--CK",attribute_id="184",attribute_name="End-to-End_Error",attribute_value_type="raw",device="sds"} 0
smartctl_device_attribute{attribute_flags_long="updated_online,event_count,auto_keep",attribute_flags_short="-O--CK",attribute_id="184",attribute_name="End-to-End_Error",attribute_value_type="thresh",device="sds"} 99
smartctl_device_attribute{attribute_flags_long="updated_online,event_count,auto_keep",attribute_flags_short="-O--CK",attribute_id="184",attribute_name="End-to-End_Error",attribute_value_type="value",device="sds"} 100
smartctl_device_attribute{attribute_flags_long="updated_online,event_count,auto_keep",attribute_flags_short="-O--CK",attribute_id="184",attribute_name="End-to-End_Error",attribute_value_type="worst",device="sds"} 100
smartctl_device_attribute{attribute_flags_long="updated_online,event_count,auto_keep",attribute_flags_short="-O--CK",attribute_id="187",attribute_name="Reported_Uncorrect",attribute_value_type="raw",device="sds"} 0
smartctl_device_attribute{attribute_flags_long="updated_online,event_count,auto_keep",attribute_flags_short="-O--CK",attribute_id="187",attribute_name="Reported_Uncorrect",attribute_value_type="thresh",device="sds"} 0
smartctl_device_attribute{attribute_flags_long="updated_online,event_count,auto_keep",attribute_flags_short="-O--CK",attribute_id="187",attribute_name="Reported_Uncorrect",attribute_value_type="value",device="sds"} 100
smartctl_device_attribute{attribute_flags_long="updated_online,event_count,auto_keep",attribute_flags_short="-O--CK",attribute_id="187",attribute_name="Reported_Uncorrect",attribute_value_type="worst",device="sds"} 100
smartctl_device_attribute{attribute_flags_long="updated_online,event_count,auto_keep",attribute_flags_short="-O--CK",attribute_id="188",attribute_name="Command_Timeout",attribute_value_type="raw",device="sds"} 0
smartctl_device_attribute{attribute_flags_long="updated_online,event_count,auto_keep",attribute_flags_short="-O--CK",attribute_id="188",attribute_name="Command_Timeout",attribute_value_type="thresh",device="sds"} 0
smartctl_device_attribute{attribute_flags_long="updated_online,event_count,auto_keep",attribute_flags_short="-O--CK",attribute_id="188",attribute_name="Command_Timeout",attribute_value_type="value",device="sds"} 100
smartctl_device_attribute{attribute_flags_long="updated_online,event_count,auto_keep",attribute_flags_short="-O--CK",attribute_id="188",attribute_name="Command_Timeout",attribute_value_type="worst",device="sds"} 100
smartctl_device_attribute{attribute_flags_long="updated_online,event_count,auto_keep",attribute_flags_short="-O--CK",attribute_id="191",attribute_name="G-Sense_Error_Rate",attribute_value_type="raw",device="sds"} 12508
smartctl_device_attribute{attribute_flags_long="updated_online,event_count,auto_keep",attribute_flags_short="-O--CK",attribute_id="191",attribute_name="G-Sense_Error_Rate",attribute_value_type="thresh",device="sds"} 0
smartctl_device_attribute{attribute_flags_long="updated_online,event_count,auto_keep",attribute_flags_short="-O--CK",attribute_id="191",attribute_name="G-Sense_Error_Rate",attribute_value_type="value",device="sds"} 94
smartctl_device_attribute{attribute_flags_long="updated_online,event_count,auto_keep",attribute_flags_short="-O--CK",attribute_id="191",attribute_name="G-Sense_Error_Rate",attribute_value_type="worst",device="sds"} 94
smartctl_device_attribute{attribute_flags_long="updated_online,event_count,auto_keep",attribute_flags_short="-O--CK",attribute_id="192",attribute_name="Power-Off_Retract_Count",attribute_value_type="raw",device="sds"} 382
smartctl_device_attribute{attribute_flags_long="updated_online,event_count,auto_keep",attribute_flags_short="-O--CK",attribute_id="192",attribute_name="Power-Off_Retract_Count",attribute_value_type="thresh",device="sds"} 0
smartctl_device_attribute{attribute_flags_long="updated_online,event_count,auto_keep",attribute_flags_short="-O--CK",attribute_id="192",attribute_name="Power-Off_Retract_Count",attribute_value_type="value",device="sds"} 100
smartctl_device_attribute{attribute_flags_long="updated_online,event_count,auto_keep",attribute_flags_short="-O--CK",attribute_id="192",attribute_name="Power-Off_Retract_Count",attribute_value_type="worst",device="sds"} 100
smartctl_device_attribute{attribute_flags_long="updated_online,event_count,auto_keep",attribute_flags_short="-O--CK",attribute_id="193",attribute_name="Load_Cycle_Count",attribute_value_type="raw",device="sds"} 5329
smartctl_device_attribute{attribute_flags_long="updated_online,event_count,auto_keep",attribute_flags_short="-O--CK",attribute_id="193",attribute_name="Load_Cycle_Count",attribute_value_type="thresh",device="sds"} 0
smartctl_device_attribute{attribute_flags_long="updated_online,event_count,auto_keep",attribute_flags_short="-O--CK",attribute_id="193",attribute_name="Load_Cycle_Count",attribute_value_type="value",device="sds"} 98
smartctl_device_attribute{attribute_flags_long="updated_online,event_count,auto_keep",attribute_flags_short="-O--CK",attribute_id="193",attribute_name="Load_Cycle_Count",attribute_value_type="worst",device="sds"} 98
smartctl_device_attribute{attribute_flags_long="updated_online,event_count,auto_keep",attribute_flags_short="-O--CK",attribute_id="4",attribute_name="Start_Stop_Count",attribute_value_type="raw",device="sds"} 61
smartctl_device_attribute{attribute_flags_long="updated_online,event_count,auto_keep",attribute_flags_short="-O--CK",attribute_id="4",attribute_name="Start_Stop_Count",attribute_value_type="thresh",device="sds"} 20
smartctl_device_attribute{attribute_flags_long="updated_online,event_count,auto_keep",attribute_flags_short="-O--CK",attribute_id="4",attribute_name="Start_Stop_Count",attribute_value_type="value",device="sds"} 100
smartctl_device_attribute{attribute_flags_long="updated_online,event_count,auto_keep",attribute_flags_short="-O--CK",attribute_id="4",attribute_name="Start_Stop_Count",attribute_value_type="worst",device="sds"} 100
smartctl_device_attribute{attribute_flags_long="updated_online,event_count,auto_keep",attribute_flags_short="-O--CK",attribute_id="9",attribute_name="Power_On_Hours",attribute_value_type="raw",device="sds"} 2.0925939663381e+14
smartctl_device_attribute{attribute_flags_long="updated_online,event_count,auto_keep",attribute_flags_short="-O--CK",attribute_id="9",attribute_name="Power_On_Hours",attribute_value_type="thresh",device="sds"} 0
smartctl_device_attribute{attribute_flags_long="updated_online,event_count,auto_keep",attribute_flags_short="-O--CK",attribute_id="9",attribute_name="Power_On_Hours",attribute_value_type="value",device="sds"} 57
smartctl_device_attribute{attribute_flags_long="updated_online,event_count,auto_keep",attribute_flags_short="-O--CK",attribute_id="9",attribute_name="Power_On_Hours",attribute_value_type="worst",device="sds"} 57
smartctl_device_attribute{attribute_flags_long="updated_online,performance,error_rate,event_count,auto_keep",attribute_flags_short="-OSRCK",attribute_id="199",attribute_name="UDMA_CRC_Error_Count",attribute_value_type="raw",device="sds"} 0
smartctl_device_attribute{attribute_flags_long="updated_online,performance,error_rate,event_count,auto_keep",attribute_flags_short="-OSRCK",attribute_id="199",attribute_name="UDMA_CRC_Error_Count",attribute_value_type="thresh",device="sds"} 0
smartctl_device_attribute{attribute_flags_long="updated_online,performance,error_rate,event_count,auto_keep",attribute_flags_short="-OSRCK",attribute_id="199",attribute_name="UDMA_CRC_Error_Count",attribute_value_type="value",device="sds"} 200
smartctl_device_attribute{attribute_flags_long="updated_online,performance,error_rate,event_count,auto_keep",attribute_flags_short="-OSRCK",attribute_id="199",attribute_name="UDMA_CRC_Error_Count",attribute_value_type="worst",device="sds"} 200
smartctl_device_block_size{blocks_type="logical",device="sds"} 512
smartctl_device_block_size{blocks_type="physical",device="sds"} 4096
smartctl_device_capacity_blocks{device="sds"} 1.5628053168e+10
smartctl_device_capacity_bytes{device="sds"} 8.001563222016e+12
smartctl_device_error_log_count{device="sds",error_log_type="summary"} 0
smartctl_device_interface_speed{device="sds",speed_type="current"} 6e+09
smartctl_device_interface_speed{device="sds",speed_type="max"} 6e+09
smartctl_device_power_cycle_count{device="sds"} 63
smartctl_device_power_on_seconds{device="sds"} 1.371528e+08
smartctl_device_rotation_rate{device="sds"} 7200
smartctl_device_smart_status{device="sds"} 1
smartctl_device_smartctl_exit_status{device="sds"} 0
smartctl_device_temperature{device="sds",temperature_type="current"} 21
smartctl_device{ata_additional_product_id="unknown",ata_version="ACS-3 T13/2161-D revision 5",device="sds",firmware_version="REDACTED",form_factor="3.5 inches",interface="sat",model_family="Seagate Enterprise Capacity 3.5 HDD",model_name="ST8000NM0016-1U3101",protocol="ATA",sata_version="SATA 3.1",scsi_product="",scsi_revision="",scsi_vendor="",scsi_version="",serial_number="REDACTED"} 1
