smartctl_device_attribute{attribute_flags_long="",attribute_flags_short="------",attribute_id="240",attribute_name="Head_Flying_Hours",attribute_value_type="raw",device="sdl"} 5.486996814333779e+15
smartctl_device_attribute{attribute_flags_long="",attribute_flags_short="------",attribute_id="240",attribute_name="Head_Flying_Hours",attribute_value_type="thresh",device="sdl"} 0
smartctl_device_attribute{attribute_flags_long="",attribute_flags_short="------",attribute_id="240",attribute_name="Head_Flying_Hours",attribute_value_type="value",device="sdl"} 100
smartctl_device_attribute{attribute_flags_long="",attribute_flags_short="------",attribute_id="240",attribute_name="Head_Flying_Hours",attribute_value_type="worst",device="sdl"} 253
smartctl_device_attribute{attribute_flags_long="",attribute_flags_short="------",attribute_id="241",attribute_name="Total_LBAs_Written",attribute_value_type="raw",device="sdl"} 9.17915044063e+11
smartctl_device_attribute{attribute_flags_long="",attribute_flags_short="------",attribute_id="241",attribute_name="Total_LBAs_Written",attribute_value_type="thresh",device="sdl"} 0
smartctl_device_attribute{attribute_flags_long="",attribute_flags_short="------",attribute_id="241",attribute_name="Total_LBAs_Written",attribute_value_type="value",device="sdl"} 100
smartctl_device_attribute{attribute_flags_long="",attribute_flags_short="------",attribute_id="241",attribute_name="Total_LBAs_Written",attribute_value_type="worst",device="sdl"} 253
smartctl_device_attribute{attribute_flags_long="",attribute_flags_short="------",attribute_id="242",attribute_name="Total_LBAs_Read",attribute_value_type="raw",device="sdl"} 6.99347210152e+11
smartctl_device_attribute{attribute_flags_long="",attribute_flags_short="------",attribute_id="242",attribute_name="Total_LBAs_Read",attribute_value_type="thresh",device="sdl"} 0
smartctl_device_attribute{attribute_flags_long="",attribute_flags_short="------",attribute_id="242",attribute_name="Total_LBAs_Read",attribute_value_type="value",device="sdl"} 100
smartctl_device_attribute{attribute_flags_long="",attribute_flags_short="------",attribute_id="242",attribute_name="Total_LBAs_Read",attribute_value_type="worst",device="sdl"} 253
smartctl_device_attribute{attribute_flags_long="event_count",attribute_flags_short="----C-",attribute_id="198",attribute_name="Offline_Uncorrectable",attribute_value_type="raw",device="sdl"} 0
smartctl_device_attribute{attribute_flags_long="event_count",attribute_flags_short="----C-",attribute_id="198",attribute_name="Offline_Uncorrectable",attribute_value_type="thresh",device="sdl"} 0
smartctl_device_attribute{attribute_flags_long="event_count",attribute_flags_short="----C-",attribute_id="198",attribute_name="Offline_Uncorrectable",attribute_value_type="value",device="sdl"} 100
smartctl_device_attribute{attribute_flags_long="event_count",attribute_flags_short="----C-",attribute_id="198",attribute_name="Offline_Uncorrectable",attribute_value_type="worst",device="sdl"} 100
smartctl_device_attribute{attribute_flags_long="prefailure,updated_online",attribute_flags_short="PO----",attribute_id="3",attribute_name="Spin_Up_Time",attribute_value_type="raw",device="sdl"} 0
smartctl_device_attribute{attribute_flags_long="prefailure,updated_online",attribute_flags_short="PO----",attribute_id="3",attribute_name="Spin_Up_Time",attribute_value_type="thresh",device="sdl"} 0
smartctl_device_attribute{attribute_flags_long="prefailure,updated_online",attribute_flags_short="PO----",attribute_id="3",attribute_name="Spin_Up_Time",attribute_value_type="value",device="sdl"} 96
smartctl_device_attribute{attribute_flags_long="prefailure,updated_online",attribute_flags_short="PO----",attribute_id="3",attribute_name="Spin_Up_Time",attribute_value_type="worst",device="sdl"} 96
smartctl_device_attribute{attribute_flags_long="prefailure,updated_online,event_count",attribute_flags_short="PO--C-",attribute_id="10",attribute_name="Spin_Retry_Count",attribute_value_type="raw",device="sdl"} 0
smartctl_device_attribute{attribute_flags_long="prefailure,updated_online,event_count",attribute_flags_short="PO--C-",attribute_id="10",attribute_name="Spin_Retry_Count",attribute_value_type="thresh",device="sdl"} 97
smartctl_device_attribute{attribute_flags_long="prefailure,updated_online,event_count",attribute_flags_short="PO--C-",attribute_id="10",attribute_name="Spin_Retry_Count",attribute_value_type="value",device="sdl"} 100
smartctl_device_attribute{attribute_flags_long="prefailure,updated_online,event_count",attribute_flags_short="PO--C-",attribute_id="10",attribute_name="Spin_Retry_Count",attribute_value_type="worst",device="sdl"} 100
smartctl_device_attribute{attribute_flags_long="prefailure,updated_online,event_count,auto_keep",attribute_flags_short="PO--CK",attribute_id="5",attribute_name="Reallocated_Sector_Ct",attribute_value_type="raw",device="sdl"} 0
smartctl_device_attribute{attribute_flags_long="prefailure,updated_online,event_count,auto_keep",attribute_flags_short="PO--CK",attribute_id="5",attribute_name="Reallocated_Sector_Ct",attribute_value_type="thresh",device="sdl"} 10
smartctl_device_attribute{attribute_flags_long="prefailure,updated_online,event_count,auto_keep",attribute_flags_short="PO--CK",attribute_id="5",attribute_name="Reallocated_Sector_Ct",attribute_value_type="value",device="sdl"} 100
smartctl_device_attribute{attribute_flags_long="prefailure,updated_online,event_count,auto_keep",attribute_flags_short="PO--CK",attribute_id="5",attribute_name="Reallocated_Sector_Ct",attribute_value_type="worst",device="sdl"} 100
smartctl_device_attribute{attribute_flags_long="prefailure,updated_online,performance,error_rate",attribute_flags_short="POSR--",attribute_id="1",attribute_name="Raw_Read_Error_Rate",attribute_value_type="raw",device="sdl"} 1.84637705e+08
smartctl_device_attribute{attribute_flags_long="prefailure,updated_online,performance,error_rate",attribute_flags_short="POSR--",attribute_id="1",attribute_name="Raw_Read_Error_Rate",attribute_value_type="thresh",device="sdl"} 44
smartctl_device_attribute{attribute_flags_long="prefailure,updated_online,performance,error_rate",attribute_flags_short="POSR--",attribute_id="1",attribute_name="Raw_Read_Error_Rate",attribute_value_type="value",device="sdl"} 82
smartctl_device_attribute{attribute_flags_long="prefailure,updated_online,performance,error_rate",attribute_flags_short="POSR--",attribute_id="1",attribute_name="Raw_Read_Error_Rate",attribute_value_type="worst",device="sdl"} 63
smartctl_device_attribute{attribute_flags_long="prefailure,updated_online,performance,error_rate",attribute_flags_short="POSR--",attribute_id="7",attribute_name="Seek_Error_Rate",attribute_value_type="raw",device="sdl"} 1.072141236e+09
smartctl_device_attribute{attribute_flags_long="prefailure,updated_online,performance,error_rate",attribute_flags_short="POSR--",attribute_id="7",attribute_name="Seek_Error_Rate",attribute_value_type="thresh",device="sdl"} 45
smartctl_device_attribute{attribute_flags_long="prefailure,updated_online,performance,error_rate",attribute_flags_short="POSR--",attribute_id="7",attribute_name="Seek_Error_Rate",attribute_value_type="value",device="sdl"} 90
smartctl_device_attribute{attribute_flags_long="prefailure,updated_online,performance,error_rate",attribute_flags_short="POSR--",attribute_id="7",attribute_name="Seek_Error_Rate",attribute_value_type="worst",device="sdl"} 61
smartctl_device_attribute{attribute_flags_long="updated_online,auto_keep",attribute_flags_short="-O---K",attribute_id="190",attribute_name="Airflow_Temperature_Cel",attribute_value_type="raw",device="sdl"} 4.87653395e+08
smartctl_device_attribute{attribute_flags_long="updated_online,auto_keep",attribute_flags_short="-O---K",attribute_id="190",attribute_name="Airflow_Temperature_Cel",attribute_value_type="thresh",device="sdl"} 40
smartctl_device_attribute{attribute_flags_long="updated_online,auto_keep",attribute_flags_short="-O---K",attribute_id="190",attribute_name="Airflow_Temperature_Cel",attribute_value_type="value",device="sdl"} 81
smartctl_device_attribute{attribute_flags_long="updated_online,auto_keep",attribute_flags_short="-O---K",attribute_id="190",attribute_name="Airflow_Temperature_Cel",attribute_value_type="worst",device="sdl"} 61
smartctl_device_attribute{attribute_flags_long="updated_online,auto_keep",attribute_flags_short="-O---K",attribute_id="194",attribute_name="Temperature_Celsius",attribute_value_type="raw",device="sdl"} 7.3014444051e+10
smartctl_device_attribute{attribute_flags_long="updated_online,auto_keep",attribute_flags_short="-O---K",attribute_id="194",attribute_name="Temperature_Celsius",attribute_value_type="thresh",device="sdl"} 0
smartctl_device_attribute{attribute_flags_long="updated_online,auto_keep",attribute_flags_short="-O---K",attribute_id="194",attribute_name="Temperature_Celsius",attribute_value_type="value",device="sdl"} 19
smartctl_device_attribute{attribute_flags_long="updated_online,auto_keep",attribute_flags_short="-O---K",attribute_id="194",attribute_name="Temperature_Celsius",attribute_value_type="worst",device="sdl"} 40
smartctl_device_attribute{attribute_flags_long="updated_online,error_rate,event_count",attribute_flags_short="-O-RC-",attribute_id="195",attribute_name="Hardware_ECC_Recovered",attribute_value_type="raw",device="sdl"} 1.84637705e+08
smartctl_device_attribute{attribute_flags_long="updated_online,error_rate,event_count",attribute_flags_short="-O-RC-",attribute_id="195",attribute_name="Hardware_ECC_Recovered",attribute_value_type="thresh",device="sdl"} 0
smartctl_device_attribute{attribute_flags_long="updated_online,error_rate,event_count",attribute_flags_short="-O-RC-",attribute_id="195",attribute_name="Hardware_ECC_Recovered",attribute_value_type="value",device="sdl"} 82
smartctl_device_attribute{attribute_flags_long="updated_online,error_rate,event_count",attribute_flags_short="-O-RC-",attribute_id="195",attribute_name="Hardware_ECC_Recovered",attribute_value_type="worst",device="sdl"} 63
smartctl_device_attribute{attribute_flags_long="updated_online,error_rate,event_count,auto_keep",attribute_flags_short="-O-RCK",attribute_id="189",attribute_name="High_Fly_Writes",attribute_value_type="raw",device="sdl"} 1
smartctl_device_attribute{attribute_flags_long="updated_online,error_rate,event_count,auto_keep",attribute_flags_short="-O-RCK",attribute_id="189",attribute_name="High_Fly_Writes",attribute_value_type="thresh",device="sdl"} 0
smartctl_device_attribute{attribute_flags_long="updated_online,error_rate,event_count,auto_keep",attribute_flags_short="-O-RCK",attribute_id="189",attribute_name="High_Fly_Writes",attribute_value_type="value",device="sdl"} 99
smartctl_device_attribute{attribute_flags_long="updated_online,error_rate,event_count,auto_keep",attribute_flags_short="-O-RCK",attribute_id="189",attribute_name="High_Fly_Writes",attribute_value_type="worst",device="sdl"} 99
smartctl_device_attribute{attribute_flags_long="updated_online,event_count",attribute_flags_short="-O--C-",attribute_id="197",attribute_name="Current_Pending_Sector",attribute_value_type="raw",device="sdl"} 0
smartctl_device_attribute{attribute_flags_long="updated_online,event_count",attribute_flags_short="-O--C-",attribute_id="197",attribute_name="Current_Pending_Sector",attribute_value_type="thresh",device="sdl"} 0
smartctl_device_attribute{attribute_flags_long="updated_online,event_count",attribute_flags_short="-O--C-",attribute_id="197",attribute_name="Current_Pending_Sector",attribute_value_type="value",device="sdl"} 100
smartctl_device_attribute{attribute_flags_long="updated_online,event_count",attribute_flags_short="-O--C-",attribute_id="197",attribute_name="Current_Pending_Sector",attribute_value_type="worst",device="sdl"} 100
smartctl_device_attribute{attribute_flags_long="updated_online,event_count,auto_keep",attribute_flags_short="-O--CK",attribute_id="12",attribute_name="Power_Cycle_Count",attribute_value_type="raw",device="sdl"} 51
smartctl_device_attribute{attribute_flags_long="updated_online,event_count,auto_keep",attribute_flags_short="-O--CK",attribute_id="12",attribute_name="Power_Cycle_Count",attribute_value_type="thresh",device="sdl"} 20
smartctl_device_attribute{attribute_flags_long="updated_online,event_count,auto_keep",attribute_flags_short="-O--CK",attribute_id="12",attribute_name="Power_Cycle_Count",attribute_value_type="value",device="sdl"} 100
smartctl_device_attribute{attribute_flags_long="updated_online,event_count,auto_keep",attribute_flags_short="-O--CK",attribute_id="12",attribute_name="Power_Cycle_Count",attribute_value_type="worst",device="sdl"} 100
smartctl_device_attribute{attribute_flags_long="updated_online,event_count,auto_keep",attribute_flags_short="-O--CK",attribute_id="184",attribute_name="End-to-End_Error",attribute_value_type="raw",device="sdl"} 0
smartctl_device_attribute{attribute_flags_long="updated_online,event_count,auto_keep",attribute_flags_short="-O--CK",attribute_id="184",attribute_name="End-to-End_Error",attribute_value_type="thresh",device="sdl"} 99
smartctl_device_attribute{attribute_flags_long="updated_online,event_count,auto_keep",attribute_flags_short="-O--CK",attribute_id="184",attribute_name="End-to-End_Error",attribute_value_type="value",device="sdl"} 100
smartctl_device_attribute{attribute_flags_long="updated_online,event_count,auto_keep",attribute_flags_short="-O--CK",attribute_id="184",attribute_name="End-to-End_Error",attribute_value_type="worst",device="sdl"} 100
smartctl_device_attribute{attribute_flags_long="updated_online,event_count,auto_keep",attribute_flags_short="-O--CK",attribute_id="187",attribute_name="Reported_Uncorrect",attribute_value_type="raw",device="sdl"} 0
smartctl_device_attribute{attribute_flags_long="updated_online,event_count,auto_keep",attribute_flags_short="-O--CK",attribute_id="187",attribute_name="Reported_Uncorrect",attribute_value_type="thresh",device="sdl"} 0
smartctl_device_attribute{attribute_flags_long="updated_online,event_count,auto_keep",attribute_flags_short="-O--CK",attribute_id="187",attribute_name="Reported_Uncorrect",attribute_value_type="value",device="sdl"} 100
smartctl_device_attribute{attribute_flags_long="updated_online,event_count,auto_keep",attribute_flags_short="-O--CK",attribute_id="187",attribute_name="Reported_Uncorrect",attribute_value_type="worst",device="sdl"} 100
smartctl_device_attribute{attribute_flags_long="updated_online,event_count,auto_keep",attribute_flags_short="-O--CK",attribute_id="188",attribute_name="Command_Timeout",attribute_value_type="raw",device="sdl"} 8.590065666e+09
smartctl_device_attribute{attribute_flags_long="updated_online,event_count,auto_keep",attribute_flags_short="-O--CK",attribute_id="188",attribute_name="Command_Timeout",attribute_value_type="thresh",device="sdl"} 0
smartctl_device_attribute{attribute_flags_long="updated_online,event_count,auto_keep",attribute_flags_short="-O--CK",attribute_id="188",attribute_name="Command_Timeout",attribute_value_type="value",device="sdl"} 100
smartctl_device_attribute{attribute_flags_long="updated_online,event_count,auto_keep",attribute_flags_short="-O--CK",attribute_id="188",attribute_name="Command_Timeout",attribute_value_type="worst",device="sdl"} 99
smartctl_device_attribute{attribute_flags_long="updated_online,event_count,auto_keep",attribute_flags_short="-O--CK",attribute_id="191",attribute_name="G-Sense_Error_Rate",attribute_value_type="raw",device="sdl"} 0
smartctl_device_attribute{attribute_flags_long="updated_online,event_count,auto_keep",attribute_flags_short="-O--CK",attribute_id="191",attribute_name="G-Sense_Error_Rate",attribute_value_type="thresh",device="sdl"} 0
smartctl_device_attribute{attribute_flags_long="updated_online,event_count,auto_keep",attribute_flags_short="-O--CK",attribute_id="191",attribute_name="G-Sense_Error_Rate",attribute_value_type="value",device="sdl"} 100
smartctl_device_attribute{attribute_flags_long="updated_online,event_count,auto_keep",attribute_flags_short="-O--CK",attribute_id="191",attribute_name="G-Sense_Error_Rate",attribute_value_type="worst",device="sdl"} 100
smartctl_device_attribute{attribute_flags_long="updated_online,event_count,auto_keep",attribute_flags_short="-O--CK",attribute_id="192",attribute_name="Power-Off_Retract_Count",attribute_value_type="raw",device="sdl"} 805
smartctl_device_attribute{attribute_flags_long="updated_online,event_count,auto_keep",attribute_flags_short="-O--CK",attribute_id="192",attribute_name="Power-Off_Retract_Count",attribute_value_type="thresh",device="sdl"} 0
smartctl_device_attribute{attribute_flags_long="updated_online,event_count,auto_keep",attribute_flags_short="-O--CK",attribute_id="192",attribute_name="Power-Off_Retract_Count",attribute_value_type="value",device="sdl"} 100
smartctl_device_attribute{attribute_flags_long="updated_online,event_count,auto_keep",attribute_flags_short="-O--CK",attribute_id="192",attribute_name="Power-Off_Retract_Count",attribute_value_type="worst",device="sdl"} 100
smartctl_device_attribute{attribute_flags_long="updated_online,event_count,auto_keep",attribute_flags_short="-O--CK",attribute_id="193",attribute_name="Load_Cycle_Count",attribute_value_type="raw",device="sdl"} 18494
smartctl_device_attribute{attribute_flags_long="updated_online,event_count,auto_keep",attribute_flags_short="-O--CK",attribute_id="193",attribute_name="Load_Cycle_Count",attribute_value_type="thresh",device="sdl"} 0
smartctl_device_attribute{attribute_flags_long="updated_online,event_count,auto_keep",attribute_flags_short="-O--CK",attribute_id="193",attribute_name="Load_Cycle_Count",attribute_value_type="value",device="sdl"} 91
smartctl_device_attribute{attribute_flags_long="updated_online,event_count,auto_keep",attribute_flags_short="-O--CK",attribute_id="193",attribute_name="Load_Cycle_Count",attribute_value_type="worst",device="sdl"} 91
smartctl_device_attribute{attribute_flags_long="updated_online,event_count,auto_keep",attribute_flags_short="-O--CK",attribute_id="4",attribute_name="Start_Stop_Count",attribute_value_type="raw",device="sdl"} 52
smartctl_device_attribute{attribute_flags_long="updated_online,event_count,auto_keep",attribute_flags_short="-O--CK",attribute_id="4",attribute_name="Start_Stop_Count",attribute_value_type="thresh",device="sdl"} 20
smartctl_device_attribute{attribute_flags_long="updated_online,event_count,auto_keep",attribute_flags_short="-O--CK",attribute_id="4",attribute_name="Start_Stop_Count",attribute_value_type="value",device="sdl"} 100
smartctl_device_attribute{attribute_flags_long="updated_online,event_count,auto_keep",attribute_flags_short="-O--CK",attribute_id="4",attribute_name="Start_Stop_Count",attribute_value_type="worst",device="sdl"} 100
smartctl_device_attribute{attribute_flags_long="updated_online,event_count,auto_keep",attribute_flags_short="-O--CK",attribute_id="9",attribute_name="Power_On_Hours",attribute_value_type="raw",device="sdl"} 3.342485283705022e+15
smartctl_device_attribute{attribute_flags_long="updated_online,event_count,auto_keep",attribute_flags_short="-O--CK",attribute_id="9",attribute_name="Power_On_Hours",attribute_value_type="thresh",device="sdl"} 0
smartctl_device_attribute{attribute_flags_long="updated_online,event_count,auto_keep",attribute_flags_short="-O--CK",attribute_id="9",attribute_name="Power_On_Hours",attribute_value_type="value",device="sdl"} 58
smartctl_device_attribute{attribute_flags_long="updated_online,event_count,auto_keep",attribute_flags_short="-O--CK",attribute_id="9",attribute_name="Power_On_Hours",attribute_value_type="worst",device="sdl"} 58
smartctl_device_attribute{attribute_flags_long="updated_online,performance,error_rate,event_count,auto_keep",attribute_flags_short="-OSRCK",attribute_id="199",attribute_name="UDMA_CRC_Error_Count",attribute_value_type="raw",device="sdl"} 0
smartctl_device_attribute{attribute_flags_long="updated_online,performance,error_rate,event_count,auto_keep",attribute_flags_short="-OSRCK",attribute_id="199",attribute_name="UDMA_CRC_Error_Count",attribute_value_type="thresh",device="sdl"} 0
smartctl_device_attribute{attribute_flags_long="updated_online,performance,error_rate,event_count,auto_keep",attribute_flags_short="-OSRCK",attribute_id="199",attribute_name="UDMA_CRC_Error_Count",attribute_value_type="value",device="sdl"} 200
smartctl_device_attribute{attribute_flags_long="updated_online,performance,error_rate,event_count,auto_keep",attribute_flags_short="-OSRCK",attribute_id="199",attribute_name="UDMA_CRC_Error_Count",attribute_value_type="worst",device="sdl"} 200
smartctl_device_block_size{blocks_type="logical",device="sdl"} 512
smartctl_device_block_size{blocks_type="physical",device="sdl"} 512
smartctl_device_capacity_blocks{device="sdl"} 3.907029168e+09
smartctl_device_capacity_bytes{device="sdl"} 2.000398934016e+12
smartctl_device_error_log_count{device="sdl",error_log_type="summary"} 0
smartctl_device_interface_speed{device="sdl",speed_type="current"} 6e+09
smartctl_device_interface_speed{device="sdl",speed_type="max"} 6e+09
smartctl_device_power_cycle_count{device="sdl"} 51
smartctl_device_power_on_seconds{device="sdl"} 1.3339512e+08
smartctl_device_rotation_rate{device="sdl"} 7200
smartctl_device_smart_status{device="sdl"} 1
smartctl_device_smartctl_exit_status{device="sdl"} 0
smartctl_device_temperature{device="sdl",temperature_type="current"} 19
smartctl_device{ata_additional_product_id="unknown",ata_version="ACS-3 T13/2161-D revision 5",device="sdl",firmware_version="REDACTED",form_factor="3.5 inches",interface="sat",model_family="Seagate Enterprise Capacity 3.5 HDD",model_name="ST2000NM0008-2F3100",protocol="ATA",sata_version="SATA 3.1",scsi_product="",scsi_revision="",scsi_vendor="",scsi_version="",serial_number="REDACTED"} 1
