smartctl_device_attribute{attribute_flags_long="event_count",attribute_flags_short="----C-",attribute_id="198",attribute_name="Offline_Uncorrectable",attribute_value_type="raw",device="sdq"} 0
smartctl_device_attribute{attribute_flags_long="event_count",attribute_flags_short="----C-",attribute_id="198",attribute_name="Offline_Uncorrectable",attribute_value_type="thresh",device="sdq"} 0
smartctl_device_attribute{attribute_flags_long="event_count",attribute_flags_short="----C-",attribute_id="198",attribute_name="Offline_Uncorrectable",attribute_value_type="value",device="sdq"} 100
smartctl_device_attribute{attribute_flags_long="event_count",attribute_flags_short="----C-",attribute_id="198",attribute_name="Offline_Uncorrectable",attribute_value_type="worst",device="sdq"} 100
smartctl_device_attribute{attribute_flags_long="prefailure,updated_online",attribute_flags_short="PO----",attribute_id="3",attribute_name="Spin_Up_Time",attribute_value_type="raw",device="sdq"} 0
smartctl_device_attribute{attribute_flags_long="prefailure,updated_online",attribute_flags_short="PO----",attribute_id="3",attribute_name="Spin_Up_Time",attribute_value_type="thresh",device="sdq"} 0
smartctl_device_attribute{attribute_flags_long="prefailure,updated_online",attribute_flags_short="PO----",attribute_id="3",attribute_name="Spin_Up_Time",attribute_value_type="value",device="sdq"} 97
smartctl_device_attribute{attribute_flags_long="prefailure,updated_online",attribute_flags_short="PO----",attribute_id="3",attribute_name="Spin_Up_Time",attribute_value_type="worst",device="sdq"} 96
smartctl_device_attribute{attribute_flags_long="prefailure,updated_online,event_count",attribute_flags_short="PO--C-",attribute_id="10",attribute_name="Spin_Retry_Count",attribute_value_type="raw",device="sdq"} 0
smartctl_device_attribute{attribute_flags_long="prefailure,updated_online,event_count",attribute_flags_short="PO--C-",attribute_id="10",attribute_name="Spin_Retry_Count",attribute_value_type="thresh",device="sdq"} 97
smartctl_device_attribute{attribute_flags_long="prefailure,updated_online,event_count",attribute_flags_short="PO--C-",attribute_id="10",attribute_name="Spin_Retry_Count",attribute_value_type="value",device="sdq"} 100
smartctl_device_attribute{attribute_flags_long="prefailure,updated_online,event_count",attribute_flags_short="PO--C-",attribute_id="10",attribute_name="Spin_Retry_Count",attribute_value_type="worst",device="sdq"} 100
smartctl_device_attribute{attribute_flags_long="prefailure,updated_online,event_count,auto_keep",attribute_flags_short="PO--CK",attribute_id="5",attribute_name="Reallocated_Sector_Ct",attribute_value_type="raw",device="sdq"} 0
smartctl_device_attribute{attribute_flags_long="prefailure,updated_online,event_count,auto_keep",attribute_flags_short="PO--CK",attribute_id="5",attribute_name="Reallocated_Sector_Ct",attribute_value_type="thresh",device="sdq"} 10
smartctl_device_attribute{attribute_flags_long="prefailure,updated_online,event_count,auto_keep",attribute_flags_short="PO--CK",attribute_id="5",attribute_name="Reallocated_Sector_Ct",attribute_value_type="value",device="sdq"} 100
smartctl_device_attribute{attribute_flags_long="prefailure,updated_online,event_count,auto_keep",attribute_flags_short="PO--CK",attribute_id="5",attribute_name="Reallocated_Sector_Ct",attribute_value_type="worst",device="sdq"} 100
smartctl_device_attribute{attribute_flags_long="prefailure,updated_online,performance,error_rate",attribute_flags_short="POSR--",attribute_id="1",attribute_name="Raw_Read_Error_Rate",attribute_value_type="raw",device="sdq"} 9.0736659e+07
smartctl_device_attribute{attribute_flags_long="prefailure,updated_online,performance,error_rate",attribute_flags_short="POSR--",attribute_id="1",attribute_name="Raw_Read_Error_Rate",attribute_value_type="thresh",device="sdq"} 44
smartctl_device_attribute{attribute_flags_long="prefailure,updated_online,performance,error_rate",attribute_flags_short="POSR--",attribute_id="1",attribute_name="Raw_Read_Error_Rate",attribute_value_type="value",device="sdq"} 79
smartctl_device_attribute{attribute_flags_long="prefailure,updated_online,performance,error_rate",attribute_flags_short="POSR--",attribute_id="1",attribute_name="Raw_Read_Error_Rate",attribute_value_type="worst",device="sdq"} 63
smartctl_device_attribute{attribute_flags_long="prefailure,updated_online,performance,error_rate",attribute_flags_short="POSR--",attribute_id="7",attribute_name="Seek_Error_Rate",attribute_value_type="raw",device="sdq"} 5.69143298e+08
smartctl_device_attribute{attribute_flags_long="prefailure,updated_online,performance,error_rate",attribute_flags_short="POSR--",attribute_id="7",attribute_name="Seek_Error_Rate",attribute_value_type="thresh",device="sdq"} 30
smartctl_device_attribute{attribute_flags_long="prefailure,updated_online,performance,error_rate",attribute_flags_short="POSR--",attribute_id="7",attribute_name="Seek_Error_Rate",attribute_value_type="value",device="sdq"} 87
smartctl_device_attribute{attribute_flags_long="prefailure,updated_online,performance,error_rate",attribute_flags_short="POSR--",attribute_id="7",attribute_name="Seek_Error_Rate",attribute_value_type="worst",device="sdq"} 60
smartctl_device_attribute{attribute_flags_long="updated_online,auto_keep",attribute_flags_short="-O---K",attribute_id="190",attribute_name="Airflow_Temperature_Cel",attribute_value_type="raw",device="sdq"} 5.21469977e+08
smartctl_device_attribute{attribute_flags_long="updated_online,auto_keep",attribute_flags_short="-O---K",attribute_id="190",attribute_name="Airflow_Temperature_Cel",attribute_value_type="thresh",device="sdq"} 45
smartctl_device_attribute{attribute_flags_long="updated_online,auto_keep",attribute_flags_short="-O---K",attribute_id="190",attribute_name="Airflow_Temperature_Cel",attribute_value_type="value",device="sdq"} 75
smartctl_device_attribute{attribute_flags_long="updated_online,auto_keep",attribute_flags_short="-O---K",attribute_id="190",attribute_name="Airflow_Temperature_Cel",attribute_value_type="worst",device="sdq"} 59
smartctl_device_attribute{attribute_flags_long="updated_online,auto_keep",attribute_flags_short="-O---K",attribute_id="194",attribute_name="Temperature_Celsius",attribute_value_type="raw",device="sdq"} 6.8719476761e+10
smartctl_device_attribute{attribute_flags_long="updated_online,auto_keep",attribute_flags_short="-O---K",attribute_id="194",attribute_name="Temperature_Celsius",attribute_value_type="thresh",device="sdq"} 0
smartctl_device_attribute{attribute_flags_long="updated_online,auto_keep",attribute_flags_short="-O---K",attribute_id="194",attribute_name="Temperature_Celsius",attribute_value_type="value",device="sdq"} 25
smartctl_device_attribute{attribute_flags_long="updated_online,auto_keep",attribute_flags_short="-O---K",attribute_id="194",attribute_name="Temperature_Celsius",attribute_value_type="worst",device="sdq"} 41
smartctl_device_attribute{attribute_flags_long="updated_online,error_rate,event_count",attribute_flags_short="-O-RC-",attribute_id="195",attribute_name="Hardware_ECC_Recovered",attribute_value_type="raw",device="sdq"} 9.0736659e+07
smartctl_device_attribute{attribute_flags_long="updated_online,error_rate,event_count",attribute_flags_short="-O-RC-",attribute_id="195",attribute_name="Hardware_ECC_Recovered",attribute_value_type="thresh",device="sdq"} 0
smartctl_device_attribute{attribute_flags_long="updated_online,error_rate,event_count",attribute_flags_short="-O-RC-",attribute_id="195",attribute_name="Hardware_ECC_Recovered",attribute_value_type="value",device="sdq"} 37
smartctl_device_attribute{attribute_flags_long="updated_online,error_rate,event_count",attribute_flags_short="-O-RC-",attribute_id="195",attribute_name="Hardware_ECC_Recovered",attribute_value_type="worst",device="sdq"} 15
smartctl_device_attribute{attribute_flags_long="updated_online,error_rate,event_count,auto_keep",attribute_flags_short="-O-RCK",attribute_id="189",attribute_name="High_Fly_Writes",attribute_value_type="raw",device="sdq"} 0
smartctl_device_attribute{attribute_flags_long="updated_online,error_rate,event_count,auto_keep",attribute_flags_short="-O-RCK",attribute_id="189",attribute_name="High_Fly_Writes",attribute_value_type="thresh",device="sdq"} 0
smartctl_device_attribute{attribute_flags_long="updated_online,error_rate,event_count,auto_keep",attribute_flags_short="-O-RCK",attribute_id="189",attribute_name="High_Fly_Writes",attribute_value_type="value",device="sdq"} 100
smartctl_device_attribute{attribute_flags_long="updated_online,error_rate,event_count,auto_keep",attribute_flags_short="-O-RCK",attribute_id="189",attribute_name="High_Fly_Writes",attribute_value_type="worst",device="sdq"} 100
smartctl_device_attribute{attribute_flags_long="updated_online,event_count",attribute_flags_short="-O--C-",attribute_id="197",attribute_name="Current_Pending_Sector",attribute_value_type="raw",device="sdq"} 0
smartctl_device_attribute{attribute_flags_long="updated_online,event_count",attribute_flags_short="-O--C-",attribute_id="197",attribute_name="Current_Pending_Sector",attribute_value_type="thresh",device="sdq"} 0
smartctl_device_attribute{attribute_flags_long="updated_online,event_count",attribute_flags_short="-O--C-",attribute_id="197",attribute_name="Current_Pending_Sector",attribute_value_type="value",device="sdq"} 100
smartctl_device_attribute{attribute_flags_long="updated_online,event_count",attribute_flags_short="-O--C-",attribute_id="197",attribute_name="Current_Pending_Sector",attribute_value_type="worst",device="sdq"} 100
smartctl_device_attribute{attribute_flags_long="updated_online,event_count,auto_keep",attribute_flags_short="-O--CK",attribute_id="12",attribute_name="Power_Cycle_Count",attribute_value_type="raw",device="sdq"} 25
smartctl_device_attribute{attribute_flags_long="updated_online,event_count,auto_keep",attribute_flags_short="-O--CK",attribute_id="12",attribute_name="Power_Cycle_Count",attribute_value_type="thresh",device="sdq"} 20
smartctl_device_attribute{attribute_flags_long="updated_online,event_count,auto_keep",attribute_flags_short="-O--CK",attribute_id="12",attribute_name="Power_Cycle_Count",attribute_value_type="value",device="sdq"} 100
smartctl_device_attribute{attribute_flags_long="updated_online,event_count,auto_keep",attribute_flags_short="-O--CK",attribute_id="12",attribute_name="Power_Cycle_Count",attribute_value_type="worst",device="sdq"} 100
smartctl_device_attribute{attribute_flags_long="updated_online,event_count,auto_keep",attribute_flags_short="-O--CK",attribute_id="184",attribute_name="End-to-End_Error",attribute_value_type="raw",device="sdq"} 0
smartctl_device_attribute{attribute_flags_long="updated_online,event_count,auto_keep",attribute_flags_short="-O--CK",attribute_id="184",attribute_name="End-to-End_Error",attribute_value_type="thresh",device="sdq"} 99
smartctl_device_attribute{attribute_flags_long="updated_online,event_count,auto_keep",attribute_flags_short="-O--CK",attribute_id="184",attribute_name="End-to-End_Error",attribute_value_type="value",device="sdq"} 100
smartctl_device_attribute{attribute_flags_long="updated_online,event_count,auto_keep",attribute_flags_short="-O--CK",attribute_id="184",attribute_name="End-to-End_Error",attribute_value_type="worst",device="sdq"} 100
smartctl_device_attribute{attribute_flags_long="updated_online,event_count,auto_keep",attribute_flags_short="-O--CK",attribute_id="187",attribute_name="Reported_Uncorrect",attribute_value_type="raw",device="sdq"} 0
smartctl_device_attribute{attribute_flags_long="updated_online,event_count,auto_keep",attribute_flags_short="-O--CK",attribute_id="187",attribute_name="Reported_Uncorrect",attribute_value_type="thresh",device="sdq"} 0
smartctl_device_attribute{attribute_flags_long="updated_online,event_count,auto_keep",attribute_flags_short="-O--CK",attribute_id="187",attribute_name="Reported_Uncorrect",attribute_value_type="value",device="sdq"} 100
smartctl_device_attribute{attribute_flags_long="updated_online,event_count,auto_keep",attribute_flags_short="-O--CK",attribute_id="187",attribute_name="Reported_Uncorrect",attribute_value_type="worst",device="sdq"} 100
smartctl_device_attribute{attribute_flags_long="updated_online,event_count,auto_keep",attribute_flags_short="-O--CK",attribute_id="188",attribute_name="Command_Timeout",attribute_value_type="raw",device="sdq"} 0
smartctl_device_attribute{attribute_flags_long="updated_online,event_count,auto_keep",attribute_flags_short="-O--CK",attribute_id="188",attribute_name="Command_Timeout",attribute_value_type="thresh",device="sdq"} 0
smartctl_device_attribute{attribute_flags_long="updated_online,event_count,auto_keep",attribute_flags_short="-O--CK",attribute_id="188",attribute_name="Command_Timeout",attribute_value_type="value",device="sdq"} 100
smartctl_device_attribute{attribute_flags_long="updated_online,event_count,auto_keep",attribute_flags_short="-O--CK",attribute_id="188",attribute_name="Command_Timeout",attribute_value_type="worst",device="sdq"} 100
smartctl_device_attribute{attribute_flags_long="updated_online,event_count,auto_keep",attribute_flags_short="-O--CK",attribute_id="191",attribute_name="G-Sense_Error_Rate",attribute_value_type="raw",device="sdq"} 0
smartctl_device_attribute{attribute_flags_long="updated_online,event_count,auto_keep",attribute_flags_short="-O--CK",attribute_id="191",attribute_name="G-Sense_Error_Rate",attribute_value_type="thresh",device="sdq"} 0
smartctl_device_attribute{attribute_flags_long="updated_online,event_count,auto_keep",attribute_flags_short="-O--CK",attribute_id="191",attribute_name="G-Sense_Error_Rate",attribute_value_type="value",device="sdq"} 100
smartctl_device_attribute{attribute_flags_long="updated_online,event_count,auto_keep",attribute_flags_short="-O--CK",attribute_id="191",attribute_name="G-Sense_Error_Rate",attribute_value_type="worst",device="sdq"} 100
smartctl_device_attribute{attribute_flags_long="updated_online,event_count,auto_keep",attribute_flags_short="-O--CK",attribute_id="192",attribute_name="Power-Off_Retract_Count",attribute_value_type="raw",device="sdq"} 22
smartctl_device_attribute{attribute_flags_long="updated_online,event_count,auto_keep",attribute_flags_short="-O--CK",attribute_id="192",attribute_name="Power-Off_Retract_Count",attribute_value_type="thresh",device="sdq"} 0
smartctl_device_attribute{attribute_flags_long="updated_online,event_count,auto_keep",attribute_flags_short="-O--CK",attribute_id="192",attribute_name="Power-Off_Retract_Count",attribute_value_type="value",device="sdq"} 100
smartctl_device_attribute{attribute_flags_long="updated_online,event_count,auto_keep",attribute_flags_short="-O--CK",attribute_id="192",attribute_name="Power-Off_Retract_Count",attribute_value_type="worst",device="sdq"} 100
smartctl_device_attribute{attribute_flags_long="updated_online,event_count,auto_keep",attribute_flags_short="-O--CK",attribute_id="193",attribute_name="Load_Cycle_Count",attribute_value_type="raw",device="sdq"} 3224
smartctl_device_attribute{attribute_flags_long="updated_online,event_count,auto_keep",attribute_flags_short="-O--CK",attribute_id="193",attribute_name="Load_Cycle_Count",attribute_value_type="thresh",device="sdq"} 0
smartctl_device_attribute{attribute_flags_long="updated_online,event_count,auto_keep",attribute_flags_short="-O--CK",attribute_id="193",attribute_name="Load_Cycle_Count",attribute_value_type="value",device="sdq"} 99
smartctl_device_attribute{attribute_flags_long="updated_online,event_count,auto_keep",attribute_flags_short="-O--CK",attribute_id="193",attribute_name="Load_Cycle_Count",attribute_value_type="worst",device="sdq"} 99
smartctl_device_attribute{attribute_flags_long="updated_online,event_count,auto_keep",attribute_flags_short="-O--CK",attribute_id="4",attribute_name="Start_Stop_Count",attribute_value_type="raw",device="sdq"} 25
smartctl_device_attribute{attribute_flags_long="updated_online,event_count,auto_keep",attribute_flags_short="-O--CK",attribute_id="4",attribute_name="Start_Stop_Count",attribute_value_type="thresh",device="sdq"} 20
smartctl_device_attribute{attribute_flags_long="updated_online,event_count,auto_keep",attribute_flags_short="-O--CK",attribute_id="4",attribute_name="Start_Stop_Count",attribute_value_type="value",device="sdq"} 100
smartctl_device_attribute{attribute_flags_long="updated_online,event_count,auto_keep",attribute_flags_short="-O--CK",attribute_id="4",attribute_name="Start_Stop_Count",attribute_value_type="worst",device="sdq"} 100
smartctl_device_attribute{attribute_flags_long="updated_online,event_count,auto_keep",attribute_flags_short="-O--CK",attribute_id="9",attribute_name="Power_On_Hours",attribute_value_type="raw",device="sdq"} 76915
smartctl_device_attribute{attribute_flags_long="updated_online,event_count,auto_keep",attribute_flags_short="-O--CK",attribute_id="9",attribute_name="Power_On_Hours",attribute_value_type="thresh",device="sdq"} 0
smartctl_device_attribute{attribute_flags_long="updated_online,event_count,auto_keep",attribute_flags_short="-O--CK",attribute_id="9",attribute_name="Power_On_Hours",attribute_value_type="value",device="sdq"} 13
smartctl_device_attribute{attribute_flags_long="updated_online,event_count,auto_keep",attribute_flags_short="-O--CK",attribute_id="9",attribute_name="Power_On_Hours",attribute_value_type="worst",device="sdq"} 13
smartctl_device_attribute{attribute_flags_long="updated_online,performance,error_rate,event_count,auto_keep",attribute_flags_short="-OSRCK",attribute_id="199",attribute_name="UDMA_CRC_Error_Count",attribute_value_type="raw",device="sdq"} 0
smartctl_device_attribute{attribute_flags_long="updated_online,performance,error_rate,event_count,auto_keep",attribute_flags_short="-OSRCK",attribute_id="199",attribute_name="UDMA_CRC_Error_Count",attribute_value_type="thresh",device="sdq"} 0
smartctl_device_attribute{attribute_flags_long="updated_online,performance,error_rate,event_count,auto_keep",attribute_flags_short="-OSRCK",attribute_id="199",attribute_name="UDMA_CRC_Error_Count",attribute_value_type="value",device="sdq"} 200
smartctl_device_attribute{attribute_flags_long="updated_online,performance,error_rate,event_count,auto_keep",attribute_flags_short="-OSRCK",attribute_id="199",attribute_name="UDMA_CRC_Error_Count",attribute_value_type="worst",device="sdq"} 200
smartctl_device_block_size{blocks_type="logical",device="sdq"} 512
smartctl_device_block_size{blocks_type="physical",device="sdq"} 512
smartctl_device_capacity_blocks{device="sdq"} 1.953525168e+09
smartctl_device_capacity_bytes{device="sdq"} 1.000204886016e+12
smartctl_device_error_log_count{device="sdq",error_log_type="summary"} 0
smartctl_device_interface_speed{device="sdq",speed_type="current"} 6e+09
smartctl_device_interface_speed{device="sdq",speed_type="max"} 6e+09
smartctl_device_power_cycle_count{device="sdq"} 25
smartctl_device_power_on_seconds{device="sdq"} 2.76894e+08
smartctl_device_rotation_rate{device="sdq"} 7200
smartctl_device_smart_status{device="sdq"} 1
smartctl_device_smartctl_exit_status{device="sdq"} 0
smartctl_device_temperature{device="sdq",temperature_type="current"} 25
smartctl_device{ata_additional_product_id="unknown",ata_version="ACS-2 (minor revision not indicated)",device="sdq",firmware_version="REDACTED",form_factor="3.5 inches",interface="sat",model_family="Seagate Constellation ES.3",model_name="ST1000NM0033-9ZM173",protocol="ATA",sata_version="SATA 3.0",scsi_product="",scsi_revision="",scsi_vendor="",scsi_version="",serial_number="REDACTED"} 1
