smartctl_device_attribute{attribute_flags_long="error_rate",attribute_flags_short="---R--",attribute_id="200",attribute_name="Multi_Zone_Error_Rate",attribute_value_type="raw",device="sdc"} 0
smartctl_device_attribute{attribute_flags_long="error_rate",attribute_flags_short="---R--",attribute_id="200",attribute_name="Multi_Zone_Error_Rate",attribute_value_type="thresh",device="sdc"} 0
smartctl_device_attribute{attribute_flags_long="error_rate",attribute_flags_short="---R--",attribute_id="200",attribute_name="Multi_Zone_Error_Rate",attribute_value_type="value",device="sdc"} 200
smartctl_device_attribute{attribute_flags_long="error_rate",attribute_flags_short="---R--",attribute_id="200",attribute_name="Multi_Zone_Error_Rate",attribute_value_type="worst",device="sdc"} 200
smartctl_device_attribute{attribute_flags_long="event_count,auto_keep",attribute_flags_short="----CK",attribute_id="198",attribute_name="Offline_Uncorrectable",attribute_value_type="raw",device="sdc"} 0
smartctl_device_attribute{attribute_flags_long="event_count,auto_keep",attribute_flags_short="----CK",attribute_id="198",attribute_name="Offline_Uncorrectable",attribute_value_type="thresh",device="sdc"} 0
smartctl_device_attribute{attribute_flags_long="event_count,auto_keep",attribute_flags_short="----CK",attribute_id="198",attribute_name="Offline_Uncorrectable",attribute_value_type="value",device="sdc"} 200
smartctl_device_attribute{attribute_flags_long="event_count,auto_keep",attribute_flags_short="----CK",attribute_id="198",attribute_name="Offline_Uncorrectable",attribute_value_type="worst",device="sdc"} 200
smartctl_device_attribute{attribute_flags_long="prefailure,updated_online,event_count,auto_keep",attribute_flags_short="PO--CK",attribute_id="5",attribute_name="Reallocated_Sector_Ct",attribute_value_type="raw",device="sdc"} 0
smartctl_device_attribute{attribute_flags_long="prefailure,updated_online,event_count,auto_keep",attribute_flags_short="PO--CK",attribute_id="5",attribute_name="Reallocated_Sector_Ct",attribute_value_type="thresh",device="sdc"} 140
smartctl_device_attribute{attribute_flags_long="prefailure,updated_online,event_count,auto_keep",attribute_flags_short="PO--CK",attribute_id="5",attribute_name="Reallocated_Sector_Ct",attribute_value_type="value",device="sdc"} 200
smartctl_device_attribute{attribute_flags_long="prefailure,updated_online,event_count,auto_keep",attribute_flags_short="PO--CK",attribute_id="5",attribute_name="Reallocated_Sector_Ct",attribute_value_type="worst",device="sdc"} 200
smartctl_device_attribute{attribute_flags_long="prefailure,updated_online,performance,auto_keep",attribute_flags_short="POS--K",attribute_id="3",attribute_name="Spin_Up_Time",attribute_value_type="raw",device="sdc"} 10916
smartctl_device_attribute{attribute_flags_long="prefailure,updated_online,performance,auto_keep",attribute_flags_short="POS--K",attribute_id="3",attribute_name="Spin_Up_Time",attribute_value_type="thresh",device="sdc"} 21
smartctl_device_attribute{attribute_flags_long="prefailure,updated_online,performance,auto_keep",attribute_flags_short="POS--K",attribute_id="3",attribute_name="Spin_Up_Time",attribute_value_type="value",device="sdc"} 161
smartctl_device_attribute{attribute_flags_long="prefailure,updated_online,performance,auto_keep",attribute_flags_short="POS--K",attribute_id="3",attribute_name="Spin_Up_Time",attribute_value_type="worst",device="sdc"} 152
smartctl_device_attribute{attribute_flags_long="prefailure,updated_online,performance,error_rate,auto_keep",attribute_flags_short="POSR-K",attribute_id="1",attribute_name="Raw_Read_Error_Rate",attribute_value_type="raw",device="sdc"} 0
smartctl_device_attribute{attribute_flags_long="prefailure,updated_online,performance,error_rate,auto_keep",attribute_flags_short="POSR-K",attribute_id="1",attribute_name="Raw_Read_Error_Rate",attribute_value_type="thresh",device="sdc"} 51
smartctl_device_attribute{attribute_flags_long="prefailure,updated_online,performance,error_rate,auto_keep",attribute_flags_short="POSR-K",attribute_id="1",attribute_name="Raw_Read_Error_Rate",attribute_value_type="value",device="sdc"} 200
smartctl_device_attribute{attribute_flags_long="prefailure,updated_online,performance,error_rate,auto_keep",attribute_flags_short="POSR-K",attribute_id="1",attribute_name="Raw_Read_Error_Rate",attribute_value_type="worst",device="sdc"} 200
smartctl_device_attribute{attribute_flags_long="updated_online,auto_keep",attribute_flags_short="-O---K",attribute_id="194",attribute_name="Temperature_Celsius",attribute_value_type="raw",device="sdc"} 21
smartctl_device_attribute{attribute_flags_long="updated_online,auto_keep",attribute_flags_short="-O---K",attribute_id="194",attribute_name="Temperature_Celsius",attribute_value_type="thresh",device="sdc"} 0
smartctl_device_attribute{attribute_flags_long="updated_online,auto_keep",attribute_flags_short="-O---K",attribute_id="194",attribute_name="Temperature_Celsius",attribute_value_type="value",device="sdc"} 131
smartctl_device_attribute{attribute_flags_long="updated_online,auto_keep",attribute_flags_short="-O---K",attribute_id="194",attribute_name="Temperature_Celsius",attribute_value_type="worst",device="sdc"} 105
smartctl_device_attribute{attribute_flags_long="updated_online,event_count,auto_keep",attribute_flags_short="-O--CK",attribute_id="10",attribute_name="Spin_Retry_Count",attribute_value_type="raw",device="sdc"} 0
smartctl_device_attribute{attribute_flags_long="updated_online,event_count,auto_keep",attribute_flags_short="-O--CK",attribute_id="10",attribute_name="Spin_Retry_Count",attribute_value_type="thresh",device="sdc"} 0
smartctl_device_attribute{attribute_flags_long="updated_online,event_count,auto_keep",attribute_flags_short="-O--CK",attribute_id="10",attribute_name="Spin_Retry_Count",attribute_value_type="value",device="sdc"} 100
smartctl_device_attribute{attribute_flags_long="updated_online,event_count,auto_keep",attribute_flags_short="-O--CK",attribute_id="10",attribute_name="Spin_Retry_Count",attribute_value_type="worst",device="sdc"} 253
smartctl_device_attribute{attribute_flags_long="updated_online,event_count,auto_keep",attribute_flags_short="-O--CK",attribute_id="11",attribute_name="Calibration_Retry_Count",attribute_value_type="raw",device="sdc"} 0
smartctl_device_attribute{attribute_flags_long="updated_online,event_count,auto_keep",attribute_flags_short="-O--CK",attribute_id="11",attribute_name="Calibration_Retry_Count",attribute_value_type="thresh",device="sdc"} 0
smartctl_device_attribute{attribute_flags_long="updated_online,event_count,auto_keep",attribute_flags_short="-O--CK",attribute_id="11",attribute_name="Calibration_Retry_Count",attribute_value_type="value",device="sdc"} 100
smartctl_device_attribute{attribute_flags_long="updated_online,event_count,auto_keep",attribute_flags_short="-O--CK",attribute_id="11",attribute_name="Calibration_Retry_Count",attribute_value_type="worst",device="sdc"} 253
smartctl_device_attribute{attribute_flags_long="updated_online,event_count,auto_keep",attribute_flags_short="-O--CK",attribute_id="12",attribute_name="Power_Cycle_Count",attribute_value_type="raw",device="sdc"} 21
smartctl_device_attribute{attribute_flags_long="updated_online,event_count,auto_keep",attribute_flags_short="-O--CK",attribute_id="12",attribute_name="Power_Cycle_Count",attribute_value_type="thresh",device="sdc"} 0
smartctl_device_attribute{attribute_flags_long="updated_online,event_count,auto_keep",attribute_flags_short="-O--CK",attribute_id="12",attribute_name="Power_Cycle_Count",attribute_value_type="value",device="sdc"} 100
smartctl_device_attribute{attribute_flags_long="updated_online,event_count,auto_keep",attribute_flags_short="-O--CK",attribute_id="12",attribute_name="Power_Cycle_Count",attribute_value_type="worst",device="sdc"} 100
smartctl_device_attribute{attribute_flags_long="updated_online,event_count,auto_keep",attribute_flags_short="-O--CK",attribute_id="183",attribute_name="Runtime_Bad_Block",attribute_value_type="raw",device="sdc"} 0
smartctl_device_attribute{attribute_flags_long="updated_online,event_count,auto_keep",attribute_flags_short="-O--CK",attribute_id="183",attribute_name="Runtime_Bad_Block",attribute_value_type="thresh",device="sdc"} 0
smartctl_device_attribute{attribute_flags_long="updated_online,event_count,auto_keep",attribute_flags_short="-O--CK",attribute_id="183",attribute_name="Runtime_Bad_Block",attribute_value_type="value",device="sdc"} 100
smartctl_device_attribute{attribute_flags_long="updated_online,event_count,auto_keep",attribute_flags_short="-O--CK",attribute_id="183",attribute_name="Runtime_Bad_Block",attribute_value_type="worst",device="sdc"} 100
smartctl_device_attribute{attribute_flags_long="updated_online,event_count,auto_keep",attribute_flags_short="-O--CK",attribute_id="192",attribute_name="Power-Off_Retract_Count",attribute_value_type="raw",device="sdc"} 16
smartctl_device_attribute{attribute_flags_long="updated_online,event_count,auto_keep",attribute_flags_short="-O--CK",attribute_id="192",attribute_name="Power-Off_Retract_Count",attribute_value_type="thresh",device="sdc"} 0
smartctl_device_attribute{attribute_flags_long="updated_online,event_count,auto_keep",attribute_flags_short="-O--CK",attribute_id="192",attribute_name="Power-Off_Retract_Count",attribute_value_type="value",device="sdc"} 200
smartctl_device_attribute{attribute_flags_long="updated_online,event_count,auto_keep",attribute_flags_short="-O--CK",attribute_id="192",attribute_name="Power-Off_Retract_Count",attribute_value_type="worst",device="sdc"} 200
smartctl_device_attribute{attribute_flags_long="updated_online,event_count,auto_keep",attribute_flags_short="-O--CK",attribute_id="193",attribute_name="Load_Cycle_Count",attribute_value_type="raw",device="sdc"} 34
smartctl_device_attribute{attribute_flags_long="updated_online,event_count,auto_keep",attribute_flags_short="-O--CK",attribute_id="193",attribute_name="Load_Cycle_Count",attribute_value_type="thresh",device="sdc"} 0
smartctl_device_attribute{attribute_flags_long="updated_online,event_count,auto_keep",attribute_flags_short="-O--CK",attribute_id="193",attribute_name="Load_Cycle_Count",attribute_value_type="value",device="sdc"} 200
smartctl_device_attribute{attribute_flags_long="updated_online,event_count,auto_keep",attribute_flags_short="-O--CK",attribute_id="193",attribute_name="Load_Cycle_Count",attribute_value_type="worst",device="sdc"} 200
smartctl_device_attribute{attribute_flags_long="updated_online,event_count,auto_keep",attribute_flags_short="-O--CK",attribute_id="196",attribute_name="Reallocated_Event_Count",attribute_value_type="raw",device="sdc"} 0
smartctl_device_attribute{attribute_flags_long="updated_online,event_count,auto_keep",attribute_flags_short="-O--CK",attribute_id="196",attribute_name="Reallocated_Event_Count",attribute_value_type="thresh",device="sdc"} 0
smartctl_device_attribute{attribute_flags_long="updated_online,event_count,auto_keep",attribute_flags_short="-O--CK",attribute_id="196",attribute_name="Reallocated_Event_Count",attribute_value_type="value",device="sdc"} 200
smartctl_device_attribute{attribute_flags_long="updated_online,event_count,auto_keep",attribute_flags_short="-O--CK",attribute_id="196",attribute_name="Reallocated_Event_Count",attribute_value_type="worst",device="sdc"} 200
smartctl_device_attribute{attribute_flags_long="updated_online,event_count,auto_keep",attribute_flags_short="-O--CK",attribute_id="197",attribute_name="Current_Pending_Sector",attribute_value_type="raw",device="sdc"} 0
smartctl_device_attribute{attribute_flags_long="updated_online,event_count,auto_keep",attribute_flags_short="-O--CK",attribute_id="197",attribute_name="Current_Pending_Sector",attribute_value_type="thresh",device="sdc"} 0
smartctl_device_attribute{attribute_flags_long="updated_online,event_count,auto_keep",attribute_flags_short="-O--CK",attribute_id="197",attribute_name="Current_Pending_Sector",attribute_value_type="value",device="sdc"} 200
smartctl_device_attribute{attribute_flags_long="updated_online,event_count,auto_keep",attribute_flags_short="-O--CK",attribute_id="197",attribute_name="Current_Pending_Sector",attribute_value_type="worst",device="sdc"} 200
smartctl_device_attribute{attribute_flags_long="updated_online,event_count,auto_keep",attribute_flags_short="-O--CK",attribute_id="199",attribute_name="UDMA_CRC_Error_Count",attribute_value_type="raw",device="sdc"} 0
smartctl_device_attribute{attribute_flags_long="updated_online,event_count,auto_keep",attribute_flags_short="-O--CK",attribute_id="199",attribute_name="UDMA_CRC_Error_Count",attribute_value_type="thresh",device="sdc"} 0
smartctl_device_attribute{attribute_flags_long="updated_online,event_count,auto_keep",attribute_flags_short="-O--CK",attribute_id="199",attribute_name="UDMA_CRC_Error_Count",attribute_value_type="value",device="sdc"} 200
smartctl_device_attribute{attribute_flags_long="updated_online,event_count,auto_keep",attribute_flags_short="-O--CK",attribute_id="199",attribute_name="UDMA_CRC_Error_Count",attribute_value_type="worst",device="sdc"} 200
smartctl_device_attribute{attribute_flags_long="updated_online,event_count,auto_keep",attribute_flags_short="-O--CK",attribute_id="4",attribute_name="Start_Stop_Count",attribute_value_type="raw",device="sdc"} 21
smartctl_device_attribute{attribute_flags_long="updated_online,event_count,auto_keep",attribute_flags_short="-O--CK",attribute_id="4",attribute_name="Start_Stop_Count",attribute_value_type="thresh",device="sdc"} 0
smartctl_device_attribute{attribute_flags_long="updated_online,event_count,auto_keep",attribute_flags_short="-O--CK",attribute_id="4",attribute_name="Start_Stop_Count",attribute_value_type="value",device="sdc"} 100
smartctl_device_attribute{attribute_flags_long="updated_online,event_count,auto_keep",attribute_flags_short="-O--CK",attribute_id="4",attribute_name="Start_Stop_Count",attribute_value_type="worst",device="sdc"} 100
smartctl_device_attribute{attribute_flags_long="updated_online,event_count,auto_keep",attribute_flags_short="-O--CK",attribute_id="9",attribute_name="Power_On_Hours",attribute_value_type="raw",device="sdc"} 58046
smartctl_device_attribute{attribute_flags_long="updated_online,event_count,auto_keep",attribute_flags_short="-O--CK",attribute_id="9",attribute_name="Power_On_Hours",attribute_value_type="thresh",device="sdc"} 0
smartctl_device_attribute{attribute_flags_long="updated_online,event_count,auto_keep",attribute_flags_short="-O--CK",attribute_id="9",attribute_name="Power_On_Hours",attribute_value_type="value",device="sdc"} 21
smartctl_device_attribute{attribute_flags_long="updated_online,event_count,auto_keep",attribute_flags_short="-O--CK",attribute_id="9",attribute_name="Power_On_Hours",attribute_value_type="worst",device="sdc"} 21
smartctl_device_attribute{attribute_flags_long="updated_online,performance,error_rate,auto_keep",attribute_flags_short="-OSR-K",attribute_id="7",attribute_name="Seek_Error_Rate",attribute_value_type="raw",device="sdc"} 0
smartctl_device_attribute{attribute_flags_long="updated_online,performance,error_rate,auto_keep",attribute_flags_short="-OSR-K",attribute_id="7",attribute_name="Seek_Error_Rate",attribute_value_type="thresh",device="sdc"} 0
smartctl_device_attribute{attribute_flags_long="updated_online,performance,error_rate,auto_keep",attribute_flags_short="-OSR-K",attribute_id="7",attribute_name="Seek_Error_Rate",attribute_value_type="value",device="sdc"} 200
smartctl_device_attribute{attribute_flags_long="updated_online,performance,error_rate,auto_keep",attribute_flags_short="-OSR-K",attribute_id="7",attribute_name="Seek_Error_Rate",attribute_value_type="worst",device="sdc"} 200
smartctl_device_block_size{blocks_type="logical",device="sdc"} 512
smartctl_device_block_size{blocks_type="physical",device="sdc"} 512
smartctl_device_capacity_blocks{device="sdc"} 5.860533168e+09
smartctl_device_capacity_bytes{device="sdc"} 3.000592982016e+12
smartctl_device_error_log_count{device="sdc",error_log_type="summary"} 0
smartctl_device_interface_speed{device="sdc",speed_type="current"} 3e+09
smartctl_device_interface_speed{device="sdc",speed_type="max"} 6e+09
smartctl_device_power_cycle_count{device="sdc"} 21
smartctl_device_power_on_seconds{device="sdc"} 2.089656e+08
smartctl_device_rotation_rate{device="sdc"} 7200
smartctl_device_smart_status{device="sdc"} 1
smartctl_device_smartctl_exit_status{device="sdc"} 0
smartctl_device_temperature{device="sdc",temperature_type="current"} 21
smartctl_device{ata_additional_product_id="unknown",ata_version="ATA8-ACS (minor revision not indicated)",device="sdc",firmware_version="REDACTED",form_factor="",interface="sat",model_family="Western Digital Re",model_name="WDC WD3000FYYZ-01UL1B1",protocol="ATA",sata_version="SATA 3.0",scsi_product="",scsi_revision="",scsi_vendor="",scsi_version="",serial_number="REDACTED"} 1
