smartctl_device_attribute{attribute_flags_long="event_count,auto_keep",attribute_flags_short="----CK",attribute_id="198",attribute_name="Offline_Uncorrectable",attribute_value_type="raw",device="sdd"} 0
smartctl_device_attribute{attribute_flags_long="event_count,auto_keep",attribute_flags_short="----CK",attribute_id="198",attribute_name="Offline_Uncorrectable",attribute_value_type="thresh",device="sdd"} 0
smartctl_device_attribute{attribute_flags_long="event_count,auto_keep",attribute_flags_short="----CK",attribute_id="198",attribute_name="Offline_Uncorrectable",attribute_value_type="value",device="sdd"} 100
smartctl_device_attribute{attribute_flags_long="event_count,auto_keep",attribute_flags_short="----CK",attribute_id="198",attribute_name="Offline_Uncorrectable",attribute_value_type="worst",device="sdd"} 100
smartctl_device_attribute{attribute_flags_long="prefailure",attribute_flags_short="P-----",attribute_id="240",attribute_name="Head_Flying_Hours",attribute_value_type="raw",device="sdd"} 0
smartctl_device_attribute{attribute_flags_long="prefailure",attribute_flags_short="P-----",attribute_id="240",attribute_name="Head_Flying_Hours",attribute_value_type="thresh",device="sdd"} 1
smartctl_device_attribute{attribute_flags_long="prefailure",attribute_flags_short="P-----",attribute_id="240",attribute_name="Head_Flying_Hours",attribute_value_type="value",device="sdd"} 100
smartctl_device_attribute{attribute_flags_long="prefailure",attribute_flags_short="P-----",attribute_id="240",attribute_name="Head_Flying_Hours",attribute_value_type="worst",device="sdd"} 100
smartctl_device_attribute{attribute_flags_long="prefailure,performance",attribute_flags_short="P-S---",attribute_id="2",attribute_name="Throughput_Performance",attribute_value_type="raw",device="sdd"} 0
smartctl_device_attribute{attribute_flags_long="prefailure,performance",attribute_flags_short="P-S---",attribute_id="2",attribute_name="Throughput_Performance",attribute_value_type="thresh",device="sdd"} 50
smartctl_device_attribute{attribute_flags_long="prefailure,performance",attribute_flags_short="P-S---",attribute_id="2",attribute_name="Throughput_Performance",attribute_value_type="value",device="sdd"} 100
smartctl_device_attribute{attribute_flags_long="prefailure,performance",attribute_flags_short="P-S---",attribute_id="2",attribute_name="Throughput_Performance",attribute_value_type="worst",device="sdd"} 100
smartctl_device_attribute{attribute_flags_long="prefailure,performance",attribute_flags_short="P-S---",attribute_id="8",attribute_name="Seek_Time_Performance",attribute_value_type="raw",device="sdd"} 0
smartctl_device_attribute{attribute_flags_long="prefailure,performance",attribute_flags_short="P-S---",attribute_id="8",attribute_name="Seek_Time_Performance",attribute_value_type="thresh",device="sdd"} 50
smartctl_device_attribute{attribute_flags_long="prefailure,performance",attribute_flags_short="P-S---",attribute_id="8",attribute_name="Seek_Time_Performance",attribute_value_type="value",device="sdd"} 100
smartctl_device_attribute{attribute_flags_long="prefailure,performance",attribute_flags_short="P-S---",attribute_id="8",attribute_name="Seek_Time_Performance",attribute_value_type="worst",device="sdd"} 100
smartctl_device_attribute{attribute_flags_long="prefailure,updated_online,error_rate",attribute_flags_short="PO-R--",attribute_id="1",attribute_name="Raw_Read_Error_Rate",attribute_value_type="raw",device="sdd"} 0
smartctl_device_attribute{attribute_flags_long="prefailure,updated_online,error_rate",attribute_flags_short="PO-R--",attribute_id="1",attribute_name="Raw_Read_Error_Rate",attribute_value_type="thresh",device="sdd"} 50
smartctl_device_attribute{attribute_flags_long="prefailure,updated_online,error_rate",attribute_flags_short="PO-R--",attribute_id="1",attribute_name="Raw_Read_Error_Rate",attribute_value_type="value",device="sdd"} 100
smartctl_device_attribute{attribute_flags_long="prefailure,updated_online,error_rate",attribute_flags_short="PO-R--",attribute_id="1",attribute_name="Raw_Read_Error_Rate",attribute_value_type="worst",device="sdd"} 100
smartctl_device_attribute{attribute_flags_long="prefailure,updated_online,error_rate",attribute_flags_short="PO-R--",attribute_id="7",attribute_name="Seek_Error_Rate",attribute_value_type="raw",device="sdd"} 0
smartctl_device_attribute{attribute_flags_long="prefailure,updated_online,error_rate",attribute_flags_short="PO-R--",attribute_id="7",attribute_name="Seek_Error_Rate",attribute_value_type="thresh",device="sdd"} 50
smartctl_device_attribute{attribute_flags_long="prefailure,updated_online,error_rate",attribute_flags_short="PO-R--",attribute_id="7",attribute_name="Seek_Error_Rate",attribute_value_type="value",device="sdd"} 100
smartctl_device_attribute{attribute_flags_long="prefailure,updated_online,error_rate",attribute_flags_short="PO-R--",attribute_id="7",attribute_name="Seek_Error_Rate",attribute_value_type="worst",device="sdd"} 100
smartctl_device_attribute{attribute_flags_long="prefailure,updated_online,event_count,auto_keep",attribute_flags_short="PO--CK",attribute_id="10",attribute_name="Spin_Retry_Count",attribute_value_type="raw",device="sdd"} 0
smartctl_device_attribute{attribute_flags_long="prefailure,updated_online,event_count,auto_keep",attribute_flags_short="PO--CK",attribute_id="10",attribute_name="Spin_Retry_Count",attribute_value_type="thresh",device="sdd"} 30
smartctl_device_attribute{attribute_flags_long="prefailure,updated_online,event_count,auto_keep",attribute_flags_short="PO--CK",attribute_id="10",attribute_name="Spin_Retry_Count",attribute_value_type="value",device="sdd"} 100
smartctl_device_attribute{attribute_flags_long="prefailure,updated_online,event_count,auto_keep",attribute_flags_short="PO--CK",attribute_id="10",attribute_name="Spin_Retry_Count",attribute_value_type="worst",device="sdd"} 100
smartctl_device_attribute{attribute_flags_long="prefailure,updated_online,event_count,auto_keep",attribute_flags_short="PO--CK",attribute_id="5",attribute_name="Reallocated_Sector_Ct",attribute_value_type="raw",device="sdd"} 0
smartctl_device_attribute{attribute_flags_long="prefailure,updated_online,event_count,auto_keep",attribute_flags_short="PO--CK",attribute_id="5",attribute_name="Reallocated_Sector_Ct",attribute_value_type="thresh",device="sdd"} 50
smartctl_device_attribute{attribute_flags_long="prefailure,updated_online,event_count,auto_keep",attribute_flags_short="PO--CK",attribute_id="5",attribute_name="Reallocated_Sector_Ct",attribute_value_type="value",device="sdd"} 100
smartctl_device_attribute{attribute_flags_long="prefailure,updated_online,event_count,auto_keep",attribute_flags_short="PO--CK",attribute_id="5",attribute_name="Reallocated_Sector_Ct",attribute_value_type="worst",device="sdd"} 100
smartctl_device_attribute{attribute_flags_long="prefailure,updated_online,performance,auto_keep",attribute_flags_short="POS--K",attribute_id="3",attribute_name="Spin_Up_Time",attribute_value_type="raw",device="sdd"} 3236
smartctl_device_attribute{attribute_flags_long="prefailure,updated_online,performance,auto_keep",attribute_flags_short="POS--K",attribute_id="3",attribute_name="Spin_Up_Time",attribute_value_type="thresh",device="sdd"} 1
smartctl_device_attribute{attribute_flags_long="prefailure,updated_online,performance,auto_keep",attribute_flags_short="POS--K",attribute_id="3",attribute_name="Spin_Up_Time",attribute_value_type="value",device="sdd"} 100
smartctl_device_attribute{attribute_flags_long="prefailure,updated_online,performance,auto_keep",attribute_flags_short="POS--K",attribute_id="3",attribute_name="Spin_Up_Time",attribute_value_type="worst",device="sdd"} 100
smartctl_device_attribute{attribute_flags_long="updated_online",attribute_flags_short="-O----",attribute_id="220",attribute_name="Disk_Shift",attribute_value_type="raw",device="sdd"} 0
smartctl_device_attribute{attribute_flags_long="updated_online",attribute_flags_short="-O----",attribute_id="220",attribute_name="Disk_Shift",attribute_value_type="thresh",device="sdd"} 0
smartctl_device_attribute{attribute_flags_long="updated_online",attribute_flags_short="-O----",attribute_id="220",attribute_name="Disk_Shift",attribute_value_type="value",device="sdd"} 100
smartctl_device_attribute{attribute_flags_long="updated_online",attribute_flags_short="-O----",attribute_id="220",attribute_name="Disk_Shift",attribute_value_type="worst",device="sdd"} 100
smartctl_device_attribute{attribute_flags_long="updated_online,auto_keep",attribute_flags_short="-O---K",attribute_id="194",attribute_name="Temperature_Celsius",attribute_value_type="raw",device="sdd"} 1.84684707874e+11
smartctl_device_attribute{attribute_flags_long="updated_online,auto_keep",attribute_flags_short="-O---K",attribute_id="194",attribute_name="Temperature_Celsius",attribute_value_type="thresh",device="sdd"} 0
smartctl_device_attribute{attribute_flags_long="updated_online,auto_keep",attribute_flags_short="-O---K",attribute_id="194",attribute_name="Temperature_Celsius",attribute_value_type="value",device="sdd"} 100
smartctl_device_attribute{attribute_flags_long="updated_online,auto_keep",attribute_flags_short="-O---K",attribute_id="194",attribute_name="Temperature_Celsius",attribute_value_type="worst",device="sdd"} 100
smartctl_device_attribute{attribute_flags_long="updated_online,auto_keep",attribute_flags_short="-O---K",attribute_id="224",attribute_name="Load_Friction",attribute_value_type="raw",device="sdd"} 0
smartctl_device_attribute{attribute_flags_long="updated_online,auto_keep",attribute_flags_short="-O---K",attribute_id="224",attribute_name="Load_Friction",attribute_value_type="thresh",device="sdd"} 0
smartctl_device_attribute{attribute_flags_long="updated_online,auto_keep",attribute_flags_short="-O---K",attribute_id="224",attribute_name="Load_Friction",attribute_value_type="value",device="sdd"} 100
smartctl_device_attribute{attribute_flags_long="updated_online,auto_keep",attribute_flags_short="-O---K",attribute_id="224",attribute_name="Load_Friction",attribute_value_type="worst",device="sdd"} 100
smartctl_device_attribute{attribute_flags_long="updated_online,event_count,auto_keep",attribute_flags_short="-O--CK",attribute_id="12",attribute_name="Power_Cycle_Count",attribute_value_type="raw",device="sdd"} 18
smartctl_device_attribute{attribute_flags_long="updated_online,event_count,auto_keep",attribute_flags_short="-O--CK",attribute_id="12",attribute_name="Power_Cycle_Count",attribute_value_type="thresh",device="sdd"} 0
smartctl_device_attribute{attribute_flags_long="updated_online,event_count,auto_keep",attribute_flags_short="-O--CK",attribute_id="12",attribute_name="Power_Cycle_Count",attribute_value_type="value",device="sdd"} 100
smartctl_device_attribute{attribute_flags_long="updated_online,event_count,auto_keep",attribute_flags_short="-O--CK",attribute_id="12",attribute_name="Power_Cycle_Count",attribute_value_type="worst",device="sdd"} 100
smartctl_device_attribute{attribute_flags_long="updated_online,event_count,auto_keep",attribute_flags_short="-O--CK",attribute_id="191",attribute_name="G-Sense_Error_Rate",attribute_value_type="raw",device="sdd"} 4744
smartctl_device_attribute{attribute_flags_long="updated_online,event_count,auto_keep",attribute_flags_short="-O--CK",attribute_id="191",attribute_name="G-Sense_Error_Rate",attribute_value_type="thresh",device="sdd"} 0
smartctl_device_attribute{attribute_flags_long="updated_online,event_count,auto_keep",attribute_flags_short="-O--CK",attribute_id="191",attribute_name="G-Sense_Error_Rate",attribute_value_type="value",device="sdd"} 100
smartctl_device_attribute{attribute_flags_long="updated_online,event_count,auto_keep",attribute_flags_short="-O--CK",attribute_id="191",attribute_name="G-Sense_Error_Rate",attribute_value_type="worst",device="sdd"} 100
smartctl_device_attribute{attribute_flags_long="updated_online,event_count,auto_keep",attribute_flags_short="-O--CK",attribute_id="192",attribute_name="Power-Off_Retract_Count",attribute_value_type="raw",device="sdd"} 11
smartctl_device_attribute{attribute_flags_long="updated_online,event_count,auto_keep",attribute_flags_short="-O--CK",attribute_id="192",attribute_name="Power-Off_Retract_Count",attribute_value_type="thresh",device="sdd"} 0
smartctl_device_attribute{attribute_flags_long="updated_online,event_count,auto_keep",attribute_flags_short="-O--CK",attribute_id="192",attribute_name="Power-Off_Retract_Count",attribute_value_type="value",device="sdd"} 100
smartctl_device_attribute{attribute_flags_long="updated_online,event_count,auto_keep",attribute_flags_short="-O--CK",attribute_id="192",attribute_name="Power-Off_Retract_Count",attribute_value_type="worst",device="sdd"} 100
smartctl_device_attribute{attribute_flags_long="updated_online,event_count,auto_keep",attribute_flags_short="-O--CK",attribute_id="193",attribute_name="Load_Cycle_Count",attribute_value_type="raw",device="sdd"} 32
smartctl_device_attribute{attribute_flags_long="updated_online,event_count,auto_keep",attribute_flags_short="-O--CK",attribute_id="193",attribute_name="Load_Cycle_Count",attribute_value_type="thresh",device="sdd"} 0
smartctl_device_attribute{attribute_flags_long="updated_online,event_count,auto_keep",attribute_flags_short="-O--CK",attribute_id="193",attribute_name="Load_Cycle_Count",attribute_value_type="value",device="sdd"} 100
smartctl_device_attribute{attribute_flags_long="updated_online,event_count,auto_keep",attribute_flags_short="-O--CK",attribute_id="193",attribute_name="Load_Cycle_Count",attribute_value_type="worst",device="sdd"} 100
smartctl_device_attribute{attribute_flags_long="updated_online,event_count,auto_keep",attribute_flags_short="-O--CK",attribute_id="196",attribute_name="Reallocated_Event_Count",attribute_value_type="raw",device="sdd"} 0
smartctl_device_attribute{attribute_flags_long="updated_online,event_count,auto_keep",attribute_flags_short="-O--CK",attribute_id="196",attribute_name="Reallocated_Event_Count",attribute_value_type="thresh",device="sdd"} 0
smartctl_device_attribute{attribute_flags_long="updated_online,event_count,auto_keep",attribute_flags_short="-O--CK",attribute_id="196",attribute_name="Reallocated_Event_Count",attribute_value_type="value",device="sdd"} 100
smartctl_device_attribute{attribute_flags_long="updated_online,event_count,auto_keep",attribute_flags_short="-O--CK",attribute_id="196",attribute_name="Reallocated_Event_Count",attribute_value_type="worst",device="sdd"} 100
smartctl_device_attribute{attribute_flags_long="updated_online,event_count,auto_keep",attribute_flags_short="-O--CK",attribute_id="197",attribute_name="Current_Pending_Sector",attribute_value_type="raw",device="sdd"} 0
smartctl_device_attribute{attribute_flags_long="updated_online,event_count,auto_keep",attribute_flags_short="-O--CK",attribute_id="197",attribute_name="Current_Pending_Sector",attribute_value_type="thresh",device="sdd"} 0
smartctl_device_attribute{attribute_flags_long="updated_online,event_count,auto_keep",attribute_flags_short="-O--CK",attribute_id="197",attribute_name="Current_Pending_Sector",attribute_value_type="value",device="sdd"} 100
smartctl_device_attribute{attribute_flags_long="updated_online,event_count,auto_keep",attribute_flags_short="-O--CK",attribute_id="197",attribute_name="Current_Pending_Sector",attribute_value_type="worst",device="sdd"} 100
smartctl_device_attribute{attribute_flags_long="updated_online,event_count,auto_keep",attribute_flags_short="-O--CK",attribute_id="199",attribute_name="UDMA_CRC_Error_Count",attribute_value_type="raw",device="sdd"} 0
smartctl_device_attribute{attribute_flags_long="updated_online,event_count,auto_keep",attribute_flags_short="-O--CK",attribute_id="199",attribute_name="UDMA_CRC_Error_Count",attribute_value_type="thresh",device="sdd"} 0
smartctl_device_attribute{attribute_flags_long="updated_online,event_count,auto_keep",attribute_flags_short="-O--CK",attribute_id="199",attribute_name="UDMA_CRC_Error_Count",attribute_value_type="value",device="sdd"} 200
smartctl_device_attribute{attribute_flags_long="updated_online,event_count,auto_keep",attribute_flags_short="-O--CK",attribute_id="199",attribute_name="UDMA_CRC_Error_Count",attribute_value_type="worst",device="sdd"} 253
smartctl_device_attribute{attribute_flags_long="updated_online,event_count,auto_keep",attribute_flags_short="-O--CK",attribute_id="222",attribute_name="Loaded_Hours",attribute_value_type="raw",device="sdd"} 38115
smartctl_device_attribute{attribute_flags_long="updated_online,event_count,auto_keep",attribute_flags_short="-O--CK",attribute_id="222",attribute_name="Loaded_Hours",attribute_value_type="thresh",device="sdd"} 0
smartctl_device_attribute{attribute_flags_long="updated_online,event_count,auto_keep",attribute_flags_short="-O--CK",attribute_id="222",attribute_name="Loaded_Hours",attribute_value_type="value",device="sdd"} 5
smartctl_device_attribute{attribute_flags_long="updated_online,event_count,auto_keep",attribute_flags_short="-O--CK",attribute_id="222",attribute_name="Loaded_Hours",attribute_value_type="worst",device="sdd"} 5
smartctl_device_attribute{attribute_flags_long="updated_online,event_count,auto_keep",attribute_flags_short="-O--CK",attribute_id="223",attribute_name="Load_Retry_Count",attribute_value_type="raw",device="sdd"} 0
smartctl_device_attribute{attribute_flags_long="updated_online,event_count,auto_keep",attribute_flags_short="-O--CK",attribute_id="223",attribute_name="Load_Retry_Count",attribute_value_type="thresh",device="sdd"} 0
smartctl_device_attribute{attribute_flags_long="updated_online,event_count,auto_keep",attribute_flags_short="-O--CK",attribute_id="223",attribute_name="Load_Retry_Count",attribute_value_type="value",device="sdd"} 100
smartctl_device_attribute{attribute_flags_long="updated_online,event_count,auto_keep",attribute_flags_short="-O--CK",attribute_id="223",attribute_name="Load_Retry_Count",attribute_value_type="worst",device="sdd"} 100
smartctl_device_attribute{attribute_flags_long="updated_online,event_count,auto_keep",attribute_flags_short="-O--CK",attribute_id="4",attribute_name="Start_Stop_Count",attribute_value_type="raw",device="sdd"} 18
smartctl_device_attribute{attribute_flags_long="updated_online,event_count,auto_keep",attribute_flags_short="-O--CK",attribute_id="4",attribute_name="Start_Stop_Count",attribute_value_type="thresh",device="sdd"} 0
smartctl_device_attribute{attribute_flags_long="updated_online,event_count,auto_keep",attribute_flags_short="-O--CK",attribute_id="4",attribute_name="Start_Stop_Count",attribute_value_type="value",device="sdd"} 100
smartctl_device_attribute{attribute_flags_long="updated_online,event_count,auto_keep",attribute_flags_short="-O--CK",attribute_id="4",attribute_name="Start_Stop_Count",attribute_value_type="worst",device="sdd"} 100
smartctl_device_attribute{attribute_flags_long="updated_online,event_count,auto_keep",attribute_flags_short="-O--CK",attribute_id="9",attribute_name="Power_On_Hours",attribute_value_type="raw",device="sdd"} 38978
smartctl_device_attribute{attribute_flags_long="updated_online,event_count,auto_keep",attribute_flags_short="-O--CK",attribute_id="9",attribute_name="Power_On_Hours",attribute_value_type="thresh",device="sdd"} 0
smartctl_device_attribute{attribute_flags_long="updated_online,event_count,auto_keep",attribute_flags_short="-O--CK",attribute_id="9",attribute_name="Power_On_Hours",attribute_value_type="value",device="sdd"} 3
smartctl_device_attribute{attribute_flags_long="updated_online,event_count,auto_keep",attribute_flags_short="-O--CK",attribute_id="9",attribute_name="Power_On_Hours",attribute_value_type="worst",device="sdd"} 3
smartctl_device_attribute{attribute_flags_long="updated_online,performance,auto_keep",attribute_flags_short="-OS--K",attribute_id="226",attribute_name="Load-in_Time",attribute_value_type="raw",device="sdd"} 643
smartctl_device_attribute{attribute_flags_long="updated_online,performance,auto_keep",attribute_flags_short="-OS--K",attribute_id="226",attribute_name="Load-in_Time",attribute_value_type="thresh",device="sdd"} 0
smartctl_device_attribute{attribute_flags_long="updated_online,performance,auto_keep",attribute_flags_short="-OS--K",attribute_id="226",attribute_name="Load-in_Time",attribute_value_type="value",device="sdd"} 100
smartctl_device_attribute{attribute_flags_long="updated_online,performance,auto_keep",attribute_flags_short="-OS--K",attribute_id="226",attribute_name="Load-in_Time",attribute_value_type="worst",device="sdd"} 100
smartctl_device_block_size{blocks_type="logical",device="sdd"} 512
smartctl_device_block_size{blocks_type="physical",device="sdd"} 4096
smartctl_device_capacity_blocks{device="sdd"} 3.907029168e+09
smartctl_device_capacity_bytes{device="sdd"} 2.000398934016e+12
smartctl_device_error_log_count{device="sdd",error_log_type="summary"} 0
smartctl_device_interface_speed{device="sdd",speed_type="current"} 6e+09
smartctl_device_interface_speed{device="sdd",speed_type="max"} 6e+09
smartctl_device_power_cycle_count{device="sdd"} 18
smartctl_device_power_on_seconds{device="sdd"} 1.403208e+08
smartctl_device_rotation_rate{device="sdd"} 7200
smartctl_device_smart_status{device="sdd"} 1
smartctl_device_smartctl_exit_status{device="sdd"} 0
smartctl_device_temperature{device="sdd",temperature_type="current"} 34
smartctl_device{ata_additional_product_id="unknown",ata_version="ATA8-ACS (minor revision not indicated)",device="sdd",firmware_version="REDACTED",form_factor="3.5 inches",interface="sat",model_family="Toshiba MG04ACA... Enterprise HDD",model_name="TOSHIBA MG04ACA200E",protocol="ATA",sata_version="SATA 3.0",scsi_product="",scsi_revision="",scsi_vendor="",scsi_version="",serial_number="REDACTED"} 1
