smartctl_device_attribute{attribute_flags_long="event_count,auto_keep",attribute_flags_short="----CK",attribute_id="198",attribute_name="Offline_Uncorrectable",attribute_value_type="raw",device="sdi"} 0
smartctl_device_attribute{attribute_flags_long="event_count,auto_keep",attribute_flags_short="----CK",attribute_id="198",attribute_name="Offline_Uncorrectable",attribute_value_type="thresh",device="sdi"} 0
smartctl_device_attribute{attribute_flags_long="event_count,auto_keep",attribute_flags_short="----CK",attribute_id="198",attribute_name="Offline_Uncorrectable",attribute_value_type="value",device="sdi"} 100
smartctl_device_attribute{attribute_flags_long="event_count,auto_keep",attribute_flags_short="----CK",attribute_id="198",attribute_name="Offline_Uncorrectable",attribute_value_type="worst",device="sdi"} 100
smartctl_device_attribute{attribute_flags_long="event_count,auto_keep",attribute_flags_short="----CK",attribute_id="202",attribute_name="Percent_Lifetime_Remain",attribute_value_type="raw",device="sdi"} 1
smartctl_device_attribute{attribute_flags_long="event_count,auto_keep",attribute_flags_short="----CK",attribute_id="202",attribute_name="Percent_Lifetime_Remain",attribute_value_type="thresh",device="sdi"} 1
smartctl_device_attribute{attribute_flags_long="event_count,auto_keep",attribute_flags_short="----CK",attribute_id="202",attribute_name="Percent_Lifetime_Remain",attribute_value_type="value",device="sdi"} 99
smartctl_device_attribute{attribute_flags_long="event_count,auto_keep",attribute_flags_short="----CK",attribute_id="202",attribute_name="Percent_Lifetime_Remain",attribute_value_type="worst",device="sdi"} 99
smartctl_device_attribute{attribute_flags_long="prefailure,updated_online,event_count,auto_keep",attribute_flags_short="PO--CK",attribute_id="170",attribute_name="Reserved_Block_Pct",attribute_value_type="raw",device="sdi"} 0
smartctl_device_attribute{attribute_flags_long="prefailure,updated_online,event_count,auto_keep",attribute_flags_short="PO--CK",attribute_id="170",attribute_name="Reserved_Block_Pct",attribute_value_type="thresh",device="sdi"} 10
smartctl_device_attribute{attribute_flags_long="prefailure,updated_online,event_count,auto_keep",attribute_flags_short="PO--CK",attribute_id="170",attribute_name="Reserved_Block_Pct",attribute_value_type="value",device="sdi"} 100
smartctl_device_attribute{attribute_flags_long="prefailure,updated_online,event_count,auto_keep",attribute_flags_short="PO--CK",attribute_id="170",attribute_name="Reserved_Block_Pct",attribute_value_type="worst",device="sdi"} 100
smartctl_device_attribute{attribute_flags_long="prefailure,updated_online,event_count,auto_keep",attribute_flags_short="PO--CK",attribute_id="180",attribute_name="Unused_Rsvd_Blk_Cnt_Tot",attribute_value_type="raw",device="sdi"} 2983
smartctl_device_attribute{attribute_flags_long="prefailure,updated_online,event_count,auto_keep",attribute_flags_short="PO--CK",attribute_id="180",attribute_name="Unused_Rsvd_Blk_Cnt_Tot",attribute_value_type="thresh",device="sdi"} 0
smartctl_device_attribute{attribute_flags_long="prefailure,updated_online,event_count,auto_keep",attribute_flags_short="PO--CK",attribute_id="180",attribute_name="Unused_Rsvd_Blk_Cnt_Tot",attribute_value_type="value",device="sdi"} 100
smartctl_device_attribute{attribute_flags_long="prefailure,updated_online,event_count,auto_keep",attribute_flags_short="PO--CK",attribute_id="180",attribute_name="Unused_Rsvd_Blk_Cnt_Tot",attribute_value_type="worst",device="sdi"} 100
smartctl_device_attribute{attribute_flags_long="prefailure,updated_online,performance,error_rate,auto_keep",attribute_flags_short="POSR-K",attribute_id="1",attribute_name="Raw_Read_Error_Rate",attribute_value_type="raw",device="sdi"} 0
smartctl_device_attribute{attribute_flags_long="prefailure,updated_online,performance,error_rate,auto_keep",attribute_flags_short="POSR-K",attribute_id="1",attribute_name="Raw_Read_Error_Rate",attribute_value_type="thresh",device="sdi"} 50
smartctl_device_attribute{attribute_flags_long="prefailure,updated_online,performance,error_rate,auto_keep",attribute_flags_short="POSR-K",attribute_id="1",attribute_name="Raw_Read_Error_Rate",attribute_value_type="value",device="sdi"} 100
smartctl_device_attribute{attribute_flags_long="prefailure,updated_online,performance,error_rate,auto_keep",attribute_flags_short="POSR-K",attribute_id="1",attribute_name="Raw_Read_Error_Rate",attribute_value_type="worst",device="sdi"} 100
smartctl_device_attribute{attribute_flags_long="updated_online,auto_keep",attribute_flags_short="-O---K",attribute_id="194",attribute_name="Temperature_Celsius",attribute_value_type="raw",device="sdi"} 1.41734903831e+11
smartctl_device_attribute{attribute_flags_long="updated_online,auto_keep",attribute_flags_short="-O---K",attribute_id="194",attribute_name="Temperature_Celsius",attribute_value_type="thresh",device="sdi"} 0
smartctl_device_attribute{attribute_flags_long="updated_online,auto_keep",attribute_flags_short="-O---K",attribute_id="194",attribute_name="Temperature_Celsius",attribute_value_type="value",device="sdi"} 77
smartctl_device_attribute{attribute_flags_long="updated_online,auto_keep",attribute_flags_short="-O---K",attribute_id="194",attribute_name="Temperature_Celsius",attribute_value_type="worst",device="sdi"} 67
smartctl_device_attribute{attribute_flags_long="updated_online,event_count,auto_keep",attribute_flags_short="-O--CK",attribute_id="12",attribute_name="Power_Cycle_Count",attribute_value_type="raw",device="sdi"} 3
smartctl_device_attribute{attribute_flags_long="updated_online,event_count,auto_keep",attribute_flags_short="-O--CK",attribute_id="12",attribute_name="Power_Cycle_Count",attribute_value_type="thresh",device="sdi"} 1
smartctl_device_attribute{attribute_flags_long="updated_online,event_count,auto_keep",attribute_flags_short="-O--CK",attribute_id="12",attribute_name="Power_Cycle_Count",attribute_value_type="value",device="sdi"} 100
smartctl_device_attribute{attribute_flags_long="updated_online,event_count,auto_keep",attribute_flags_short="-O--CK",attribute_id="12",attribute_name="Power_Cycle_Count",attribute_value_type="worst",device="sdi"} 100
smartctl_device_attribute{attribute_flags_long="updated_online,event_count,auto_keep",attribute_flags_short="-O--CK",attribute_id="171",attribute_name="Program_Fail_Count",attribute_value_type="raw",device="sdi"} 0
smartctl_device_attribute{attribute_flags_long="updated_online,event_count,auto_keep",attribute_flags_short="-O--CK",attribute_id="171",attribute_name="Program_Fail_Count",attribute_value_type="thresh",device="sdi"} 0
smartctl_device_attribute{attribute_flags_long="updated_online,event_count,auto_keep",attribute_flags_short="-O--CK",attribute_id="171",attribute_name="Program_Fail_Count",attribute_value_type="value",device="sdi"} 100
smartctl_device_attribute{attribute_flags_long="updated_online,event_count,auto_keep",attribute_flags_short="-O--CK",attribute_id="171",attribute_name="Program_Fail_Count",attribute_value_type="worst",device="sdi"} 100
smartctl_device_attribute{attribute_flags_long="updated_online,event_count,auto_keep",attribute_flags_short="-O--CK",attribute_id="172",attribute_name="Erase_Fail_Count",attribute_value_type="raw",device="sdi"} 0
smartctl_device_attribute{attribute_flags_long="updated_online,event_count,auto_keep",attribute_flags_short="-O--CK",attribute_id="172",attribute_name="Erase_Fail_Count",attribute_value_type="thresh",device="sdi"} 1
smartctl_device_attribute{attribute_flags_long="updated_online,event_count,auto_keep",attribute_flags_short="-O--CK",attribute_id="172",attribute_name="Erase_Fail_Count",attribute_value_type="value",device="sdi"} 100
smartctl_device_attribute{attribute_flags_long="updated_online,event_count,auto_keep",attribute_flags_short="-O--CK",attribute_id="172",attribute_name="Erase_Fail_Count",attribute_value_type="worst",device="sdi"} 100
smartctl_device_attribute{attribute_flags_long="updated_online,event_count,auto_keep",attribute_flags_short="-O--CK",attribute_id="173",attribute_name="Avg_Block-Erase_Count",attribute_value_type="raw",device="sdi"} 99
smartctl_device_attribute{attribute_flags_long="updated_online,event_count,auto_keep",attribute_flags_short="-O--CK",attribute_id="173",attribute_name="Avg_Block-Erase_Count",attribute_value_type="thresh",device="sdi"} 0
smartctl_device_attribute{attribute_flags_long="updated_online,event_count,auto_keep",attribute_flags_short="-O--CK",attribute_id="173",attribute_name="Avg_Block-Erase_Count",attribute_value_type="value",device="sdi"} 99
smartctl_device_attribute{attribute_flags_long="updated_online,event_count,auto_keep",attribute_flags_short="-O--CK",attribute_id="173",attribute_name="Avg_Block-Erase_Count",attribute_value_type="worst",device="sdi"} 99
smartctl_device_attribute{attribute_flags_long="updated_online,event_count,auto_keep",attribute_flags_short="-O--CK",attribute_id="174",attribute_name="Unexpect_Power_Loss_Ct",attribute_value_type="raw",device="sdi"} 2
smartctl_device_attribute{attribute_flags_long="updated_online,event_count,auto_keep",attribute_flags_short="-O--CK",attribute_id="174",attribute_name="Unexpect_Power_Loss_Ct",attribute_value_type="thresh",device="sdi"} 0
smartctl_device_attribute{attribute_flags_long="updated_online,event_count,auto_keep",attribute_flags_short="-O--CK",attribute_id="174",attribute_name="Unexpect_Power_Loss_Ct",attribute_value_type="value",device="sdi"} 100
smartctl_device_attribute{attribute_flags_long="updated_online,event_count,auto_keep",attribute_flags_short="-O--CK",attribute_id="174",attribute_name="Unexpect_Power_Loss_Ct",attribute_value_type="worst",device="sdi"} 100
smartctl_device_attribute{attribute_flags_long="updated_online,event_count,auto_keep",attribute_flags_short="-O--CK",attribute_id="183",attribute_name="SATA_Int_Downshift_Ct",attribute_value_type="raw",device="sdi"} 0
smartctl_device_attribute{attribute_flags_long="updated_online,event_count,auto_keep",attribute_flags_short="-O--CK",attribute_id="183",attribute_name="SATA_Int_Downshift_Ct",attribute_value_type="thresh",device="sdi"} 0
smartctl_device_attribute{attribute_flags_long="updated_online,event_count,auto_keep",attribute_flags_short="-O--CK",attribute_id="183",attribute_name="SATA_Int_Downshift_Ct",attribute_value_type="value",device="sdi"} 100
smartctl_device_attribute{attribute_flags_long="updated_online,event_count,auto_keep",attribute_flags_short="-O--CK",attribute_id="183",attribute_name="SATA_Int_Downshift_Ct",attribute_value_type="worst",device="sdi"} 100
smartctl_device_attribute{attribute_flags_long="updated_online,event_count,auto_keep",attribute_flags_short="-O--CK",attribute_id="184",attribute_name="End-to-End_Error",attribute_value_type="raw",device="sdi"} 0
smartctl_device_attribute{attribute_flags_long="updated_online,event_count,auto_keep",attribute_flags_short="-O--CK",attribute_id="184",attribute_name="End-to-End_Error",attribute_value_type="thresh",device="sdi"} 0
smartctl_device_attribute{attribute_flags_long="updated_online,event_count,auto_keep",attribute_flags_short="-O--CK",attribute_id="184",attribute_name="End-to-End_Error",attribute_value_type="value",device="sdi"} 100
smartctl_device_attribute{attribute_flags_long="updated_online,event_count,auto_keep",attribute_flags_short="-O--CK",attribute_id="184",attribute_name="End-to-End_Error",attribute_value_type="worst",device="sdi"} 100
smartctl_device_attribute{attribute_flags_long="updated_online,event_count,auto_keep",attribute_flags_short="-O--CK",attribute_id="187",attribute_name="Reported_Uncorrect",attribute_value_type="raw",device="sdi"} 0
smartctl_device_attribute{attribute_flags_long="updated_online,event_count,auto_keep",attribute_flags_short="-O--CK",attribute_id="187",attribute_name="Reported_Uncorrect",attribute_value_type="thresh",device="sdi"} 0
smartctl_device_attribute{attribute_flags_long="updated_online,event_count,auto_keep",attribute_flags_short="-O--CK",attribute_id="187",attribute_name="Reported_Uncorrect",attribute_value_type="value",device="sdi"} 100
smartctl_device_attribute{attribute_flags_long="updated_online,event_count,auto_keep",attribute_flags_short="-O--CK",attribute_id="187",attribute_name="Reported_Uncorrect",attribute_value_type="worst",device="sdi"} 100
smartctl_device_attribute{attribute_flags_long="updated_online,event_count,auto_keep",attribute_flags_short="-O--CK",attribute_id="188",attribute_name="Command_Timeout",attribute_value_type="raw",device="sdi"} 8
smartctl_device_attribute{attribute_flags_long="updated_online,event_count,auto_keep",attribute_flags_short="-O--CK",attribute_id="188",attribute_name="Command_Timeout",attribute_value_type="thresh",device="sdi"} 0
smartctl_device_attribute{attribute_flags_long="updated_online,event_count,auto_keep",attribute_flags_short="-O--CK",attribute_id="188",attribute_name="Command_Timeout",attribute_value_type="value",device="sdi"} 100
smartctl_device_attribute{attribute_flags_long="updated_online,event_count,auto_keep",attribute_flags_short="-O--CK",attribute_id="188",attribute_name="Command_Timeout",attribute_value_type="worst",device="sdi"} 100
smartctl_device_attribute{attribute_flags_long="updated_online,event_count,auto_keep",attribute_flags_short="-O--CK",attribute_id="195",attribute_name="Hardware_ECC_Recovered",attribute_value_type="raw",device="sdi"} 0
smartctl_device_attribute{attribute_flags_long="updated_online,event_count,auto_keep",attribute_flags_short="-O--CK",attribute_id="195",attribute_name="Hardware_ECC_Recovered",attribute_value_type="thresh",device="sdi"} 0
smartctl_device_attribute{attribute_flags_long="updated_online,event_count,auto_keep",attribute_flags_short="-O--CK",attribute_id="195",attribute_name="Hardware_ECC_Recovered",attribute_value_type="value",device="sdi"} 100
smartctl_device_attribute{attribute_flags_long="updated_online,event_count,auto_keep",attribute_flags_short="-O--CK",attribute_id="195",attribute_name="Hardware_ECC_Recovered",attribute_value_type="worst",device="sdi"} 100
smartctl_device_attribute{attribute_flags_long="updated_online,event_count,auto_keep",attribute_flags_short="-O--CK",attribute_id="196",attribute_name="Reallocated_Event_Count",attribute_value_type="raw",device="sdi"} 0
smartctl_device_attribute{attribute_flags_long="updated_online,event_count,auto_keep",attribute_flags_short="-O--CK",attribute_id="196",attribute_name="Reallocated_Event_Count",attribute_value_type="thresh",device="sdi"} 0
smartctl_device_attribute{attribute_flags_long="updated_online,event_count,auto_keep",attribute_flags_short="-O--CK",attribute_id="196",attribute_name="Reallocated_Event_Count",attribute_value_type="value",device="sdi"} 100
smartctl_device_attribute{attribute_flags_long="updated_online,event_count,auto_keep",attribute_flags_short="-O--CK",attribute_id="196",attribute_name="Reallocated_Event_Count",attribute_value_type="worst",device="sdi"} 100
smartctl_device_attribute{attribute_flags_long="updated_online,event_count,auto_keep",attribute_flags_short="-O--CK",attribute_id="197",attribute_name="Current_Pending_Sector",attribute_value_type="raw",device="sdi"} 0
smartctl_device_attribute{attribute_flags_long="updated_online,event_count,auto_keep",attribute_flags_short="-O--CK",attribute_id="197",attribute_name="Current_Pending_Sector",attribute_value_type="thresh",device="sdi"} 0
smartctl_device_attribute{attribute_flags_long="updated_online,event_count,auto_keep",attribute_flags_short="-O--CK",attribute_id="197",attribute_name="Current_Pending_Sector",attribute_value_type="value",device="sdi"} 100
smartctl_device_attribute{attribute_flags_long="updated_online,event_count,auto_keep",attribute_flags_short="-O--CK",attribute_id="197",attribute_name="Current_Pending_Sector",attribute_value_type="worst",device="sdi"} 100
smartctl_device_attribute{attribute_flags_long="updated_online,event_count,auto_keep",attribute_flags_short="-O--CK",attribute_id="199",attribute_name="UDMA_CRC_Error_Count",attribute_value_type="raw",device="sdi"} 0
smartctl_device_attribute{attribute_flags_long="updated_online,event_count,auto_keep",attribute_flags_short="-O--CK",attribute_id="199",attribute_name="UDMA_CRC_Error_Count",attribute_value_type="thresh",device="sdi"} 0
smartctl_device_attribute{attribute_flags_long="updated_online,event_count,auto_keep",attribute_flags_short="-O--CK",attribute_id="199",attribute_name="UDMA_CRC_Error_Count",attribute_value_type="value",device="sdi"} 100
smartctl_device_attribute{attribute_flags_long="updated_online,event_count,auto_keep",attribute_flags_short="-O--CK",attribute_id="199",attribute_name="UDMA_CRC_Error_Count",attribute_value_type="worst",device="sdi"} 100
smartctl_device_attribute{attribute_flags_long="updated_online,event_count,auto_keep",attribute_flags_short="-O--CK",attribute_id="210",attribute_name="RAIN_Success_Recovered",attribute_value_type="raw",device="sdi"} 0
smartctl_device_attribute{attribute_flags_long="updated_online,event_count,auto_keep",attribute_flags_short="-O--CK",attribute_id="210",attribute_name="RAIN_Success_Recovered",attribute_value_type="thresh",device="sdi"} 0
smartctl_device_attribute{attribute_flags_long="updated_online,event_count,auto_keep",attribute_flags_short="-O--CK",attribute_id="210",attribute_name="RAIN_Success_Recovered",attribute_value_type="value",device="sdi"} 100
smartctl_device_attribute{attribute_flags_long="updated_online,event_count,auto_keep",attribute_flags_short="-O--CK",attribute_id="210",attribute_name="RAIN_Success_Recovered",attribute_value_type="worst",device="sdi"} 100
smartctl_device_attribute{attribute_flags_long="updated_online,event_count,auto_keep",attribute_flags_short="-O--CK",attribute_id="211",attribute_name="Integ_Scan_Complete_Cnt",attribute_value_type="raw",device="sdi"} 159
smartctl_device_attribute{attribute_flags_long="updated_online,event_count,auto_keep",attribute_flags_short="-O--CK",attribute_id="211",attribute_name="Integ_Scan_Complete_Cnt",attribute_value_type="thresh",device="sdi"} 0
smartctl_device_attribute{attribute_flags_long="updated_online,event_count,auto_keep",attribute_flags_short="-O--CK",attribute_id="211",attribute_name="Integ_Scan_Complete_Cnt",attribute_value_type="value",device="sdi"} 100
smartctl_device_attribute{attribute_flags_long="updated_online,event_count,auto_keep",attribute_flags_short="-O--CK",attribute_id="211",attribute_name="Integ_Scan_Complete_Cnt",attribute_value_type="worst",device="sdi"} 100
smartctl_device_attribute{attribute_flags_long="updated_online,event_count,auto_keep",attribute_flags_short="-O--CK",attribute_id="212",attribute_name="Integ_Scan_Folding_Cnt",attribute_value_type="raw",device="sdi"} 0
smartctl_device_attribute{attribute_flags_long="updated_online,event_count,auto_keep",attribute_flags_short="-O--CK",attribute_id="212",attribute_name="Integ_Scan_Folding_Cnt",attribute_value_type="thresh",device="sdi"} 0
smartctl_device_attribute{attribute_flags_long="updated_online,event_count,auto_keep",attribute_flags_short="-O--CK",attribute_id="212",attribute_name="Integ_Scan_Folding_Cnt",attribute_value_type="value",device="sdi"} 100
smartctl_device_attribute{attribute_flags_long="updated_online,event_count,auto_keep",attribute_flags_short="-O--CK",attribute_id="212",attribute_name="Integ_Scan_Folding_Cnt",attribute_value_type="worst",device="sdi"} 100
smartctl_device_attribute{attribute_flags_long="updated_online,event_count,auto_keep",attribute_flags_short="-O--CK",attribute_id="246",attribute_name="Total_LBAs_Written",attribute_value_type="raw",device="sdi"} 1.53586889664e+11
smartctl_device_attribute{attribute_flags_long="updated_online,event_count,auto_keep",attribute_flags_short="-O--CK",attribute_id="246",attribute_name="Total_LBAs_Written",attribute_value_type="thresh",device="sdi"} 0
smartctl_device_attribute{attribute_flags_long="updated_online,event_count,auto_keep",attribute_flags_short="-O--CK",attribute_id="246",attribute_name="Total_LBAs_Written",attribute_value_type="value",device="sdi"} 100
smartctl_device_attribute{attribute_flags_long="updated_online,event_count,auto_keep",attribute_flags_short="-O--CK",attribute_id="246",attribute_name="Total_LBAs_Written",attribute_value_type="worst",device="sdi"} 100
smartctl_device_attribute{attribute_flags_long="updated_online,event_count,auto_keep",attribute_flags_short="-O--CK",attribute_id="247",attribute_name="Host_Program_Page_Count",attribute_value_type="raw",device="sdi"} 4.799589736e+09
smartctl_device_attribute{attribute_flags_long="updated_online,event_count,auto_keep",attribute_flags_short="-O--CK",attribute_id="247",attribute_name="Host_Program_Page_Count",attribute_value_type="thresh",device="sdi"} 0
smartctl_device_attribute{attribute_flags_long="updated_online,event_count,auto_keep",attribute_flags_short="-O--CK",attribute_id="247",attribute_name="Host_Program_Page_Count",attribute_value_type="value",device="sdi"} 100
smartctl_device_attribute{attribute_flags_long="updated_online,event_count,auto_keep",attribute_flags_short="-O--CK",attribute_id="247",attribute_name="Host_Program_Page_Count",attribute_value_type="worst",device="sdi"} 100
smartctl_device_attribute{attribute_flags_long="updated_online,event_count,auto_keep",attribute_flags_short="-O--CK",attribute_id="248",attribute_name="Bckgnd_Program_Page_Cnt",attribute_value_type="raw",device="sdi"} 3.340144569e+09
smartctl_device_attribute{attribute_flags_long="updated_online,event_count,auto_keep",attribute_flags_short="-O--CK",attribute_id="248",attribute_name="Bckgnd_Program_Page_Cnt",attribute_value_type="thresh",device="sdi"} 0
smartctl_device_attribute{attribute_flags_long="updated_online,event_count,auto_keep",attribute_flags_short="-O--CK",attribute_id="248",attribute_name="Bckgnd_Program_Page_Cnt",attribute_value_type="value",device="sdi"} 100
smartctl_device_attribute{attribute_flags_long="updated_online,event_count,auto_keep",attribute_flags_short="-O--CK",attribute_id="248",attribute_name="Bckgnd_Program_Page_Cnt",attribute_value_type="worst",device="sdi"} 100
smartctl_device_attribute{attribute_flags_long="updated_online,event_count,auto_keep",attribute_flags_short="-O--CK",attribute_id="5",attribute_name="Reallocated_Sector_Ct",attribute_value_type="raw",device="sdi"} 0
smartctl_device_attribute{attribute_flags_long="updated_online,event_count,auto_keep",attribute_flags_short="-O--CK",attribute_id="5",attribute_name="Reallocated_Sector_Ct",attribute_value_type="thresh",device="sdi"} 1
smartctl_device_attribute{attribute_flags_long="updated_online,event_count,auto_keep",attribute_flags_short="-O--CK",attribute_id="5",attribute_name="Reallocated_Sector_Ct",attribute_value_type="value",device="sdi"} 100
smartctl_device_attribute{attribute_flags_long="updated_online,event_count,auto_keep",attribute_flags_short="-O--CK",attribute_id="5",attribute_name="Reallocated_Sector_Ct",attribute_value_type="worst",device="sdi"} 100
smartctl_device_attribute{attribute_flags_long="updated_online,event_count,auto_keep",attribute_flags_short="-O--CK",attribute_id="9",attribute_name="Power_On_Hours",attribute_value_type="raw",device="sdi"} 26409
smartctl_device_attribute{attribute_flags_long="updated_online,event_count,auto_keep",attribute_flags_short="-O--CK",attribute_id="9",attribute_name="Power_On_Hours",attribute_value_type="thresh",device="sdi"} 0
smartctl_device_attribute{attribute_flags_long="updated_online,event_count,auto_keep",attribute_flags_short="-O--CK",attribute_id="9",attribute_name="Power_On_Hours",attribute_value_type="value",device="sdi"} 100
smartctl_device_attribute{attribute_flags_long="updated_online,event_count,auto_keep",attribute_flags_short="-O--CK",attribute_id="9",attribute_name="Power_On_Hours",attribute_value_type="worst",device="sdi"} 100
smartctl_device_attribute{attribute_flags_long="updated_online,performance,error_rate",attribute_flags_short="-OSR--",attribute_id="206",attribute_name="Write_Error_Rate",attribute_value_type="raw",device="sdi"} 0
smartctl_device_attribute{attribute_flags_long="updated_online,performance,error_rate",attribute_flags_short="-OSR--",attribute_id="206",attribute_name="Write_Error_Rate",attribute_value_type="thresh",device="sdi"} 0
smartctl_device_attribute{attribute_flags_long="updated_online,performance,error_rate",attribute_flags_short="-OSR--",attribute_id="206",attribute_name="Write_Error_Rate",attribute_value_type="value",device="sdi"} 100
smartctl_device_attribute{attribute_flags_long="updated_online,performance,error_rate",attribute_flags_short="-OSR--",attribute_id="206",attribute_name="Write_Error_Rate",attribute_value_type="worst",device="sdi"} 100
smartctl_device_block_size{blocks_type="logical",device="sdi"} 512
smartctl_device_block_size{blocks_type="physical",device="sdi"} 4096
smartctl_device_capacity_blocks{device="sdi"} 1.875385008e+09
smartctl_device_capacity_bytes{device="sdi"} 9.60197124096e+11
smartctl_device_error_log_count{device="sdi",error_log_type="summary"} 0
smartctl_device_interface_speed{device="sdi",speed_type="current"} 6e+09
smartctl_device_interface_speed{device="sdi",speed_type="max"} 6e+09
smartctl_device_power_cycle_count{device="sdi"} 3
smartctl_device_power_on_seconds{device="sdi"} 9.50724e+07
smartctl_device_smart_status{device="sdi"} 1
smartctl_device_smartctl_exit_status{device="sdi"} 0
smartctl_device_temperature{device="sdi",temperature_type="current"} 23
smartctl_device{ata_additional_product_id="unknown",ata_version="ACS-4 (minor revision not indicated)",device="sdi",firmware_version="REDACTED",form_factor="2.5 inches",interface="sat",model_family="Micron 5100 Pro / 52x0 / 5300 SSDs",model_name="Micron_5300_MTFDDAK960TDS",protocol="ATA",sata_version="SATA 3.3",scsi_product="",scsi_revision="",scsi_vendor="",scsi_version="",serial_number="REDACTED"} 1
