smartctl_device_attribute{attribute_flags_long="error_rate",attribute_flags_short="---R--",attribute_id="198",attribute_name="Offline_Uncorrectable",attribute_value_type="raw",device="sdr"} 0
smartctl_device_attribute{attribute_flags_long="error_rate",attribute_flags_short="---R--",attribute_id="198",attribute_name="Offline_Uncorrectable",attribute_value_type="thresh",device="sdr"} 0
smartctl_device_attribute{attribute_flags_long="error_rate",attribute_flags_short="---R--",attribute_id="198",attribute_name="Offline_Uncorrectable",attribute_value_type="value",device="sdr"} 100
smartctl_device_attribute{attribute_flags_long="error_rate",attribute_flags_short="---R--",attribute_id="198",attribute_name="Offline_Uncorrectable",attribute_value_type="worst",device="sdr"} 100
smartctl_device_attribute{attribute_flags_long="prefailure,performance",attribute_flags_short="P-S---",attribute_id="2",attribute_name="Throughput_Performance",attribute_value_type="raw",device="sdr"} 90
smartctl_device_attribute{attribute_flags_long="prefailure,performance",attribute_flags_short="P-S---",attribute_id="2",attribute_name="Throughput_Performance",attribute_value_type="thresh",device="sdr"} 54
smartctl_device_attribute{attribute_flags_long="prefailure,performance",attribute_flags_short="P-S---",attribute_id="2",attribute_name="Throughput_Performance",attribute_value_type="value",device="sdr"} 137
smartctl_device_attribute{attribute_flags_long="prefailure,performance",attribute_flags_short="P-S---",attribute_id="2",attribute_name="Throughput_Performance",attribute_value_type="worst",device="sdr"} 137
smartctl_device_attribute{attribute_flags_long="prefailure,performance",attribute_flags_short="P-S---",attribute_id="8",attribute_name="Seek_Time_Performance",attribute_value_type="raw",device="sdr"} 28
smartctl_device_attribute{attribute_flags_long="prefailure,performance",attribute_flags_short="P-S---",attribute_id="8",attribute_name="Seek_Time_Performance",attribute_value_type="thresh",device="sdr"} 20
smartctl_device_attribute{attribute_flags_long="prefailure,performance",attribute_flags_short="P-S---",attribute_id="8",attribute_name="Seek_Time_Performance",attribute_value_type="value",device="sdr"} 144
smartctl_device_attribute{attribute_flags_long="prefailure,performance",attribute_flags_short="P-S---",attribute_id="8",attribute_name="Seek_Time_Performance",attribute_value_type="worst",device="sdr"} 144
smartctl_device_attribute{attribute_flags_long="prefailure,updated_online,error_rate",attribute_flags_short="PO-R--",attribute_id="1",attribute_name="Raw_Read_Error_Rate",attribute_value_type="raw",device="sdr"} 0
smartctl_device_attribute{attribute_flags_long="prefailure,updated_online,error_rate",attribute_flags_short="PO-R--",attribute_id="1",attribute_name="Raw_Read_Error_Rate",attribute_value_type="thresh",device="sdr"} 16
smartctl_device_attribute{attribute_flags_long="prefailure,updated_online,error_rate",attribute_flags_short="PO-R--",attribute_id="1",attribute_name="Raw_Read_Error_Rate",attribute_value_type="value",device="sdr"} 100
smartctl_device_attribute{attribute_flags_long="prefailure,updated_online,error_rate",attribute_flags_short="PO-R--",attribute_id="1",attribute_name="Raw_Read_Error_Rate",attribute_value_type="worst",device="sdr"} 100
smartctl_device_attribute{attribute_flags_long="prefailure,updated_online,error_rate",attribute_flags_short="PO-R--",attribute_id="7",attribute_name="Seek_Error_Rate",attribute_value_type="raw",device="sdr"} 0
smartctl_device_attribute{attribute_flags_long="prefailure,updated_online,error_rate",attribute_flags_short="PO-R--",attribute_id="7",attribute_name="Seek_Error_Rate",attribute_value_type="thresh",device="sdr"} 67
smartctl_device_attribute{attribute_flags_long="prefailure,updated_online,error_rate",attribute_flags_short="PO-R--",attribute_id="7",attribute_name="Seek_Error_Rate",attribute_value_type="value",device="sdr"} 100
smartctl_device_attribute{attribute_flags_long="prefailure,updated_online,error_rate",attribute_flags_short="PO-R--",attribute_id="7",attribute_name="Seek_Error_Rate",attribute_value_type="worst",device="sdr"} 100
smartctl_device_attribute{attribute_flags_long="prefailure,updated_online,event_count",attribute_flags_short="PO--C-",attribute_id="10",attribute_name="Spin_Retry_Count",attribute_value_type="raw",device="sdr"} 0
smartctl_device_attribute{attribute_flags_long="prefailure,updated_online,event_count",attribute_flags_short="PO--C-",attribute_id="10",attribute_name="Spin_Retry_Count",attribute_value_type="thresh",device="sdr"} 60
smartctl_device_attribute{attribute_flags_long="prefailure,updated_online,event_count",attribute_flags_short="PO--C-",attribute_id="10",attribute_name="Spin_Retry_Count",attribute_value_type="value",device="sdr"} 100
smartctl_device_attribute{attribute_flags_long="prefailure,updated_online,event_count",attribute_flags_short="PO--C-",attribute_id="10",attribute_name="Spin_Retry_Count",attribute_value_type="worst",device="sdr"} 100
smartctl_device_attribute{attribute_flags_long="prefailure,updated_online,event_count,auto_keep",attribute_flags_short="PO--CK",attribute_id="5",attribute_name="Reallocated_Sector_Ct",attribute_value_type="raw",device="sdr"} 0
smartctl_device_attribute{attribute_flags_long="prefailure,updated_online,event_count,auto_keep",attribute_flags_short="PO--CK",attribute_id="5",attribute_name="Reallocated_Sector_Ct",attribute_value_type="thresh",device="sdr"} 5
smartctl_device_attribute{attribute_flags_long="prefailure,updated_online,event_count,auto_keep",attribute_flags_short="PO--CK",attribute_id="5",attribute_name="Reallocated_Sector_Ct",attribute_value_type="value",device="sdr"} 100
smartctl_device_attribute{attribute_flags_long="prefailure,updated_online,event_count,auto_keep",attribute_flags_short="PO--CK",attribute_id="5",attribute_name="Reallocated_Sector_Ct",attribute_value_type="worst",device="sdr"} 100
smartctl_device_attribute{attribute_flags_long="prefailure,updated_online,performance",attribute_flags_short="POS---",attribute_id="3",attribute_name="Spin_Up_Time",attribute_value_type="raw",device="sdr"} 2.5789989173e+10
smartctl_device_attribute{attribute_flags_long="prefailure,updated_online,performance",attribute_flags_short="POS---",attribute_id="3",attribute_name="Spin_Up_Time",attribute_value_type="thresh",device="sdr"} 24
smartctl_device_attribute{attribute_flags_long="prefailure,updated_online,performance",attribute_flags_short="POS---",attribute_id="3",attribute_name="Spin_Up_Time",attribute_value_type="value",device="sdr"} 123
smartctl_device_attribute{attribute_flags_long="prefailure,updated_online,performance",attribute_flags_short="POS---",attribute_id="3",attribute_name="Spin_Up_Time",attribute_value_type="worst",device="sdr"} 123
smartctl_device_attribute{attribute_flags_long="updated_online",attribute_flags_short="-O----",attribute_id="194",attribute_name="Temperature_Celsius",attribute_value_type="raw",device="sdr"} 1.6320993692e+11
smartctl_device_attribute{attribute_flags_long="updated_online",attribute_flags_short="-O----",attribute_id="194",attribute_name="Temperature_Celsius",attribute_value_type="thresh",device="sdr"} 0
smartctl_device_attribute{attribute_flags_long="updated_online",attribute_flags_short="-O----",attribute_id="194",attribute_name="Temperature_Celsius",attribute_value_type="value",device="sdr"} 250
smartctl_device_attribute{attribute_flags_long="updated_online",attribute_flags_short="-O----",attribute_id="194",attribute_name="Temperature_Celsius",attribute_value_type="worst",device="sdr"} 250
smartctl_device_attribute{attribute_flags_long="updated_online,auto_keep",attribute_flags_short="-O---K",attribute_id="197",attribute_name="Current_Pending_Sector",attribute_value_type="raw",device="sdr"} 0
smartctl_device_attribute{attribute_flags_long="updated_online,auto_keep",attribute_flags_short="-O---K",attribute_id="197",attribute_name="Current_Pending_Sector",attribute_value_type="thresh",device="sdr"} 0
smartctl_device_attribute{attribute_flags_long="updated_online,auto_keep",attribute_flags_short="-O---K",attribute_id="197",attribute_name="Current_Pending_Sector",attribute_value_type="value",device="sdr"} 100
smartctl_device_attribute{attribute_flags_long="updated_online,auto_keep",attribute_flags_short="-O---K",attribute_id="197",attribute_name="Current_Pending_Sector",attribute_value_type="worst",device="sdr"} 100
smartctl_device_attribute{attribute_flags_long="updated_online,error_rate",attribute_flags_short="-O-R--",attribute_id="199",attribute_name="UDMA_CRC_Error_Count",attribute_value_type="raw",device="sdr"} 0
smartctl_device_attribute{attribute_flags_long="updated_online,error_rate",attribute_flags_short="-O-R--",attribute_id="199",attribute_name="UDMA_CRC_Error_Count",attribute_value_type="thresh",device="sdr"} 0
smartctl_device_attribute{attribute_flags_long="updated_online,error_rate",attribute_flags_short="-O-R--",attribute_id="199",attribute_name="UDMA_CRC_Error_Count",attribute_value_type="value",device="sdr"} 200
smartctl_device_attribute{attribute_flags_long="updated_online,error_rate",attribute_flags_short="-O-R--",attribute_id="199",attribute_name="UDMA_CRC_Error_Count",attribute_value_type="worst",device="sdr"} 200
smartctl_device_attribute{attribute_flags_long="updated_online,event_count",attribute_flags_short="-O--C-",attribute_id="193",attribute_name="Load_Cycle_Count",attribute_value_type="raw",device="sdr"} 87
smartctl_device_attribute{attribute_flags_long="updated_online,event_count",attribute_flags_short="-O--C-",attribute_id="193",attribute_name="Load_Cycle_Count",attribute_value_type="thresh",device="sdr"} 0
smartctl_device_attribute{attribute_flags_long="updated_online,event_count",attribute_flags_short="-O--C-",attribute_id="193",attribute_name="Load_Cycle_Count",attribute_value_type="value",device="sdr"} 100
smartctl_device_attribute{attribute_flags_long="updated_online,event_count",attribute_flags_short="-O--C-",attribute_id="193",attribute_name="Load_Cycle_Count",attribute_value_type="worst",device="sdr"} 100
smartctl_device_attribute{attribute_flags_long="updated_online,event_count",attribute_flags_short="-O--C-",attribute_id="4",attribute_name="Start_Stop_Count",attribute_value_type="raw",device="sdr"} 34
smartctl_device_attribute{attribute_flags_long="updated_online,event_count",attribute_flags_short="-O--C-",attribute_id="4",attribute_name="Start_Stop_Count",attribute_value_type="thresh",device="sdr"} 0
smartctl_device_attribute{attribute_flags_long="updated_online,event_count",attribute_flags_short="-O--C-",attribute_id="4",attribute_name="Start_Stop_Count",attribute_value_type="value",device="sdr"} 100
smartctl_device_attribute{attribute_flags_long="updated_online,event_count",attribute_flags_short="-O--C-",attribute_id="4",attribute_name="Start_Stop_Count",attribute_value_type="worst",device="sdr"} 100
smartctl_device_attribute{attribute_flags_long="updated_online,event_count",attribute_flags_short="-O--C-",attribute_id="9",attribute_name="Power_On_Hours",attribute_value_type="raw",device="sdr"} 54978
smartctl_device_attribute{attribute_flags_long="updated_online,event_count",attribute_flags_short="-O--C-",attribute_id="9",attribute_name="Power_On_Hours",attribute_value_type="thresh",device="sdr"} 0
smartctl_device_attribute{attribute_flags_long="updated_online,event_count",attribute_flags_short="-O--C-",attribute_id="9",attribute_name="Power_On_Hours",attribute_value_type="value",device="sdr"} 93
smartctl_device_attribute{attribute_flags_long="updated_online,event_count",attribute_flags_short="-O--C-",attribute_id="9",attribute_name="Power_On_Hours",attribute_value_type="worst",device="sdr"} 93
smartctl_device_attribute{attribute_flags_long="updated_online,event_count,auto_keep",attribute_flags_short="-O--CK",attribute_id="12",attribute_name="Power_Cycle_Count",attribute_value_type="raw",device="sdr"} 34
smartctl_device_attribute{attribute_flags_long="updated_online,event_count,auto_keep",attribute_flags_short="-O--CK",attribute_id="12",attribute_name="Power_Cycle_Count",attribute_value_type="thresh",device="sdr"} 0
smartctl_device_attribute{attribute_flags_long="updated_online,event_count,auto_keep",attribute_flags_short="-O--CK",attribute_id="12",attribute_name="Power_Cycle_Count",attribute_value_type="value",device="sdr"} 100
smartctl_device_attribute{attribute_flags_long="updated_online,event_count,auto_keep",attribute_flags_short="-O--CK",attribute_id="12",attribute_name="Power_Cycle_Count",attribute_value_type="worst",device="sdr"} 100
smartctl_device_attribute{attribute_flags_long="updated_online,event_count,auto_keep",attribute_flags_short="-O--CK",attribute_id="192",attribute_name="Power-Off_Retract_Count",attribute_value_type="raw",device="sdr"} 87
smartctl_device_attribute{attribute_flags_long="updated_online,event_count,auto_keep",attribute_flags_short="-O--CK",attribute_id="192",attribute_name="Power-Off_Retract_Count",attribute_value_type="thresh",device="sdr"} 0
smartctl_device_attribute{attribute_flags_long="updated_online,event_count,auto_keep",attribute_flags_short="-O--CK",attribute_id="192",attribute_name="Power-Off_Retract_Count",attribute_value_type="value",device="sdr"} 100
smartctl_device_attribute{attribute_flags_long="updated_online,event_count,auto_keep",attribute_flags_short="-O--CK",attribute_id="192",attribute_name="Power-Off_Retract_Count",attribute_value_type="worst",device="sdr"} 100
smartctl_device_attribute{attribute_flags_long="updated_online,event_count,auto_keep",attribute_flags_short="-O--CK",attribute_id="196",attribute_name="Reallocated_Event_Count",attribute_value_type="raw",device="sdr"} 0
smartctl_device_attribute{attribute_flags_long="updated_online,event_count,auto_keep",attribute_flags_short="-O--CK",attribute_id="196",attribute_name="Reallocated_Event_Count",attribute_value_type="thresh",device="sdr"} 0
smartctl_device_attribute{attribute_flags_long="updated_online,event_count,auto_keep",attribute_flags_short="-O--CK",attribute_id="196",attribute_name="Reallocated_Event_Count",attribute_value_type="value",device="sdr"} 100
smartctl_device_attribute{attribute_flags_long="updated_online,event_count,auto_keep",attribute_flags_short="-O--CK",attribute_id="196",attribute_name="Reallocated_Event_Count",attribute_value_type="worst",device="sdr"} 100
smartctl_device_block_size{blocks_type="logical",device="sdr"} 512
smartctl_device_block_size{blocks_type="physical",device="sdr"} 512
smartctl_device_capacity_blocks{device="sdr"} 1.953525168e+09
smartctl_device_capacity_bytes{device="sdr"} 1.000204886016e+12
smartctl_device_error_log_count{device="sdr",error_log_type="summary"} 0
smartctl_device_interface_speed{device="sdr",speed_type="max"} 3e+09
smartctl_device_power_cycle_count{device="sdr"} 34
smartctl_device_power_on_seconds{device="sdr"} 1.979208e+08
smartctl_device_rotation_rate{device="sdr"} 7200
smartctl_device_smart_status{device="sdr"} 1
smartctl_device_smartctl_exit_status{device="sdr"} 0
smartctl_device_temperature{device="sdr",temperature_type="current"} 24
smartctl_device{ata_additional_product_id="unknown",ata_version="ATA8-ACS T13/1699-D revision 4",device="sdr",firmware_version="REDACTED",form_factor="3.5 inches",interface="sat",model_family="Hitachi Ultrastar A7K2000",model_name="Hitachi HUA722010CLA330",protocol="ATA",sata_version="SATA 2.6",scsi_product="",scsi_revision="",scsi_vendor="",scsi_version="",serial_number="REDACTED"} 1
