smartctl_device_block_size{blocks_type="logical",device="sdb"} 512
smartctl_device_block_size{blocks_type="physical",device="sdb"} 0
smartctl_device_bytes_read{device="sdb"} 1.1523849e+13
smartctl_device_bytes_written{device="sdb"} 1.1151772e+13
smartctl_device_capacity_blocks{device="sdb"} 1.4337465e+08
smartctl_device_capacity_bytes{device="sdb"} 7.34078208e+10
smartctl_device_power_on_seconds{device="sdb"} 3.7037154e+08
smartctl_device_rotation_rate{device="sdb"} 15015
smartctl_device_smart_status{device="sdb"} 1
smartctl_device_smartctl_exit_status{device="sdb"} 0
smartctl_device_temperature{device="sdb",temperature_type="current"} 33
smartctl_device_temperature{device="sdb",temperature_type="drive_trip"} 68
smartctl_device{ata_additional_product_id="unknown",ata_version="",device="sdb",firmware_version="",form_factor="",interface="scsi",model_family="unknown",model_name="SEAGATE ST373453LC",protocol="SCSI",sata_version="",scsi_product="ST373453LC",scsi_revision="DX10",scsi_vendor="SEAGATE",scsi_version="",serial_number="REDACTED"} 1
smartctl_read_errors_corrected_by_eccdelayed{device="sdb"} 1
smartctl_read_errors_corrected_by_eccfast{device="sdb"} 5.330255e+06
smartctl_read_errors_corrected_by_rereads_rewrites{device="sdb"} 41
smartctl_read_total_uncorrected_errors{device="sdb"} 1
smartctl_scsi_grown_defect_list{device="sdb"} 260
smartctl_write_errors_corrected_by_eccdelayed{device="sdb"} 0
smartctl_write_errors_corrected_by_eccfast{device="sdb"} 0
smartctl_write_errors_corrected_by_rereads_rewrites{device="sdb"} 1973
smartctl_write_total_uncorrected_errors{device="sdb"} 535
